2026-10-03T11:03:00.613Z	info	otelconftelemetry/tracer.go:47	Internal trace telemetry disabled	{"resource": {"service.instance.id": "2d3fe52b-3aa6-435a-8aa9-46b821d77be5", "service.name": "otelcol", "service.version": "0.162.0"}}
2026-10-03T11:03:00.615Z	info	service@v0.162.0/service.go:233	Starting otelcol...	{"resource": {"service.instance.id": "2d3fe52b-3aa6-435a-8aa9-46b821d77be5", "service.name": "otelcol", "service.version": "0.162.0"}, "Version": "0.162.0", "NumCPU": 4}
2026-10-03T11:03:00.615Z	info	extensions/extensions.go:43	Starting extensions...	{"resource": {"service.instance.id": "2d3fe52b-3aa6-435a-8aa9-46b821d77be5", "service.name": "otelcol", "service.version": "0.162.0"}}
2026-10-03T11:03:00.615Z	info	otlpreceiver@v0.162.0/otlp.go:175	Starting HTTP server	{"resource": {"service.instance.id": "2d3fe52b-3aa6-435a-8aa9-46b821d77be5", "service.name": "otelcol", "service.version": "0.162.0"}, "otelcol.component.id": "otlp", "otelcol.component.kind": "receiver", "endpoint": "[::]:4318"}
2026-10-03T11:03:00.615Z	info	service@v0.162.0/service.go:256	Everything is ready. Begin running and processing data.	{"resource": {"service.instance.id": "2d3fe52b-3aa6-435a-8aa9-46b821d77be5", "service.name": "otelcol", "service.version": "0.162.0"}}
2026-10-03T11:03:00.639Z	info	Traces	{"resource": {"service.instance.id": "2d3fe52b-3aa6-435a-8aa9-46b821d77be5", "service.name": "otelcol", "service.version": "0.162.0"}, "otelcol.component.id": "debug", "otelcol.component.kind": "exporter", "otelcol.signal": "traces", "resource spans": 1, "spans": 1}
2026-10-03T11:03:00.639Z	info	ResourceSpans #0
Resource SchemaURL: 
Resource attributes:
     -> service.name: Str(airlock)
ScopeSpans #0
ScopeSpans SchemaURL: 
InstrumentationScope airlock.audit 1
Span #0
    Trace ID       : 255a614ca74e4c9393e9c70d35b98108
    Parent ID      : 
    ID             : e38f31fbad79a17d
    Name           : action.evaluated
    Kind           : Internal
    Start time     : 2026-10-03 11:03:00.599786816 +0000 UTC
    End time       : 2026-10-03 11:03:00.618818816 +0000 UTC
    Status code    : Unset
    Status message : 
    DroppedAttributesCount: 0
    DroppedEventsCount: 0
    DroppedLinksCount: 0
Attributes:
     -> airlock.action_id: Str(93f47f19522c492c8d17d2e56b36f90a)
     -> airlock.state: Str(pending)
     -> airlock.request_id: Str(a0ca7f82385a4e1b9a39ad2f2b717bc7)
	{"resource": {"service.instance.id": "2d3fe52b-3aa6-435a-8aa9-46b821d77be5", "service.name": "otelcol", "service.version": "0.162.0"}, "otelcol.component.id": "debug", "otelcol.component.kind": "exporter", "otelcol.signal": "traces"}
