FF.                                                                      [100%]
================================== FAILURES ===================================
_____ test_batch_invalid_reason_is_rejected_before_member_decisions[   ] ______

settings = Settings(database=WindowsPath('C:/Users/27363/AppData/Local/Temp/pytest-of-27363/pytest-424/test_batch_invalid_reason_...one, audit_anchor_file=None, otlp_url=None, otlp_allow_loopback=False, budget_units=10000, budget_window_seconds=86400)
reason = '   '

    @pytest.mark.parametrize('reason', ['   ', '\t\r\n', 'review \ud800'])
    def test_batch_invalid_reason_is_rejected_before_member_decisions(settings, reason):
        with TestClient(create_app(settings), base_url=settings.origin, raise_server_exceptions=False) as client:
            gate = client.app.state.gate
            gate.clock = lambda: 1000.0
            action = gate.submit(call())
            group = gate.groups('reviewer:owner')[0]
            body = batch(group).model_dump()
            body['reason'] = reason
            response = client.post('/v1/groups/decision', content=json.dumps(body),
                headers={'Authorization': 'Bearer ' + settings.reviewer_token, 'Content-Type': 'application/json'})
>           assert response.status_code == 422
E           assert 500 == 422
E            +  where 500 = <Response [500 Internal Server Error]>.status_code

tests\test_governance_integrity.py:56: AssertionError
____ test_batch_invalid_reason_is_rejected_before_member_decisions[\t\r\n] ____

settings = Settings(database=WindowsPath('C:/Users/27363/AppData/Local/Temp/pytest-of-27363/pytest-424/test_batch_invalid_reason_...one, audit_anchor_file=None, otlp_url=None, otlp_allow_loopback=False, budget_units=10000, budget_window_seconds=86400)
reason = '\t\r\n'

    @pytest.mark.parametrize('reason', ['   ', '\t\r\n', 'review \ud800'])
    def test_batch_invalid_reason_is_rejected_before_member_decisions(settings, reason):
        with TestClient(create_app(settings), base_url=settings.origin, raise_server_exceptions=False) as client:
            gate = client.app.state.gate
            gate.clock = lambda: 1000.0
            action = gate.submit(call())
            group = gate.groups('reviewer:owner')[0]
            body = batch(group).model_dump()
            body['reason'] = reason
            response = client.post('/v1/groups/decision', content=json.dumps(body),
                headers={'Authorization': 'Bearer ' + settings.reviewer_token, 'Content-Type': 'application/json'})
>           assert response.status_code == 422
E           assert 500 == 422
E            +  where 500 = <Response [500 Internal Server Error]>.status_code

tests\test_governance_integrity.py:56: AssertionError
============================== warnings summary ===============================
.venv\Lib\site-packages\fastapi\testclient.py:1
  C:\Users\27363\Desktop\airlock\.venv\Lib\site-packages\fastapi\testclient.py:1: StarletteDeprecationWarning: Using `httpx` with `starlette.testclient` is deprecated; install `httpx2` instead.
    from starlette.testclient import TestClient as TestClient  # noqa

-- Docs: https://docs.pytest.org/en/stable/how-to/capture-warnings.html
=========================== short test summary info ===========================
FAILED tests/test_governance_integrity.py::test_batch_invalid_reason_is_rejected_before_member_decisions[   ]
FAILED tests/test_governance_integrity.py::test_batch_invalid_reason_is_rejected_before_member_decisions[\t\r\n]
2 failed, 1 passed, 1 deselected, 1 warning in 0.70s
