FFFFF                                                                    [100%]
================================== FAILURES ===================================
_ test_ambiguous_otlp_acknowledgement_retains_unsent_span[{"partialSuccess":{"rejectedSpans":1},"partialSuccess":{}}] _

settings = Settings(database=WindowsPath('C:/Users/27363/AppData/Local/Temp/pytest-of-27363/pytest-434/test_ambiguous_otlp_acknow...one, audit_anchor_file=None, otlp_url=None, otlp_allow_loopback=False, budget_units=10000, budget_window_seconds=86400)
body = b'{"partialSuccess":{"rejectedSpans":1},"partialSuccess":{}}'

    @pytest.mark.parametrize('body', [
        b'{"partialSuccess":{"rejectedSpans":1},"partialSuccess":{}}',
        b'{"unexpected":NaN}', b'{"unexpected":"\\ud800"}',
    ])
    def test_ambiguous_otlp_acknowledgement_retains_unsent_span(settings, body):
        with collector(body) as url:
            gate = Gate(replace(settings, otlp_url=url, otlp_allow_loopback=True))
            action = gate.submit(call())
>           assert telemetry.export(gate.store)['status'] == 'retryable_error'
E           AssertionError: assert 'ok' == 'retryable_error'
E             
E             - retryable_error
E             + ok

tests\test_telemetry_integrity.py:59: AssertionError
_ test_ambiguous_otlp_acknowledgement_retains_unsent_span[{"unexpected":NaN}] _

settings = Settings(database=WindowsPath('C:/Users/27363/AppData/Local/Temp/pytest-of-27363/pytest-434/test_ambiguous_otlp_acknow...one, audit_anchor_file=None, otlp_url=None, otlp_allow_loopback=False, budget_units=10000, budget_window_seconds=86400)
body = b'{"unexpected":NaN}'

    @pytest.mark.parametrize('body', [
        b'{"partialSuccess":{"rejectedSpans":1},"partialSuccess":{}}',
        b'{"unexpected":NaN}', b'{"unexpected":"\\ud800"}',
    ])
    def test_ambiguous_otlp_acknowledgement_retains_unsent_span(settings, body):
        with collector(body) as url:
            gate = Gate(replace(settings, otlp_url=url, otlp_allow_loopback=True))
            action = gate.submit(call())
>           assert telemetry.export(gate.store)['status'] == 'retryable_error'
E           AssertionError: assert 'ok' == 'retryable_error'
E             
E             - retryable_error
E             + ok

tests\test_telemetry_integrity.py:59: AssertionError
_ test_ambiguous_otlp_acknowledgement_retains_unsent_span[{"unexpected":"\ud800"}] _

settings = Settings(database=WindowsPath('C:/Users/27363/AppData/Local/Temp/pytest-of-27363/pytest-434/test_ambiguous_otlp_acknow...one, audit_anchor_file=None, otlp_url=None, otlp_allow_loopback=False, budget_units=10000, budget_window_seconds=86400)
body = b'{"unexpected":"\\ud800"}'

    @pytest.mark.parametrize('body', [
        b'{"partialSuccess":{"rejectedSpans":1},"partialSuccess":{}}',
        b'{"unexpected":NaN}', b'{"unexpected":"\\ud800"}',
    ])
    def test_ambiguous_otlp_acknowledgement_retains_unsent_span(settings, body):
        with collector(body) as url:
            gate = Gate(replace(settings, otlp_url=url, otlp_allow_loopback=True))
            action = gate.submit(call())
>           assert telemetry.export(gate.store)['status'] == 'retryable_error'
E           AssertionError: assert 'ok' == 'retryable_error'
E             
E             - retryable_error
E             + ok

tests\test_telemetry_integrity.py:59: AssertionError
____ test_concurrent_otlp_acknowledgements_count_each_persisted_span_once _____

settings = Settings(database=WindowsPath('C:/Users/27363/AppData/Local/Temp/pytest-of-27363/pytest-434/test_concurrent_otlp_ackno...one, audit_anchor_file=None, otlp_url=None, otlp_allow_loopback=False, budget_units=10000, budget_window_seconds=86400)

    def test_concurrent_otlp_acknowledgements_count_each_persisted_span_once(settings):
        with collector(barrier=threading.Barrier(2)) as url:
            gate = Gate(replace(settings, otlp_url=url, otlp_allow_loopback=True))
            action = gate.submit(call())
            with ThreadPoolExecutor(max_workers=2) as pool:
                futures = [pool.submit(telemetry.export, gate.store) for _ in range(2)]
                receipts = [future.result(timeout=5) for future in futures]
            assert all(receipt['status'] == 'ok' for receipt in receipts)
>           assert sum(receipt['exported'] for receipt in receipts) == 1
E           assert 2 == 1
E            +  where 2 = sum(<generator object test_concurrent_otlp_acknowledgements_count_each_persisted_span_once.<locals>.<genexpr> at 0x0000020D5927D700>)

tests\test_telemetry_integrity.py:74: AssertionError
______ test_otlp_slow_headers_have_total_deadline_and_keep_pending_span _______

settings = Settings(database=WindowsPath('C:/Users/27363/AppData/Local/Temp/pytest-of-27363/pytest-434/test_otlp_slow_headers_hav...one, audit_anchor_file=None, otlp_url=None, otlp_allow_loopback=False, budget_units=10000, budget_window_seconds=86400)
monkeypatch = <_pytest.monkeypatch.MonkeyPatch object at 0x0000020D5936B950>

    def test_otlp_slow_headers_have_total_deadline_and_keep_pending_span(settings, monkeypatch):
        monkeypatch.setattr(telemetry, 'EXPORT_TIMEOUT_SECONDS', .2, raising=False)
        with collector(slow_headers=True) as url:
            gate = Gate(replace(settings, otlp_url=url, otlp_allow_loopback=True))
            gate.submit(call())
            start = time.monotonic()
            report = telemetry.export(gate.store)
            elapsed = time.monotonic() - start
>           assert elapsed < .7
E           assert 1.020899399999962 < 0.7

tests\test_telemetry_integrity.py:89: AssertionError
============================== warnings summary ===============================
.venv\Lib\site-packages\fastapi\testclient.py:1
  C:\Users\27363\Desktop\airlock\.venv\Lib\site-packages\fastapi\testclient.py:1: StarletteDeprecationWarning: Using `httpx` with `starlette.testclient` is deprecated; install `httpx2` instead.
    from starlette.testclient import TestClient as TestClient  # noqa

-- Docs: https://docs.pytest.org/en/stable/how-to/capture-warnings.html
=========================== short test summary info ===========================
FAILED tests/test_telemetry_integrity.py::test_ambiguous_otlp_acknowledgement_retains_unsent_span[{"partialSuccess":{"rejectedSpans":1},"partialSuccess":{}}]
FAILED tests/test_telemetry_integrity.py::test_ambiguous_otlp_acknowledgement_retains_unsent_span[{"unexpected":NaN}]
FAILED tests/test_telemetry_integrity.py::test_ambiguous_otlp_acknowledgement_retains_unsent_span[{"unexpected":"\ud800"}]
FAILED tests/test_telemetry_integrity.py::test_concurrent_otlp_acknowledgements_count_each_persisted_span_once
FAILED tests/test_telemetry_integrity.py::test_otlp_slow_headers_have_total_deadline_and_keep_pending_span
5 failed, 1 warning in 4.30s
