{
  "scope": "disposable synthetic data; automated independent reviewer fixture; no live model/human",
  "without_gate": {
    "before": 1206,
    "after": 0
  },
  "with_gate": {
    "pending_rows": 1206,
    "rejected_rows": 1206,
    "denial": {
      "id": "e8aa409604a34c8d929d6e34286e5fdb",
      "state": "rejected",
      "decision": "need_approval",
      "reason_code": "human_rejected",
      "result": null,
      "expires_at": 1790954956.4174411,
      "action_id": "e8aa409604a34c8d929d6e34286e5fdb",
      "trace_id": "3bbf47945ab343579d72420be84bed23",
      "retryable": false,
      "allowed_alternatives": [
        "query_original_action",
        "bounded_read"
      ],
      "execution_occurred": false,
      "next_step": "Use a bounded SELECT or submit a narrower NEW action; do not retry rejected writes blindly."
    },
    "safe_alternative": {
      "id": "2734dc9925ad4eafa880fa62eeeb77e4",
      "state": "executed",
      "decision": "pass",
      "reason_code": "bounded_read",
      "result": {
        "matched_rows": 0,
        "rows": [
          {
            "remaining": 1206
          }
        ],
        "truncated": false
      },
      "expires_at": 1790954956.4343188,
      "action_id": "2734dc9925ad4eafa880fa62eeeb77e4",
      "trace_id": "54b4c4f58ab14d8fa3ed6ab4fea5bd02",
      "retryable": false,
      "allowed_alternatives": [
        "query_original_action"
      ],
      "execution_occurred": true,
      "next_step": "Read the result."
    },
    "approved_rows": 0,
    "approved_receipt": {
      "id": "e0b07cbbfd904454976831d1e70c6a0b",
      "state": "executed",
      "decision": "need_approval",
      "reason_code": "human_approved",
      "result": {
        "matched_rows": 1206,
        "rows": [],
        "truncated": false
      },
      "expires_at": 1790954956.4384978,
      "action_id": "e0b07cbbfd904454976831d1e70c6a0b",
      "trace_id": "4597594b28ef4709bd52674626fcd7ed",
      "retryable": false,
      "allowed_alternatives": [
        "query_original_action"
      ],
      "execution_occurred": true,
      "next_step": "Read the result."
    }
  },
  "audit": {
    "valid": true,
    "events": 5,
    "head": "d17860c45ff71e53f41559c26bebf50a28c6dd3fdf40dab4b75272b9d3509450",
    "anchor_status": "not_configured",
    "limitation": "Tail truncation after the last independently retained checkpoint remains undetectable. A server with all keys can forge new history; keep checkpoints outside its write authority."
  }
}
