2026-10-02T15:24:04.660Z	info	otelconftelemetry/tracer.go:47	Internal trace telemetry disabled	{"resource": {"service.instance.id": "8ca7fb27-417d-48ed-b9ab-6b835b1d9c98", "service.name": "otelcol", "service.version": "0.162.0"}}
2026-10-02T15:24:04.662Z	info	service@v0.162.0/service.go:233	Starting otelcol...	{"resource": {"service.instance.id": "8ca7fb27-417d-48ed-b9ab-6b835b1d9c98", "service.name": "otelcol", "service.version": "0.162.0"}, "Version": "0.162.0", "NumCPU": 4}
2026-10-02T15:24:04.662Z	info	extensions/extensions.go:43	Starting extensions...	{"resource": {"service.instance.id": "8ca7fb27-417d-48ed-b9ab-6b835b1d9c98", "service.name": "otelcol", "service.version": "0.162.0"}}
2026-10-02T15:24:04.662Z	info	otlpreceiver@v0.162.0/otlp.go:175	Starting HTTP server	{"resource": {"service.instance.id": "8ca7fb27-417d-48ed-b9ab-6b835b1d9c98", "service.name": "otelcol", "service.version": "0.162.0"}, "otelcol.component.id": "otlp", "otelcol.component.kind": "receiver", "endpoint": "[::]:4318"}
2026-10-02T15:24:04.662Z	info	service@v0.162.0/service.go:256	Everything is ready. Begin running and processing data.	{"resource": {"service.instance.id": "8ca7fb27-417d-48ed-b9ab-6b835b1d9c98", "service.name": "otelcol", "service.version": "0.162.0"}}
2026-10-02T15:24:04.685Z	info	Traces	{"resource": {"service.instance.id": "8ca7fb27-417d-48ed-b9ab-6b835b1d9c98", "service.name": "otelcol", "service.version": "0.162.0"}, "otelcol.component.id": "debug", "otelcol.component.kind": "exporter", "otelcol.signal": "traces", "resource spans": 1, "spans": 1}
2026-10-02T15:24:04.685Z	info	ResourceSpans #0
Resource SchemaURL: 
Resource attributes:
     -> service.name: Str(airlock)
ScopeSpans #0
ScopeSpans SchemaURL: 
InstrumentationScope airlock.audit 1
Span #0
    Trace ID       : 585b0f92509941e0b89812c47e4946ad
    Parent ID      : 
    ID             : 521012ac94fd2488
    Name           : action.evaluated
    Kind           : Internal
    Start time     : 2026-10-02 15:24:04.643491256 +0000 UTC
    End time       : 2026-10-02 15:24:04.664448256 +0000 UTC
    Status code    : Unset
    Status message : 
    DroppedAttributesCount: 0
    DroppedEventsCount: 0
    DroppedLinksCount: 0
Attributes:
     -> airlock.action_id: Str(b9219091d67744eab8d26b55cee2f751)
     -> airlock.state: Str(pending)
     -> airlock.request_id: Str(bcff1f7bca8441848c3b1afae9da9ff8)
	{"resource": {"service.instance.id": "8ca7fb27-417d-48ed-b9ab-6b835b1d9c98", "service.name": "otelcol", "service.version": "0.162.0"}, "otelcol.component.id": "debug", "otelcol.component.kind": "exporter", "otelcol.signal": "traces"}
