F..F...                                                                  [100%]
================================== FAILURES ===================================
__________ test_linked_invisible_action_prefix_does_not_starve_page ___________

scoped = (<airlock.service.Gate object at 0x000001B240E21FD0>, WindowsPath('C:/Users/27363/AppData/Local/Temp/pytest-of-27363/p...v': 'AIRLOCK_REVIEWER_SECOND_LARGE', 'id': 'reviewer:large', 'resources': ['customers'], 'risks': ['critical'], ...}]})

    def test_linked_invisible_action_prefix_does_not_starve_page(scoped):
        gate, _, _ = scoped
        hidden = gate.submit(request('counter-hidden', 'UPDATE customers SET balance=balance+1'))
        assert hidden['risk'] == 'critical'
        for _ in range(12):
            append_event(gate, hidden['id'])
        visible = gate.submit(request('counter-visible'))
        gate.decide(visible['id'], Decision(decision='reject', review_digest=visible['review_digest'],
            expected_version=visible['version'], reason='Synthetic independent countercheck'), 'reviewer:small')
        original = gate.store.audit_events(limit=100)
        with gate.store.connection() as conn:
            before = snapshot(conn)
        page1 = gate.audit_events('reviewer:small', after=0, limit=1)
>       assert len(page1) == 1
E       assert 0 == 1
E        +  where 0 = len([])

var\closure2-20261003\cross-identity\test_audit_countercheck.py:70: AssertionError
___________ test_owner_sees_governance_but_not_orphan_action_events ___________

tmp_path = WindowsPath('C:/Users/27363/AppData/Local/Temp/pytest-of-27363/pytest-438/test_owner_sees_governance_but0')

    def test_owner_sees_governance_but_not_orphan_action_events(tmp_path):
        gate = Gate(Settings(tmp_path / 'owner.db', 'a' * 32, 'b' * 32, 'c' * 32, max_actions=1, seed_rows=3))
        for index in range(6):
            append_event(gate, f'governance:second-author-{index}', kind='governance.changed')
        append_event(gate, 'nonexistent-action')
        original = gate.store.audit_events(limit=100)
>       assert gate.audit_events('reviewer:owner', limit=100) == original[:6]
E       AssertionError: assert [{'action_id'...fde728', ...}] == [{'action_id'...03d376', ...}]
E         
E         Right contains 2 more items, first extra item: {'action_id': 'governance:second-author-4', 'event': {'at': 1000.0, 'detail': {'countercheck': True}, 'kind': 'governa..._probe'}, 'key_id': 'legacy', 'previous_hash': '555dd698b365bfd05c934f2de86259f5c1e2524f17058faf667ae63923884e70', ...}
E         Use -v to get more diff

var\closure2-20261003\cross-identity\test_audit_countercheck.py:133: AssertionError
=========================== short test summary info ===========================
FAILED var/closure2-20261003/cross-identity/test_audit_countercheck.py::test_linked_invisible_action_prefix_does_not_starve_page
FAILED var/closure2-20261003/cross-identity/test_audit_countercheck.py::test_owner_sees_governance_but_not_orphan_action_events
2 failed, 5 passed in 1.46s
