{
  "scope": "disposable synthetic data; automated independent reviewer fixture; no live model/human",
  "without_gate": {
    "before": 1206,
    "after": 0
  },
  "with_gate": {
    "pending_rows": 1206,
    "rejected_rows": 1206,
    "denial": {
      "id": "f6d4b76b05744c9ca17578e5271065b7",
      "state": "rejected",
      "decision": "need_approval",
      "reason_code": "human_rejected",
      "result": null,
      "expires_at": 1790990428.309265,
      "action_id": "f6d4b76b05744c9ca17578e5271065b7",
      "trace_id": "ba6f2fb4788f4952a626e9af1da1865f",
      "retryable": false,
      "allowed_alternatives": [
        "query_original_action",
        "bounded_read"
      ],
      "execution_occurred": false,
      "next_step": "Use a bounded SELECT or submit a narrower NEW action; do not retry rejected writes blindly."
    },
    "safe_alternative": {
      "id": "cb7b2b8342314c45887a36e7bf3a0d0a",
      "state": "executed",
      "decision": "pass",
      "reason_code": "bounded_read",
      "result": {
        "matched_rows": 0,
        "rows": [
          {
            "remaining": 1206
          }
        ],
        "truncated": false
      },
      "expires_at": 1790990428.3223884,
      "action_id": "cb7b2b8342314c45887a36e7bf3a0d0a",
      "trace_id": "a0ec3f5b35ec4199af77446895d4fbd3",
      "retryable": false,
      "allowed_alternatives": [
        "query_original_action"
      ],
      "execution_occurred": true,
      "next_step": "Read the result."
    },
    "approved_rows": 0,
    "approved_receipt": {
      "id": "b0e3f3ffb8f74f6fb976867e97510f19",
      "state": "executed",
      "decision": "need_approval",
      "reason_code": "human_approved",
      "result": {
        "matched_rows": 1206,
        "rows": [],
        "truncated": false
      },
      "expires_at": 1790990428.3252592,
      "action_id": "b0e3f3ffb8f74f6fb976867e97510f19",
      "trace_id": "568e874088f44a6dba19f54942945840",
      "retryable": false,
      "allowed_alternatives": [
        "query_original_action"
      ],
      "execution_occurred": true,
      "next_step": "Read the result."
    }
  },
  "audit": {
    "valid": true,
    "events": 5,
    "head": "3d4cc4bbefde8a77e66a37b24f20f5f66861329ba0c7b27ad73e630bcec84de4",
    "anchor_status": "not_configured",
    "limitation": "Tail truncation after the last independently retained checkpoint remains undetectable. A server with all keys can forge new history; keep checkpoints outside its write authority."
  }
}
