Docker Compose version v2.38.2

{
  "name": "airlock-check-b3c4710d8621",
  "networks": {
    "ingress": {
      "name": "airlock-check-b3c4710d8621_ingress",
      "driver": "bridge",
      "ipam": {}
    },
    "protected": {
      "name": "airlock-check-b3c4710d8621_protected",
      "ipam": {},
      "internal": true
    }
  },
  "services": {
    "agent": {
      "profiles": [
        "demo"
      ],
      "build": {
        "context": "/home/runner/work/AIRLOCK/AIRLOCK",
        "dockerfile": "Dockerfile"
      },
      "cap_drop": [
        "ALL"
      ],
      "command": [
        "--scenario",
        "delete",
        "--allow-internal-http"
      ],
      "depends_on": {
        "airlock": {
          "condition": "service_healthy",
          "required": true
        }
      },
      "entrypoint": [
        "python",
        "scripts/demo_agent.py"
      ],
      "environment": {
        "AIRLOCK_AGENT_TOKEN": "[REDACTED]",
        "AIRLOCK_URL": "http://airlock:8000"
      },
      "networks": {
        "protected": null
      },
      "read_only": true,
      "security_opt": [
        "no-new-privileges:true"
      ],
      "tmpfs": [
        "/tmp:rw,noexec,nosuid,size=16m,mode=1777"
      ]
    },
    "airlock": {
      "build": {
        "context": "/home/runner/work/AIRLOCK/AIRLOCK",
        "dockerfile": "Dockerfile"
      },
      "cap_drop": [
        "ALL"
      ],
      "command": null,
      "entrypoint": null,
      "environment": {
        "AIRLOCK_AGENT_TOKEN": "[REDACTED]",
        "AIRLOCK_AUDIT_KEY": "[REDACTED]",
        "AIRLOCK_DB": "/data/airlock.db",
        "AIRLOCK_INTERNAL_HOST": "airlock",
        "AIRLOCK_ORIGIN": "http://127.0.0.1:48923",
        "AIRLOCK_REVIEWER_TOKEN": "[REDACTED]"
      },
      "healthcheck": {
        "test": [
          "CMD",
          "python",
          "-c",
          "import urllib.request; urllib.request.urlopen('http://127.0.0.1:8000/healthz', timeout=2)"
        ],
        "timeout": "3s",
        "interval": "5s",
        "retries": 10
      },
      "networks": {
        "ingress": null,
        "protected": null
      },
      "ports": [
        {
          "mode": "ingress",
          "host_ip": "127.0.0.1",
          "target": 8000,
          "published": "48923",
          "protocol": "tcp"
        }
      ],
      "read_only": true,
      "security_opt": [
        "no-new-privileges:true"
      ],
      "tmpfs": [
        "/tmp:rw,noexec,nosuid,size=32m,mode=1777"
      ],
      "volumes": [
        {
          "type": "volume",
          "source": "state",
          "target": "/data",
          "volume": {}
        }
      ]
    }
  },
  "volumes": {
    "state": {
      "name": "airlock-check-b3c4710d8621_state"
    }
  }
}
#1 [internal] load local bake definitions
#1 reading from stdin 689B done
#1 DONE 0.0s

#2 [airlock internal] load build definition from Dockerfile
#2 transferring dockerfile: 860B 0.0s done
#2 DONE 0.0s

#3 [auth] library/python:pull token for registry-1.docker.io
#3 DONE 0.0s

#4 [auth] library/node:pull token for registry-1.docker.io
#4 DONE 0.0s

#5 [agent internal] load metadata for docker.io/library/node:22-slim
#5 DONE 0.3s

#6 [agent internal] load metadata for docker.io/library/python:3.13-slim
#6 DONE 0.3s

#7 [airlock internal] load .dockerignore
#7 transferring context: 188B done
#7 DONE 0.0s

#8 [airlock internal] load build context
#8 transferring context: 897.80kB 0.0s done
#8 DONE 0.0s

#9 [airlock console 1/8] FROM docker.io/library/node:22-slim@sha256:43ac6c60b8f89723f746e8a92ce91abd5017e627ce1ddfe4238355d3a30b772c
#9 resolve docker.io/library/node:22-slim@sha256:43ac6c60b8f89723f746e8a92ce91abd5017e627ce1ddfe4238355d3a30b772c done
#9 sha256:774043ccc8ccd0d0833a9ee0792142ab7ad93df971e59dd248fbf82db16d0150 28.24MB / 28.24MB 0.1s
#9 sha256:8ab8fd6c944526e5da2ca93b1663b2ab6f4bb8d4ea7b50a90d53c9fdcc5b0b9e 3.31kB / 3.31kB 0.0s done
#9 sha256:61592f5b60306b96e5208206668cdf0fa62d3cda3a3baeed26efdcd1a21aaba5 49.84MB / 49.84MB 0.3s
#9 sha256:43ac6c60b8f89723f746e8a92ce91abd5017e627ce1ddfe4238355d3a30b772c 5.22kB / 5.22kB done
#9 sha256:25330af3531fb5e23318554a0aa911125b6e91b1b777edf7655501d207c067a2 1.93kB / 1.93kB done
#9 sha256:88f8ba583a884279252779bbe221bf1ff2c61cf236cc973f8ca97676ae6d07f0 6.77kB / 6.77kB done
#9 sha256:8d9d84ee31888adba85837fbf8f0e6eca99263904b2ba04d79e7d4fc1da40056 1.71MB / 1.71MB 0.2s done
#9 extracting sha256:774043ccc8ccd0d0833a9ee0792142ab7ad93df971e59dd248fbf82db16d0150
#9 sha256:774043ccc8ccd0d0833a9ee0792142ab7ad93df971e59dd248fbf82db16d0150 28.24MB / 28.24MB 0.4s done
#9 sha256:61592f5b60306b96e5208206668cdf0fa62d3cda3a3baeed26efdcd1a21aaba5 49.84MB / 49.84MB 0.5s done
#9 sha256:dc40c63c08b5453854c13da6d72b3182737b2e223156b786c67779e0d6f4e8e0 446B / 446B 0.5s done
#9 extracting sha256:774043ccc8ccd0d0833a9ee0792142ab7ad93df971e59dd248fbf82db16d0150 1.3s done
#9 extracting sha256:8ab8fd6c944526e5da2ca93b1663b2ab6f4bb8d4ea7b50a90d53c9fdcc5b0b9e done
#9 extracting sha256:61592f5b60306b96e5208206668cdf0fa62d3cda3a3baeed26efdcd1a21aaba5
#9 extracting sha256:61592f5b60306b96e5208206668cdf0fa62d3cda3a3baeed26efdcd1a21aaba5 1.5s done
#9 extracting sha256:8d9d84ee31888adba85837fbf8f0e6eca99263904b2ba04d79e7d4fc1da40056
#9 extracting sha256:8d9d84ee31888adba85837fbf8f0e6eca99263904b2ba04d79e7d4fc1da40056 0.0s done
#9 extracting sha256:dc40c63c08b5453854c13da6d72b3182737b2e223156b786c67779e0d6f4e8e0 done
#9 DONE 4.0s

#10 [airlock console 2/8] WORKDIR /build
#10 DONE 0.0s

#11 [airlock console 3/8] COPY package.json package-lock.json ./
#11 DONE 0.0s

#12 [airlock console 4/8] RUN npm ci
#12 ...

#13 [airlock stage-1 1/7] FROM docker.io/library/python:3.13-slim@sha256:bb2988715db2cf7ace7b53f38f3cffbef7c7046a656bee66245eb0ed386e2e81
#13 resolve docker.io/library/python:3.13-slim@sha256:bb2988715db2cf7ace7b53f38f3cffbef7c7046a656bee66245eb0ed386e2e81 done
#13 sha256:bb2988715db2cf7ace7b53f38f3cffbef7c7046a656bee66245eb0ed386e2e81 10.37kB / 10.37kB done
#13 sha256:b92e6b9bb1ea9d826e9956fd8d30bf18bc384c130231d74fdf0ba3460c290b0b 1.75kB / 1.75kB done
#13 sha256:5bf8cf1bb031eb18d0ad53aa07efe45199a2c5818f152883ad80e1c45c64362d 5.52kB / 5.52kB done
#13 sha256:6b37362b3da78869050b894b799ad4df04f1f3b52774087db0d81151570244c8 29.83MB / 29.83MB 0.9s done
#13 sha256:49ae429f6151335a53305bc42db15361f1bd47811fb1660ea5b665ff08d17666 4.27MB / 4.27MB 0.7s done
#13 sha256:7e7563f2ddb63441774cb88bb68bab20ca9a79267a9982ea921419c1a6910b8c 11.92MB / 11.92MB 0.9s done
#13 sha256:b14f2539d39c701eb33cb2f8c26199e904da2850a54e1bf40eb73f915bd57896 249B / 249B 0.9s done
#13 extracting sha256:6b37362b3da78869050b894b799ad4df04f1f3b52774087db0d81151570244c8 0.9s done
#13 extracting sha256:49ae429f6151335a53305bc42db15361f1bd47811fb1660ea5b665ff08d17666 0.3s done
#13 extracting sha256:7e7563f2ddb63441774cb88bb68bab20ca9a79267a9982ea921419c1a6910b8c 0.5s done
#13 extracting sha256:b14f2539d39c701eb33cb2f8c26199e904da2850a54e1bf40eb73f915bd57896 done
#13 DONE 4.6s

#14 [airlock stage-1 2/7] WORKDIR /app
#14 DONE 0.0s

#15 [agent stage-1 3/7] COPY requirements.txt requirements.txt
#15 DONE 0.2s

#16 [agent stage-1 4/7] RUN pip install --no-cache-dir -r requirements.txt && useradd --uid 10001 --create-home airlock && mkdir /data && chown 10001:10001 /data
#16 1.403 Collecting fastapi==0.142.2 (from -r requirements.txt (line 1))
#16 1.432   Downloading fastapi-0.142.2-py3-none-any.whl.metadata (27 kB)
#16 1.456 Collecting starlette==1.7.0 (from -r requirements.txt (line 2))
#16 1.459   Downloading starlette-1.7.0-py3-none-any.whl.metadata (6.6 kB)
#16 1.544 Collecting pydantic==2.13.5 (from -r requirements.txt (line 3))
#16 1.548   Downloading pydantic-2.13.5-py3-none-any.whl.metadata (110 kB)
#16 1.575 Collecting uvicorn==0.48.0 (from -r requirements.txt (line 4))
#16 1.578   Downloading uvicorn-0.48.0-py3-none-any.whl.metadata (6.7 kB)
#16 1.592 Collecting httpx==0.28.1 (from -r requirements.txt (line 5))
#16 1.596   Downloading httpx-0.28.1-py3-none-any.whl.metadata (7.1 kB)
#16 1.603 Collecting cel-python==0.4.0 (from -r requirements.txt (line 6))
#16 1.609   Downloading cel_python-0.4.0-py3-none-any.whl.metadata (8.5 kB)
#16 1.634 Collecting PyYAML==6.0.3 (from -r requirements.txt (line 7))
#16 1.638   Downloading pyyaml-6.0.3-cp313-cp313-manylinux2014_x86_64.manylinux_2_17_x86_64.manylinux_2_28_x86_64.whl.metadata (2.4 kB)
#16 1.648 Collecting PyJWT==2.15.1 (from -r requirements.txt (line 8))
#16 1.653   Downloading pyjwt-2.15.1-py3-none-any.whl.metadata (3.5 kB)
#16 1.801 Collecting cryptography==50.0.2 (from -r requirements.txt (line 9))
#16 1.806   Downloading cryptography-50.0.2-cp311-abi3-manylinux_2_34_x86_64.whl.metadata (4.4 kB)
#16 1.821 Collecting typing-extensions>=4.8.0 (from fastapi==0.142.2->-r requirements.txt (line 1))
#16 1.826   Downloading typing_extensions-4.16.0-py3-none-any.whl.metadata (3.3 kB)
#16 1.833 Collecting typing-inspection>=0.4.2 (from fastapi==0.142.2->-r requirements.txt (line 1))
#16 1.837   Downloading typing_inspection-0.4.4-py3-none-any.whl.metadata (2.6 kB)
#16 1.843 Collecting annotated-doc>=0.0.2 (from fastapi==0.142.2->-r requirements.txt (line 1))
#16 1.848   Downloading annotated_doc-0.0.5-py3-none-any.whl.metadata (6.5 kB)
#16 1.860 Collecting opentelemetry-api>=1.44.0 (from fastapi==0.142.2->-r requirements.txt (line 1))
#16 1.863   Downloading opentelemetry_api-1.45.0-py3-none-any.whl.metadata (1.4 kB)
#16 1.878 Collecting anyio<5,>=4.0.0 (from starlette==1.7.0->-r requirements.txt (line 2))
#16 1.881   Downloading anyio-4.15.1-py3-none-any.whl.metadata (4.7 kB)
#16 1.889 Collecting annotated-types>=0.6.0 (from pydantic==2.13.5->-r requirements.txt (line 3))
#16 1.893   Downloading annotated_types-0.8.0-py3-none-any.whl.metadata (15 kB)
#16 2.451 Collecting pydantic-core==2.46.5 (from pydantic==2.13.5->-r requirements.txt (line 3))
#16 2.456   Downloading pydantic_core-2.46.5-cp313-cp313-manylinux_2_17_x86_64.manylinux2014_x86_64.whl.metadata (6.6 kB)
#16 2.469 Collecting click>=7.0 (from uvicorn==0.48.0->-r requirements.txt (line 4))
#16 2.473   Downloading click-8.5.0-py3-none-any.whl.metadata (2.6 kB)
#16 2.483 Collecting h11>=0.8 (from uvicorn==0.48.0->-r requirements.txt (line 4))
#16 2.486   Downloading h11-0.16.0-py3-none-any.whl.metadata (8.3 kB)
#16 2.499 Collecting certifi (from httpx==0.28.1->-r requirements.txt (line 5))
#16 2.506   Downloading certifi-2026.7.22-py3-none-any.whl.metadata (2.5 kB)
#16 2.515 Collecting httpcore==1.* (from httpx==0.28.1->-r requirements.txt (line 5))
#16 2.520   Downloading httpcore-1.0.9-py3-none-any.whl.metadata (21 kB)
#16 2.532 Collecting idna (from httpx==0.28.1->-r requirements.txt (line 5))
#16 2.538   Downloading idna-3.20-py3-none-any.whl.metadata (7.2 kB)
#16 2.577 Collecting google-re2>=1.1.20240702 (from cel-python==0.4.0->-r requirements.txt (line 6))
#16 2.583   Downloading google_re2-1.1.20251105-1-cp313-cp313-manylinux_2_27_x86_64.manylinux_2_28_x86_64.whl.metadata (2.4 kB)
#16 2.599 Collecting jmespath>=1.0.1 (from cel-python==0.4.0->-r requirements.txt (line 6))
#16 2.603   Downloading jmespath-1.1.0-py3-none-any.whl.metadata (7.6 kB)
#16 2.612 Collecting lark>=1.2.2 (from cel-python==0.4.0->-r requirements.txt (line 6))
#16 2.617   Downloading lark-1.3.1-py3-none-any.whl.metadata (1.8 kB)
#16 2.651 Collecting pendulum>=3.1.0 (from cel-python==0.4.0->-r requirements.txt (line 6))
#16 2.656   Downloading pendulum-3.2.0-cp313-cp313-manylinux_2_17_x86_64.manylinux2014_x86_64.whl.metadata (6.8 kB)
#16 2.741 Collecting cffi>=2.0.0 (from cryptography==50.0.2->-r requirements.txt (line 9))
#16 2.745   Downloading cffi-2.1.1-cp313-cp313-manylinux2014_x86_64.manylinux_2_17_x86_64.whl.metadata (2.5 kB)
#16 2.758 Collecting pycparser (from cffi>=2.0.0->cryptography==50.0.2->-r requirements.txt (line 9))
#16 2.762   Downloading pycparser-3.0-py3-none-any.whl.metadata (8.2 kB)
#16 2.773 Collecting python-dateutil>=2.6 (from pendulum>=3.1.0->cel-python==0.4.0->-r requirements.txt (line 6))
#16 2.777   Downloading python_dateutil-2.9.0.post0-py2.py3-none-any.whl.metadata (8.4 kB)
#16 2.790 Collecting tzdata>=2020.1 (from pendulum>=3.1.0->cel-python==0.4.0->-r requirements.txt (line 6))
#16 2.795   Downloading tzdata-2026.4-py2.py3-none-any.whl.metadata (1.4 kB)
#16 2.811 Collecting six>=1.5 (from python-dateutil>=2.6->pendulum>=3.1.0->cel-python==0.4.0->-r requirements.txt (line 6))
#16 2.817   Downloading six-1.17.0-py2.py3-none-any.whl.metadata (1.7 kB)
#16 2.827 Downloading fastapi-0.142.2-py3-none-any.whl (144 kB)
#16 2.835 Downloading starlette-1.7.0-py3-none-any.whl (78 kB)
#16 2.840 Downloading pydantic-2.13.5-py3-none-any.whl (472 kB)
#16 2.852 Downloading uvicorn-0.48.0-py3-none-any.whl (71 kB)
#16 2.855 Downloading httpx-0.28.1-py3-none-any.whl (73 kB)
#16 2.864 Downloading cel_python-0.4.0-py3-none-any.whl (85 kB)
#16 2.867 Downloading pyyaml-6.0.3-cp313-cp313-manylinux2014_x86_64.manylinux_2_17_x86_64.manylinux_2_28_x86_64.whl (801 kB)
#16 2.879    ━━━━━━━━━━━━━━━━━━━━━━━━━━━━━━━━━━━━━━━━ 801.6/801.6 kB 89.7 MB/s  0:00:00
#16 2.883 Downloading pyjwt-2.15.1-py3-none-any.whl (33 kB)
#16 2.886 Downloading cryptography-50.0.2-cp311-abi3-manylinux_2_34_x86_64.whl (4.8 MB)
#16 2.919    ━━━━━━━━━━━━━━━━━━━━━━━━━━━━━━━━━━━━━━━━ 4.8/4.8 MB 153.0 MB/s  0:00:00
#16 2.923 Downloading pydantic_core-2.46.5-cp313-cp313-manylinux_2_17_x86_64.manylinux2014_x86_64.whl (2.1 MB)
#16 2.933    ━━━━━━━━━━━━━━━━━━━━━━━━━━━━━━━━━━━━━━━━ 2.1/2.1 MB 207.1 MB/s  0:00:00
#16 2.937 Downloading anyio-4.15.1-py3-none-any.whl (132 kB)
#16 2.941 Downloading httpcore-1.0.9-py3-none-any.whl (78 kB)
#16 2.944 Downloading annotated_doc-0.0.5-py3-none-any.whl (5.3 kB)
#16 2.948 Downloading annotated_types-0.8.0-py3-none-any.whl (13 kB)
#16 2.951 Downloading cffi-2.1.1-cp313-cp313-manylinux2014_x86_64.manylinux_2_17_x86_64.whl (221 kB)
#16 2.955 Downloading click-8.5.0-py3-none-any.whl (125 kB)
#16 2.966 Downloading google_re2-1.1.20251105-1-cp313-cp313-manylinux_2_27_x86_64.manylinux_2_28_x86_64.whl (591 kB)
#16 2.969    ━━━━━━━━━━━━━━━━━━━━━━━━━━━━━━━━━━━━━━━━ 591.4/591.4 kB 226.6 MB/s  0:00:00
#16 2.973 Downloading h11-0.16.0-py3-none-any.whl (37 kB)
#16 2.977 Downloading idna-3.20-py3-none-any.whl (69 kB)
#16 2.980 Downloading jmespath-1.1.0-py3-none-any.whl (20 kB)
#16 2.983 Downloading lark-1.3.1-py3-none-any.whl (113 kB)
#16 2.987 Downloading opentelemetry_api-1.45.0-py3-none-any.whl (60 kB)
#16 2.990 Downloading pendulum-3.2.0-cp313-cp313-manylinux_2_17_x86_64.manylinux2014_x86_64.whl (348 kB)
#16 2.996 Downloading python_dateutil-2.9.0.post0-py2.py3-none-any.whl (229 kB)
#16 2.999 Downloading six-1.17.0-py2.py3-none-any.whl (11 kB)
#16 3.003 Downloading typing_extensions-4.16.0-py3-none-any.whl (45 kB)
#16 3.006 Downloading typing_inspection-0.4.4-py3-none-any.whl (14 kB)
#16 3.009 Downloading tzdata-2026.4-py2.py3-none-any.whl (347 kB)
#16 3.014 Downloading certifi-2026.7.22-py3-none-any.whl (136 kB)
#16 3.018 Downloading pycparser-3.0-py3-none-any.whl (48 kB)
#16 3.192 Installing collected packages: tzdata, typing-extensions, six, PyYAML, PyJWT, pycparser, lark, jmespath, idna, h11, google-re2, click, certifi, annotated-types, annotated-doc, uvicorn, typing-inspection, python-dateutil, pydantic-core, opentelemetry-api, httpcore, cffi, anyio, starlette, pydantic, pendulum, httpx, cryptography, fastapi, cel-python
#16 ...

#12 [airlock console 4/8] RUN npm ci
#12 5.977 
#12 5.977 added 24 packages, and audited 25 packages in 6s
#12 5.977 
#12 5.977 6 packages are looking for funding
#12 5.977   run `npm fund` for details
#12 5.977 
#12 5.977 found 0 vulnerabilities
#12 5.977 npm notice
#12 5.977 npm notice New major version of npm available! 10.9.9 -> 12.2.0
#12 5.977 npm notice Changelog: https://github.com/npm/cli/releases/tag/v12.2.0
#12 5.977 npm notice To update run: npm install -g npm@12.2.0
#12 5.977 npm notice
#12 DONE 8.9s

#16 [agent stage-1 4/7] RUN pip install --no-cache-dir -r requirements.txt && useradd --uid 10001 --create-home airlock && mkdir /data && chown 10001:10001 /data
#16 5.757 
#16 5.759 Successfully installed PyJWT-2.15.1 PyYAML-6.0.3 annotated-doc-0.0.5 annotated-types-0.8.0 anyio-4.15.1 cel-python-0.4.0 certifi-2026.7.22 cffi-2.1.1 click-8.5.0 cryptography-50.0.2 fastapi-0.142.2 google-re2-1.1.20251105 h11-0.16.0 httpcore-1.0.9 httpx-0.28.1 idna-3.20 jmespath-1.1.0 lark-1.3.1 opentelemetry-api-1.45.0 pendulum-3.2.0 pycparser-3.0 pydantic-2.13.5 pydantic-core-2.46.5 python-dateutil-2.9.0.post0 six-1.17.0 starlette-1.7.0 typing-extensions-4.16.0 typing-inspection-0.4.4 tzdata-2026.4 uvicorn-0.48.0
#16 5.760 WARNING: Running pip as the 'root' user can result in broken permissions and conflicting behaviour with the system package manager, possibly rendering your system unusable. It is recommended to use a virtual environment instead: https://pip.pypa.io/warnings/venv. Use the --root-user-action option if you know what you are doing and want to suppress this warning.
#16 DONE 8.1s

#17 [airlock stage-1 5/7] COPY --chown=10001:10001 airlock airlock
#17 DONE 0.0s

#18 [airlock console 5/8] COPY frontend frontend
#18 DONE 0.0s

#19 [airlock console 6/8] COPY airlock/static airlock/static
#19 DONE 0.0s

#20 [airlock console 7/8] COPY scripts/package_console.mjs scripts/package_console.mjs
#20 DONE 0.0s

#21 [airlock console 8/8] RUN npm run build
#21 0.169 
#21 0.169 > airlock-review-console@0.1.0 build
#21 0.169 > next build frontend --webpack && node scripts/package_console.mjs
#21 0.169 
#21 0.459 ▲ Next.js 16.3.8 (webpack)
#21 0.472 ✓ Running next.config.mjs took 12ms
#21 0.485 
#21 0.504   Creating an optimized production build ...
#21 5.426 ✓ Compiled successfully in 3.5s
#21 5.428   Running TypeScript ...
#21 5.429   Finished TypeScript in 1ms ...
#21 5.430   Collecting page data using 3 workers ...
#21 6.006   Generating static pages using 3 workers (0/3) ...
#21 6.360 ✓ Generating static pages using 3 workers (3/3) in 354ms
#21 6.594   Finalizing page optimization ...
#21 6.594   Collecting build traces ...
#21 12.28 
#21 12.28 Route (app)
#21 12.28 ┌ ○ /
#21 12.28 └ ○ /_not-found
#21 12.28 
#21 12.28 
#21 12.28 ○  (Static)  prerendered as static content
#21 12.28 
#21 12.36 {"framework":"Next.js static export","inline_script_hashes":2,"destination":"/build/airlock/console"}
#21 DONE 12.4s

#22 [airlock stage-1 6/7] COPY --from=console --chown=10001:10001 /build/airlock/console airlock/console
#22 DONE 0.0s

#23 [airlock stage-1 7/7] COPY --chown=10001:10001 scripts scripts
#23 DONE 0.0s

#24 [airlock] exporting to image
#24 exporting layers
#24 exporting layers 1.0s done
#24 writing image sha256:d8e99f489aaaa872e7a7dac7d0c3a819109931c6c04a563c6b085334a6637eff done
#24 naming to docker.io/library/airlock-check-b3c4710d8621-airlock 0.0s done
#24 DONE 1.1s

#25 [agent] exporting to image
#25 exporting layers 1.0s done
#25 writing image sha256:d8e99f489aaaa872e7a7dac7d0c3a819109931c6c04a563c6b085334a6637eff done
#25 naming to docker.io/library/airlock-check-b3c4710d8621-agent 0.0s done
#25 DONE 1.1s

#26 [agent] resolving provenance for metadata file
#26 DONE 0.0s

#27 [airlock] resolving provenance for metadata file
#27 DONE 0.0s
 agent  Built
 airlock  Built

 Network airlock-check-b3c4710d8621_ingress  Creating
 Network airlock-check-b3c4710d8621_ingress  Created
 Network airlock-check-b3c4710d8621_protected  Creating
 Network airlock-check-b3c4710d8621_protected  Created
 Volume "airlock-check-b3c4710d8621_state"  Creating
 Volume "airlock-check-b3c4710d8621_state"  Created
 Container airlock-check-b3c4710d8621-airlock-1  Creating
 Container airlock-check-b3c4710d8621-airlock-1  Created
 Container airlock-check-b3c4710d8621-airlock-1  Starting
 Container airlock-check-b3c4710d8621-airlock-1  Started

2d4158480d4d8dbcc0ac71df968713e4d6bc929c644797d36d581abc94b288eb

{"pending_id": "9feaf2a4b45c4150998f3c4b26872c50", "uid": 10001, "effective_capabilities": 0, "checks": ["agent_has_no_reviewer_or_audit_secret", "target_database_not_mounted_in_agent", "no_server_config_or_docker_socket", "non_root_read_only_no_capabilities", "agent_cannot_approve_or_read_audit", "SQL_cannot_read_control_tables", "write_waits_for_separate_reviewer"]}

 Container airlock-check-b3c4710d8621-airlock-1  Restarting
 Container airlock-check-b3c4710d8621-airlock-1  Started

 Container airlock-check-b3c4710d8621-airlock-1  Restarting
 Container airlock-check-b3c4710d8621-airlock-1  Started

 Container airlock-check-b3c4710d8621-airlock-1  Stopping
 Container airlock-check-b3c4710d8621-airlock-1  Stopped
 Container airlock-check-b3c4710d8621-airlock-1  Removing
 Container airlock-check-b3c4710d8621-airlock-1  Removed
 Volume airlock-check-b3c4710d8621_state  Removing
 Network airlock-check-b3c4710d8621_ingress  Removing
 Network airlock-check-b3c4710d8621_protected  Removing
 Volume airlock-check-b3c4710d8621_state  Removed
 Network airlock-check-b3c4710d8621_ingress  Removed
 Network airlock-check-b3c4710d8621_protected  Removed
