Docker Compose version v2.38.2

{
  "name": "airlock-check-e74f9b76f1d7",
  "networks": {
    "ingress": {
      "name": "airlock-check-e74f9b76f1d7_ingress",
      "driver": "bridge",
      "ipam": {}
    },
    "protected": {
      "name": "airlock-check-e74f9b76f1d7_protected",
      "ipam": {},
      "internal": true
    }
  },
  "services": {
    "agent": {
      "profiles": [
        "demo"
      ],
      "build": {
        "context": "/home/runner/work/AIRLOCK/AIRLOCK",
        "dockerfile": "Dockerfile"
      },
      "cap_drop": [
        "ALL"
      ],
      "command": [
        "--scenario",
        "delete",
        "--allow-internal-http"
      ],
      "depends_on": {
        "airlock": {
          "condition": "service_healthy",
          "required": true
        }
      },
      "entrypoint": [
        "python",
        "scripts/demo_agent.py"
      ],
      "environment": {
        "AIRLOCK_AGENT_TOKEN": "[REDACTED]",
        "AIRLOCK_URL": "http://airlock:8000"
      },
      "networks": {
        "protected": null
      },
      "read_only": true,
      "security_opt": [
        "no-new-privileges:true"
      ],
      "tmpfs": [
        "/tmp:rw,noexec,nosuid,size=16m,mode=1777"
      ]
    },
    "airlock": {
      "build": {
        "context": "/home/runner/work/AIRLOCK/AIRLOCK",
        "dockerfile": "Dockerfile"
      },
      "cap_drop": [
        "ALL"
      ],
      "command": null,
      "entrypoint": null,
      "environment": {
        "AIRLOCK_AGENT_TOKEN": "[REDACTED]",
        "AIRLOCK_AUDIT_KEY": "[REDACTED]",
        "AIRLOCK_DB": "/data/airlock.db",
        "AIRLOCK_INTERNAL_HOST": "airlock",
        "AIRLOCK_ORIGIN": "http://127.0.0.1:50183",
        "AIRLOCK_REVIEWER_TOKEN": "[REDACTED]"
      },
      "healthcheck": {
        "test": [
          "CMD",
          "python",
          "-c",
          "import urllib.request; urllib.request.urlopen('http://127.0.0.1:8000/healthz', timeout=2)"
        ],
        "timeout": "3s",
        "interval": "5s",
        "retries": 10
      },
      "networks": {
        "ingress": null,
        "protected": null
      },
      "ports": [
        {
          "mode": "ingress",
          "host_ip": "127.0.0.1",
          "target": 8000,
          "published": "50183",
          "protocol": "tcp"
        }
      ],
      "read_only": true,
      "security_opt": [
        "no-new-privileges:true"
      ],
      "tmpfs": [
        "/tmp:rw,noexec,nosuid,size=32m,mode=1777"
      ],
      "volumes": [
        {
          "type": "volume",
          "source": "state",
          "target": "/data",
          "volume": {}
        }
      ]
    }
  },
  "volumes": {
    "state": {
      "name": "airlock-check-e74f9b76f1d7_state"
    }
  }
}
#1 [internal] load local bake definitions
#1 reading from stdin 689B done
#1 DONE 0.0s

#2 [airlock internal] load build definition from Dockerfile
#2 transferring dockerfile:
#2 transferring dockerfile: 1.70kB done
#2 DONE 0.9s

#3 [airlock internal] load metadata for docker.io/library/python:3.13-slim
#3 ...

#4 [auth] library/python:pull token for registry-1.docker.io
#4 DONE 0.0s

#5 [auth] library/node:pull token for registry-1.docker.io
#5 DONE 0.0s

#6 [airlock internal] load metadata for docker.io/library/node:22-slim
#6 DONE 1.6s

#3 [airlock internal] load metadata for docker.io/library/python:3.13-slim
#3 DONE 1.6s

#7 [agent internal] load .dockerignore
#7 transferring context: 188B done
#7 DONE 0.0s

#8 [agent internal] load build context
#8 transferring context: 1.01MB 0.0s done
#8 DONE 0.0s

#9 [agent sqlite-runtime 1/6] FROM docker.io/library/python:3.13-slim@sha256:bb2988715db2cf7ace7b53f38f3cffbef7c7046a656bee66245eb0ed386e2e81
#9 resolve docker.io/library/python:3.13-slim@sha256:bb2988715db2cf7ace7b53f38f3cffbef7c7046a656bee66245eb0ed386e2e81 done
#9 sha256:bb2988715db2cf7ace7b53f38f3cffbef7c7046a656bee66245eb0ed386e2e81 10.37kB / 10.37kB done
#9 sha256:b92e6b9bb1ea9d826e9956fd8d30bf18bc384c130231d74fdf0ba3460c290b0b 1.75kB / 1.75kB done
#9 sha256:5bf8cf1bb031eb18d0ad53aa07efe45199a2c5818f152883ad80e1c45c64362d 5.52kB / 5.52kB done
#9 sha256:6b37362b3da78869050b894b799ad4df04f1f3b52774087db0d81151570244c8 0B / 29.83MB 0.1s
#9 sha256:49ae429f6151335a53305bc42db15361f1bd47811fb1660ea5b665ff08d17666 0B / 4.27MB 0.1s
#9 sha256:7e7563f2ddb63441774cb88bb68bab20ca9a79267a9982ea921419c1a6910b8c 0B / 11.92MB 0.1s
#9 sha256:bb2988715db2cf7ace7b53f38f3cffbef7c7046a656bee66245eb0ed386e2e81 10.37kB / 10.37kB done
#9 sha256:b92e6b9bb1ea9d826e9956fd8d30bf18bc384c130231d74fdf0ba3460c290b0b 1.75kB / 1.75kB done
#9 sha256:5bf8cf1bb031eb18d0ad53aa07efe45199a2c5818f152883ad80e1c45c64362d 5.52kB / 5.52kB done
#9 sha256:6b37362b3da78869050b894b799ad4df04f1f3b52774087db0d81151570244c8 7.34MB / 29.83MB 0.2s
#9 sha256:49ae429f6151335a53305bc42db15361f1bd47811fb1660ea5b665ff08d17666 4.27MB / 4.27MB 0.2s done
#9 sha256:7e7563f2ddb63441774cb88bb68bab20ca9a79267a9982ea921419c1a6910b8c 11.92MB / 11.92MB 0.3s
#9 sha256:b14f2539d39c701eb33cb2f8c26199e904da2850a54e1bf40eb73f915bd57896 249B / 249B 0.2s done
#9 sha256:6b37362b3da78869050b894b799ad4df04f1f3b52774087db0d81151570244c8 29.83MB / 29.83MB 0.4s
#9 sha256:b14f2539d39c701eb33cb2f8c26199e904da2850a54e1bf40eb73f915bd57896 249B / 249B 0.2s done
#9 sha256:6b37362b3da78869050b894b799ad4df04f1f3b52774087db0d81151570244c8 29.83MB / 29.83MB 0.4s done
#9 sha256:7e7563f2ddb63441774cb88bb68bab20ca9a79267a9982ea921419c1a6910b8c 11.92MB / 11.92MB 0.6s done
#9 sha256:6b37362b3da78869050b894b799ad4df04f1f3b52774087db0d81151570244c8 29.83MB / 29.83MB 0.4s done
#9 sha256:7e7563f2ddb63441774cb88bb68bab20ca9a79267a9982ea921419c1a6910b8c 11.92MB / 11.92MB 0.6s done
#9 extracting sha256:6b37362b3da78869050b894b799ad4df04f1f3b52774087db0d81151570244c8
#9 extracting sha256:6b37362b3da78869050b894b799ad4df04f1f3b52774087db0d81151570244c8 0.8s done
#9 extracting sha256:6b37362b3da78869050b894b799ad4df04f1f3b52774087db0d81151570244c8 0.8s done
#9 extracting sha256:49ae429f6151335a53305bc42db15361f1bd47811fb1660ea5b665ff08d17666
#9 extracting sha256:49ae429f6151335a53305bc42db15361f1bd47811fb1660ea5b665ff08d17666 0.1s done
#9 extracting sha256:7e7563f2ddb63441774cb88bb68bab20ca9a79267a9982ea921419c1a6910b8c
#9 extracting sha256:7e7563f2ddb63441774cb88bb68bab20ca9a79267a9982ea921419c1a6910b8c 0.6s done
#9 extracting sha256:b14f2539d39c701eb33cb2f8c26199e904da2850a54e1bf40eb73f915bd57896
#9 extracting sha256:b14f2539d39c701eb33cb2f8c26199e904da2850a54e1bf40eb73f915bd57896 done
#9 DONE 2.8s

#10 [agent sqlite-runtime 2/6] WORKDIR /build
#10 DONE 0.0s

#11 [airlock stage-2  2/11] WORKDIR /app
#11 DONE 0.0s

#12 [agent sqlite-runtime 3/6] RUN apt-get update && apt-get install -y --no-install-recommends build-essential ca-certificates && rm -rf /var/lib/apt/lists/*
#12 0.180 Hit:1 http://deb.debian.org/debian trixie InRelease
#12 0.182 Get:2 http://deb.debian.org/debian trixie-updates InRelease [47.3 kB]
#12 0.198 Get:3 http://deb.debian.org/debian-security trixie-security InRelease [43.4 kB]
#12 0.208 Get:4 http://deb.debian.org/debian trixie/main amd64 Packages [9678 kB]
#12 0.330 Get:5 http://deb.debian.org/debian trixie-updates/main amd64 Packages [4412 B]
#12 0.330 Get:6 http://deb.debian.org/debian-security trixie-security/main amd64 Packages [264 kB]
#12 0.836 Fetched 10.0 MB in 1s (14.3 MB/s)
#12 0.836 Reading package lists...
#12 1.172 Reading package lists...
#12 1.521 Building dependency tree...
#12 1.623 Reading state information...
#12 1.731 ca-certificates is already the newest version (20250419).
#12 1.731 The following additional packages will be installed:
#12 1.731   binutils binutils-common binutils-x86-64-linux-gnu bzip2 cpp cpp-14
#12 1.731   cpp-14-x86-64-linux-gnu cpp-x86-64-linux-gnu dpkg-dev g++ g++-14
#12 1.731   g++-14-x86-64-linux-gnu g++-x86-64-linux-gnu gcc gcc-14
#12 ...

#13 [agent console 1/8] FROM docker.io/library/node:22-slim@sha256:43ac6c60b8f89723f746e8a92ce91abd5017e627ce1ddfe4238355d3a30b772c
#13 resolve docker.io/library/node:22-slim@sha256:43ac6c60b8f89723f746e8a92ce91abd5017e627ce1ddfe4238355d3a30b772c done
#13 sha256:43ac6c60b8f89723f746e8a92ce91abd5017e627ce1ddfe4238355d3a30b772c 5.22kB / 5.22kB done
#13 sha256:25330af3531fb5e23318554a0aa911125b6e91b1b777edf7655501d207c067a2 1.93kB / 1.93kB done
#13 sha256:88f8ba583a884279252779bbe221bf1ff2c61cf236cc973f8ca97676ae6d07f0 6.77kB / 6.77kB done
#13 sha256:774043ccc8ccd0d0833a9ee0792142ab7ad93df971e59dd248fbf82db16d0150 28.24MB / 28.24MB 0.6s done
#13 sha256:8ab8fd6c944526e5da2ca93b1663b2ab6f4bb8d4ea7b50a90d53c9fdcc5b0b9e 3.31kB / 3.31kB 0.7s done
#13 sha256:61592f5b60306b96e5208206668cdf0fa62d3cda3a3baeed26efdcd1a21aaba5 49.84MB / 49.84MB 1.0s done
#13 sha256:8d9d84ee31888adba85837fbf8f0e6eca99263904b2ba04d79e7d4fc1da40056 1.71MB / 1.71MB 1.0s done
#13 extracting sha256:774043ccc8ccd0d0833a9ee0792142ab7ad93df971e59dd248fbf82db16d0150 0.9s done
#13 sha256:dc40c63c08b5453854c13da6d72b3182737b2e223156b786c67779e0d6f4e8e0 446B / 446B 0.7s done
#13 extracting sha256:8ab8fd6c944526e5da2ca93b1663b2ab6f4bb8d4ea7b50a90d53c9fdcc5b0b9e done
#13 extracting sha256:61592f5b60306b96e5208206668cdf0fa62d3cda3a3baeed26efdcd1a21aaba5 0.9s done
#13 extracting sha256:8d9d84ee31888adba85837fbf8f0e6eca99263904b2ba04d79e7d4fc1da40056 0.0s done
#13 extracting sha256:dc40c63c08b5453854c13da6d72b3182737b2e223156b786c67779e0d6f4e8e0 done
#13 DONE 4.6s

#14 [agent console 2/8] WORKDIR /build
#14 DONE 0.0s

#15 [airlock console 3/8] COPY package.json package-lock.json ./
#15 DONE 0.0s

#12 [agent sqlite-runtime 3/6] RUN apt-get update && apt-get install -y --no-install-recommends build-essential ca-certificates && rm -rf /var/lib/apt/lists/*
#12 1.731   gcc-14-x86-64-linux-gnu gcc-x86-64-linux-gnu libasan8 libatomic1 libbinutils
#12 1.731   libc-dev-bin libc6-dev libcc1-0 libcrypt-dev libctf-nobfd0 libctf0
#12 1.731   libdpkg-perl libgcc-14-dev libgdbm-compat4t64 libgomp1 libgprofng0
#12 1.731   libhwasan0 libisl23 libitm1 libjansson4 liblsan0 libmpc3 libmpfr6
#12 1.732   libperl5.40 libquadmath0 libsframe1 libstdc++-14-dev libtsan2 libubsan1
#12 1.732   linux-libc-dev make patch perl perl-modules-5.40 rpcsvc-proto xz-utils
#12 1.732 Suggested packages:
#12 1.732   binutils-doc gprofng-gui binutils-gold bzip2-doc cpp-doc gcc-14-locales
#12 1.732   cpp-14-doc debian-keyring debian-tag2upload-keyring g++-multilib
#12 1.732   g++-14-multilib gcc-14-doc gcc-multilib manpages-dev autoconf automake
#12 1.732   libtool flex bison gdb gcc-doc gcc-14-multilib gdb-x86-64-linux-gnu
#12 1.732   libc-devtools glibc-doc sq | sqop | rsop | gosop | pgpainless-cli | gpg-sq
#12 1.732   | gnupg sensible-utils git bzr libstdc++-14-doc make-doc ed diffutils-doc
#12 1.732   perl-doc libterm-readline-gnu-perl | libterm-readline-perl-perl
#12 1.732   libtap-harness-archive-perl
#12 1.732 Recommended packages:
#12 1.732   fakeroot sq | sqop | rsop | gosop | pgpainless-cli | gpg-sq | gnupg
#12 1.732   libalgorithm-merge-perl manpages manpages-dev libfile-fcntllock-perl
#12 1.732   liblocale-gettext-perl
#12 1.854 The following NEW packages will be installed:
#12 1.854   binutils binutils-common binutils-x86-64-linux-gnu build-essential bzip2 cpp
#12 1.854   cpp-14 cpp-14-x86-64-linux-gnu cpp-x86-64-linux-gnu dpkg-dev g++ g++-14
#12 1.854   g++-14-x86-64-linux-gnu g++-x86-64-linux-gnu gcc gcc-14
#12 1.854   gcc-14-x86-64-linux-gnu gcc-x86-64-linux-gnu libasan8 libatomic1 libbinutils
#12 1.854   libc-dev-bin libc6-dev libcc1-0 libcrypt-dev libctf-nobfd0 libctf0
#12 1.854   libdpkg-perl libgcc-14-dev libgdbm-compat4t64 libgomp1 libgprofng0
#12 1.854   libhwasan0 libisl23 libitm1 libjansson4 liblsan0 libmpc3 libmpfr6
#12 1.854   libperl5.40 libquadmath0 libsframe1 libstdc++-14-dev libtsan2 libubsan1
#12 1.855   linux-libc-dev make patch perl perl-modules-5.40 rpcsvc-proto xz-utils
#12 1.928 0 upgraded, 52 newly installed, 0 to remove and 1 not upgraded.
#12 1.928 Need to get 82.6 MB of archives.
#12 1.928 After this operation, 336 MB of additional disk space will be used.
#12 1.928 Get:1 http://deb.debian.org/debian trixie/main amd64 bzip2 amd64 1.0.8-6 [40.5 kB]
#12 1.938 Get:2 http://deb.debian.org/debian trixie/main amd64 perl-modules-5.40 all 5.40.1-6+deb13u1 [3014 kB]
#12 2.006 Get:3 http://deb.debian.org/debian trixie/main amd64 libgdbm-compat4t64 amd64 1.24-2 [50.3 kB]
#12 2.007 Get:4 http://deb.debian.org/debian trixie/main amd64 libperl5.40 amd64 5.40.1-6+deb13u1 [4326 kB]
#12 2.030 Get:5 http://deb.debian.org/debian trixie/main amd64 perl amd64 5.40.1-6+deb13u1 [268 kB]
#12 2.031 Get:6 http://deb.debian.org/debian trixie/main amd64 xz-utils amd64 5.8.1-1+deb13u1 [659 kB]
#12 2.034 Get:7 http://deb.debian.org/debian trixie/main amd64 libsframe1 amd64 2.44-3 [78.4 kB]
#12 2.034 Get:8 http://deb.debian.org/debian trixie/main amd64 binutils-common amd64 2.44-3 [2509 kB]
#12 2.040 Get:9 http://deb.debian.org/debian trixie/main amd64 libbinutils amd64 2.44-3 [534 kB]
#12 2.041 Get:10 http://deb.debian.org/debian trixie/main amd64 libgprofng0 amd64 2.44-3 [808 kB]
#12 2.043 Get:11 http://deb.debian.org/debian trixie/main amd64 libctf-nobfd0 amd64 2.44-3 [156 kB]
#12 2.044 Get:12 http://deb.debian.org/debian trixie/main amd64 libctf0 amd64 2.44-3 [88.6 kB]
#12 2.045 Get:13 http://deb.debian.org/debian trixie/main amd64 libjansson4 amd64 2.14-2+b3 [39.8 kB]
#12 2.045 Get:14 http://deb.debian.org/debian trixie/main amd64 binutils-x86-64-linux-gnu amd64 2.44-3 [1014 kB]
#12 2.047 Get:15 http://deb.debian.org/debian trixie/main amd64 binutils amd64 2.44-3 [265 kB]
#12 2.048 Get:16 http://deb.debian.org/debian trixie/main amd64 libc-dev-bin amd64 2.41-12+deb13u4 [60.0 kB]
#12 2.048 Get:17 http://deb.debian.org/debian-security trixie-security/main amd64 linux-libc-dev all 6.12.111-1 [2988 kB]
#12 2.055 Get:18 http://deb.debian.org/debian trixie/main amd64 libcrypt-dev amd64 1:4.4.38-1 [119 kB]
#12 2.055 Get:19 http://deb.debian.org/debian trixie/main amd64 rpcsvc-proto amd64 1.4.3-1 [63.3 kB]
#12 2.056 Get:20 http://deb.debian.org/debian trixie/main amd64 libc6-dev amd64 2.41-12+deb13u4 [1995 kB]
#12 2.060 Get:21 http://deb.debian.org/debian trixie/main amd64 libisl23 amd64 0.27-1 [659 kB]
#12 2.062 Get:22 http://deb.debian.org/debian trixie/main amd64 libmpfr6 amd64 4.2.2-1 [729 kB]
#12 2.064 Get:23 http://deb.debian.org/debian trixie/main amd64 libmpc3 amd64 1.3.1-1+b3 [52.2 kB]
#12 2.064 Get:24 http://deb.debian.org/debian trixie/main amd64 cpp-14-x86-64-linux-gnu amd64 14.2.0-19 [11.0 MB]
#12 2.090 Get:25 http://deb.debian.org/debian trixie/main amd64 cpp-14 amd64 14.2.0-19 [1280 B]
#12 2.091 Get:26 http://deb.debian.org/debian trixie/main amd64 cpp-x86-64-linux-gnu amd64 4:14.2.0-1 [4840 B]
#12 2.091 Get:27 http://deb.debian.org/debian trixie/main amd64 cpp amd64 4:14.2.0-1 [1568 B]
#12 2.091 Get:28 http://deb.debian.org/debian trixie/main amd64 libcc1-0 amd64 14.2.0-19 [42.8 kB]
#12 2.092 Get:29 http://deb.debian.org/debian trixie/main amd64 libgomp1 amd64 14.2.0-19 [137 kB]
#12 2.092 Get:30 http://deb.debian.org/debian trixie/main amd64 libitm1 amd64 14.2.0-19 [26.0 kB]
#12 2.092 Get:31 http://deb.debian.org/debian trixie/main amd64 libatomic1 amd64 14.2.0-19 [9308 B]
#12 2.092 Get:32 http://deb.debian.org/debian trixie/main amd64 libasan8 amd64 14.2.0-19 [2725 kB]
#12 2.098 Get:33 http://deb.debian.org/debian trixie/main amd64 liblsan0 amd64 14.2.0-19 [1204 kB]
#12 2.101 Get:34 http://deb.debian.org/debian trixie/main amd64 libtsan2 amd64 14.2.0-19 [2460 kB]
#12 2.183 Get:35 http://deb.debian.org/debian trixie/main amd64 libubsan1 amd64 14.2.0-19 [1074 kB]
#12 2.185 Get:36 http://deb.debian.org/debian trixie/main amd64 libhwasan0 amd64 14.2.0-19 [1488 kB]
#12 2.189 Get:37 http://deb.debian.org/debian trixie/main amd64 libquadmath0 amd64 14.2.0-19 [145 kB]
#12 2.190 Get:38 http://deb.debian.org/debian trixie/main amd64 libgcc-14-dev amd64 14.2.0-19 [2672 kB]
#12 2.196 Get:39 http://deb.debian.org/debian trixie/main amd64 gcc-14-x86-64-linux-gnu amd64 14.2.0-19 [21.4 MB]
#12 2.336 Get:40 http://deb.debian.org/debian trixie/main amd64 gcc-14 amd64 14.2.0-19 [540 kB]
#12 2.338 Get:41 http://deb.debian.org/debian trixie/main amd64 gcc-x86-64-linux-gnu amd64 4:14.2.0-1 [1436 B]
#12 2.338 Get:42 http://deb.debian.org/debian trixie/main amd64 gcc amd64 4:14.2.0-1 [5136 B]
#12 2.338 Get:43 http://deb.debian.org/debian trixie/main amd64 libstdc++-14-dev amd64 14.2.0-19 [2376 kB]
#12 2.350 Get:44 http://deb.debian.org/debian trixie/main amd64 g++-14-x86-64-linux-gnu amd64 14.2.0-19 [12.1 MB]
#12 2.416 Get:45 http://deb.debian.org/debian trixie/main amd64 g++-14 amd64 14.2.0-19 [22.5 kB]
#12 2.416 Get:46 http://deb.debian.org/debian trixie/main amd64 g++-x86-64-linux-gnu amd64 4:14.2.0-1 [1200 B]
#12 2.416 Get:47 http://deb.debian.org/debian trixie/main amd64 g++ amd64 4:14.2.0-1 [1344 B]
#12 2.416 Get:48 http://deb.debian.org/debian trixie/main amd64 make amd64 4.4.1-2 [463 kB]
#12 2.417 Get:49 http://deb.debian.org/debian trixie/main amd64 libdpkg-perl all 1.22.22 [651 kB]
#12 2.419 Get:50 http://deb.debian.org/debian trixie/main amd64 patch amd64 2.8-2 [134 kB]
#12 2.422 Get:51 http://deb.debian.org/debian trixie/main amd64 dpkg-dev all 1.22.22 [1337 kB]
#12 2.426 Get:52 http://deb.debian.org/debian trixie/main amd64 build-essential amd64 12.12 [4624 B]
#12 2.551 debconf: unable to initialize frontend: Dialog
#12 2.551 debconf: (TERM is not set, so the dialog frontend is not usable.)
#12 2.551 debconf: falling back to frontend: Readline
#12 2.551 debconf: unable to initialize frontend: Readline
#12 2.551 debconf: (Can't locate Term/ReadLine.pm in @INC (you may need to install the Term::ReadLine module) (@INC entries checked: /etc/perl /usr/local/lib/x86_64-linux-gnu/perl/5.40.1 /usr/local/share/perl/5.40.1 /usr/lib/x86_64-linux-gnu/perl5/5.40 /usr/share/perl5 /usr/lib/x86_64-linux-gnu/perl-base /usr/lib/x86_64-linux-gnu/perl/5.40 /usr/share/perl/5.40 /usr/local/lib/site_perl) at /usr/share/perl5/Debconf/FrontEnd/Readline.pm line 8, <STDIN> line 52.)
#12 2.551 debconf: falling back to frontend: Teletype
#12 2.555 debconf: unable to initialize frontend: Teletype
#12 2.555 debconf: (This frontend requires a controlling tty.)
#12 2.555 debconf: falling back to frontend: Noninteractive
#12 3.477 Fetched 82.6 MB in 1s (146 MB/s)
#12 3.488 Selecting previously unselected package bzip2.
#12 3.488 (Reading database ... 
(Reading database ... 5%
(Reading database ... 10%
(Reading database ... 15%
(Reading database ... 20%
(Reading database ... 25%
(Reading database ... 30%
(Reading database ... 35%
(Reading database ... 40%
(Reading database ... 45%
(Reading database ... 50%
(Reading database ... 55%
(Reading database ... 60%
(Reading database ... 65%
(Reading database ... 70%
(Reading database ... 75%
(Reading database ... 80%
(Reading database ... 85%
(Reading database ... 90%
(Reading database ... 95%
(Reading database ... 100%
(Reading database ... 5660 files and directories currently installed.)
#12 3.494 Preparing to unpack .../00-bzip2_1.0.8-6_amd64.deb ...
#12 3.495 Unpacking bzip2 (1.0.8-6) ...
#12 3.507 Selecting previously unselected package perl-modules-5.40.
#12 3.508 Preparing to unpack .../01-perl-modules-5.40_5.40.1-6+deb13u1_all.deb ...
#12 3.509 Unpacking perl-modules-5.40 (5.40.1-6+deb13u1) ...
#12 3.708 Selecting previously unselected package libgdbm-compat4t64:amd64.
#12 3.709 Preparing to unpack .../02-libgdbm-compat4t64_1.24-2_amd64.deb ...
#12 3.710 Unpacking libgdbm-compat4t64:amd64 (1.24-2) ...
#12 3.723 Selecting previously unselected package libperl5.40:amd64.
#12 3.724 Preparing to unpack .../03-libperl5.40_5.40.1-6+deb13u1_amd64.deb ...
#12 3.725 Unpacking libperl5.40:amd64 (5.40.1-6+deb13u1) ...
#12 3.898 Selecting previously unselected package perl.
#12 3.899 Preparing to unpack .../04-perl_5.40.1-6+deb13u1_amd64.deb ...
#12 3.900 Unpacking perl (5.40.1-6+deb13u1) ...
#12 3.920 Selecting previously unselected package xz-utils.
#12 3.921 Preparing to unpack .../05-xz-utils_5.8.1-1+deb13u1_amd64.deb ...
#12 3.921 Unpacking xz-utils (5.8.1-1+deb13u1) ...
#12 3.947 Selecting previously unselected package libsframe1:amd64.
#12 3.948 Preparing to unpack .../06-libsframe1_2.44-3_amd64.deb ...
#12 3.949 Unpacking libsframe1:amd64 (2.44-3) ...
#12 3.960 Selecting previously unselected package binutils-common:amd64.
#12 3.961 Preparing to unpack .../07-binutils-common_2.44-3_amd64.deb ...
#12 3.962 Unpacking binutils-common:amd64 (2.44-3) ...
#12 4.049 Selecting previously unselected package libbinutils:amd64.
#12 4.051 Preparing to unpack .../08-libbinutils_2.44-3_amd64.deb ...
#12 4.051 Unpacking libbinutils:amd64 (2.44-3) ...
#12 4.080 Selecting previously unselected package libgprofng0:amd64.
#12 4.081 Preparing to unpack .../09-libgprofng0_2.44-3_amd64.deb ...
#12 4.082 Unpacking libgprofng0:amd64 (2.44-3) ...
#12 4.119 Selecting previously unselected package libctf-nobfd0:amd64.
#12 4.121 Preparing to unpack .../10-libctf-nobfd0_2.44-3_amd64.deb ...
#12 4.122 Unpacking libctf-nobfd0:amd64 (2.44-3) ...
#12 4.138 Selecting previously unselected package libctf0:amd64.
#12 4.139 Preparing to unpack .../11-libctf0_2.44-3_amd64.deb ...
#12 4.139 Unpacking libctf0:amd64 (2.44-3) ...
#12 4.153 Selecting previously unselected package libjansson4:amd64.
#12 4.154 Preparing to unpack .../12-libjansson4_2.14-2+b3_amd64.deb ...
#12 4.155 Unpacking libjansson4:amd64 (2.14-2+b3) ...
#12 4.168 Selecting previously unselected package binutils-x86-64-linux-gnu.
#12 4.169 Preparing to unpack .../13-binutils-x86-64-linux-gnu_2.44-3_amd64.deb ...
#12 4.170 Unpacking binutils-x86-64-linux-gnu (2.44-3) ...
#12 4.233 Selecting previously unselected package binutils.
#12 4.234 Preparing to unpack .../14-binutils_2.44-3_amd64.deb ...
#12 4.236 Unpacking binutils (2.44-3) ...
#12 4.256 Selecting previously unselected package libc-dev-bin.
#12 4.257 Preparing to unpack .../15-libc-dev-bin_2.41-12+deb13u4_amd64.deb ...
#12 4.258 Unpacking libc-dev-bin (2.41-12+deb13u4) ...
#12 4.269 Selecting previously unselected package linux-libc-dev.
#12 4.271 Preparing to unpack .../16-linux-libc-dev_6.12.111-1_all.deb ...
#12 4.271 Unpacking linux-libc-dev (6.12.111-1) ...
#12 4.557 Selecting previously unselected package libcrypt-dev:amd64.
#12 4.559 Preparing to unpack .../17-libcrypt-dev_1%3a4.4.38-1_amd64.deb ...
#12 4.563 Unpacking libcrypt-dev:amd64 (1:4.4.38-1) ...
#12 4.576 Selecting previously unselected package rpcsvc-proto.
#12 4.578 Preparing to unpack .../18-rpcsvc-proto_1.4.3-1_amd64.deb ...
#12 4.579 Unpacking rpcsvc-proto (1.4.3-1) ...
#12 4.593 Selecting previously unselected package libc6-dev:amd64.
#12 4.594 Preparing to unpack .../19-libc6-dev_2.41-12+deb13u4_amd64.deb ...
#12 4.595 Unpacking libc6-dev:amd64 (2.41-12+deb13u4) ...
#12 4.694 Selecting previously unselected package libisl23:amd64.
#12 4.695 Preparing to unpack .../20-libisl23_0.27-1_amd64.deb ...
#12 4.696 Unpacking libisl23:amd64 (0.27-1) ...
#12 4.729 Selecting previously unselected package libmpfr6:amd64.
#12 4.731 Preparing to unpack .../21-libmpfr6_4.2.2-1_amd64.deb ...
#12 4.731 Unpacking libmpfr6:amd64 (4.2.2-1) ...
#12 4.754 Selecting previously unselected package libmpc3:amd64.
#12 4.756 Preparing to unpack .../22-libmpc3_1.3.1-1+b3_amd64.deb ...
#12 4.756 Unpacking libmpc3:amd64 (1.3.1-1+b3) ...
#12 4.768 Selecting previously unselected package cpp-14-x86-64-linux-gnu.
#12 4.770 Preparing to unpack .../23-cpp-14-x86-64-linux-gnu_14.2.0-19_amd64.deb ...
#12 4.771 Unpacking cpp-14-x86-64-linux-gnu (14.2.0-19) ...
#12 5.077 Selecting previously unselected package cpp-14.
#12 5.078 Preparing to unpack .../24-cpp-14_14.2.0-19_amd64.deb ...
#12 5.079 Unpacking cpp-14 (14.2.0-19) ...
#12 5.089 Selecting previously unselected package cpp-x86-64-linux-gnu.
#12 5.090 Preparing to unpack .../25-cpp-x86-64-linux-gnu_4%3a14.2.0-1_amd64.deb ...
#12 5.091 Unpacking cpp-x86-64-linux-gnu (4:14.2.0-1) ...
#12 5.103 Selecting previously unselected package cpp.
#12 5.104 Preparing to unpack .../26-cpp_4%3a14.2.0-1_amd64.deb ...
#12 5.108 Unpacking cpp (4:14.2.0-1) ...
#12 5.119 Selecting previously unselected package libcc1-0:amd64.
#12 5.120 Preparing to unpack .../27-libcc1-0_14.2.0-19_amd64.deb ...
#12 5.121 Unpacking libcc1-0:amd64 (14.2.0-19) ...
#12 5.134 Selecting previously unselected package libgomp1:amd64.
#12 5.135 Preparing to unpack .../28-libgomp1_14.2.0-19_amd64.deb ...
#12 5.136 Unpacking libgomp1:amd64 (14.2.0-19) ...
#12 5.151 Selecting previously unselected package libitm1:amd64.
#12 5.153 Preparing to unpack .../29-libitm1_14.2.0-19_amd64.deb ...
#12 5.153 Unpacking libitm1:amd64 (14.2.0-19) ...
#12 5.165 Selecting previously unselected package libatomic1:amd64.
#12 5.167 Preparing to unpack .../30-libatomic1_14.2.0-19_amd64.deb ...
#12 5.167 Unpacking libatomic1:amd64 (14.2.0-19) ...
#12 5.180 Selecting previously unselected package libasan8:amd64.
#12 5.181 Preparing to unpack .../31-libasan8_14.2.0-19_amd64.deb ...
#12 5.182 Unpacking libasan8:amd64 (14.2.0-19) ...
#12 5.283 Selecting previously unselected package liblsan0:amd64.
#12 5.284 Preparing to unpack .../32-liblsan0_14.2.0-19_amd64.deb ...
#12 5.284 Unpacking liblsan0:amd64 (14.2.0-19) ...
#12 5.341 Selecting previously unselected package libtsan2:amd64.
#12 5.342 Preparing to unpack .../33-libtsan2_14.2.0-19_amd64.deb ...
#12 5.343 Unpacking libtsan2:amd64 (14.2.0-19) ...
#12 5.449 Selecting previously unselected package libubsan1:amd64.
#12 5.451 Preparing to unpack .../34-libubsan1_14.2.0-19_amd64.deb ...
#12 5.451 Unpacking libubsan1:amd64 (14.2.0-19) ...
#12 5.503 Selecting previously unselected package libhwasan0:amd64.
#12 5.504 Preparing to unpack .../35-libhwasan0_14.2.0-19_amd64.deb ...
#12 5.505 Unpacking libhwasan0:amd64 (14.2.0-19) ...
#12 5.565 Selecting previously unselected package libquadmath0:amd64.
#12 5.567 Preparing to unpack .../36-libquadmath0_14.2.0-19_amd64.deb ...
#12 5.568 Unpacking libquadmath0:amd64 (14.2.0-19) ...
#12 5.589 Selecting previously unselected package libgcc-14-dev:amd64.
#12 5.591 Preparing to unpack .../37-libgcc-14-dev_14.2.0-19_amd64.deb ...
#12 5.591 Unpacking libgcc-14-dev:amd64 (14.2.0-19) ...
#12 5.685 Selecting previously unselected package gcc-14-x86-64-linux-gnu.
#12 5.687 Preparing to unpack .../38-gcc-14-x86-64-linux-gnu_14.2.0-19_amd64.deb ...
#12 5.688 Unpacking gcc-14-x86-64-linux-gnu (14.2.0-19) ...
#12 6.063 Selecting previously unselected package gcc-14.
#12 6.064 Preparing to unpack .../39-gcc-14_14.2.0-19_amd64.deb ...
#12 6.065 Unpacking gcc-14 (14.2.0-19) ...
#12 6.080 Selecting previously unselected package gcc-x86-64-linux-gnu.
#12 6.082 Preparing to unpack .../40-gcc-x86-64-linux-gnu_4%3a14.2.0-1_amd64.deb ...
#12 6.083 Unpacking gcc-x86-64-linux-gnu (4:14.2.0-1) ...
#12 6.094 Selecting previously unselected package gcc.
#12 6.096 Preparing to unpack .../41-gcc_4%3a14.2.0-1_amd64.deb ...
#12 6.096 Unpacking gcc (4:14.2.0-1) ...
#12 6.108 Selecting previously unselected package libstdc++-14-dev:amd64.
#12 6.110 Preparing to unpack .../42-libstdc++-14-dev_14.2.0-19_amd64.deb ...
#12 6.110 Unpacking libstdc++-14-dev:amd64 (14.2.0-19) ...
#12 6.252 Selecting previously unselected package g++-14-x86-64-linux-gnu.
#12 6.254 Preparing to unpack .../43-g++-14-x86-64-linux-gnu_14.2.0-19_amd64.deb ...
#12 6.255 Unpacking g++-14-x86-64-linux-gnu (14.2.0-19) ...
#12 6.549 Selecting previously unselected package g++-14.
#12 6.549 Preparing to unpack .../44-g++-14_14.2.0-19_amd64.deb ...
#12 6.550 Unpacking g++-14 (14.2.0-19) ...
#12 6.564 Selecting previously unselected package g++-x86-64-linux-gnu.
#12 6.568 Preparing to unpack .../45-g++-x86-64-linux-gnu_4%3a14.2.0-1_amd64.deb ...
#12 6.568 Unpacking g++-x86-64-linux-gnu (4:14.2.0-1) ...
#12 6.577 Selecting previously unselected package g++.
#12 6.578 Preparing to unpack .../46-g++_4%3a14.2.0-1_amd64.deb ...
#12 6.579 Unpacking g++ (4:14.2.0-1) ...
#12 6.604 Selecting previously unselected package make.
#12 6.607 Preparing to unpack .../47-make_4.4.1-2_amd64.deb ...
#12 6.683 Unpacking make (4.4.1-2) ...
#12 7.031 Selecting previously unselected package libdpkg-perl.
#12 7.033 Preparing to unpack .../48-libdpkg-perl_1.22.22_all.deb ...
#12 7.150 Unpacking libdpkg-perl (1.22.22) ...
#12 7.906 Selecting previously unselected package patch.
#12 7.908 Preparing to unpack .../49-patch_2.8-2_amd64.deb ...
#12 7.995 Unpacking patch (2.8-2) ...
#12 8.077 Selecting previously unselected package dpkg-dev.
#12 8.078 Preparing to unpack .../50-dpkg-dev_1.22.22_all.deb ...
#12 8.094 Unpacking dpkg-dev (1.22.22) ...
#12 8.235 Selecting previously unselected package build-essential.
#12 8.236 Preparing to unpack .../51-build-essential_12.12_amd64.deb ...
#12 8.266 Unpacking build-essential (12.12) ...
#12 8.826 Setting up libgdbm-compat4t64:amd64 (1.24-2) ...
#12 9.110 Setting up binutils-common:amd64 (2.44-3) ...
#12 9.140 Setting up linux-libc-dev (6.12.111-1) ...
#12 9.170 Setting up libctf-nobfd0:amd64 (2.44-3) ...
#12 9.320 Setting up libgomp1:amd64 (14.2.0-19) ...
#12 9.486 Setting up bzip2 (1.0.8-6) ...
#12 9.528 Setting up libsframe1:amd64 (2.44-3) ...
#12 9.548 Setting up libjansson4:amd64 (2.14-2+b3) ...
#12 9.567 Setting up rpcsvc-proto (1.4.3-1) ...
#12 9.569 Setting up make (4.4.1-2) ...
#12 9.577 Setting up libmpfr6:amd64 (4.2.2-1) ...
#12 9.579 Setting up xz-utils (5.8.1-1+deb13u1) ...
#12 9.597 update-alternatives: using /usr/bin/xz to provide /usr/bin/lzma (lzma) in auto mode
#12 9.597 update-alternatives: warning: skip creation of /usr/share/man/man1/lzma.1.gz because associated file /usr/share/man/man1/xz.1.gz (of link group lzma) doesn't exist
#12 9.598 update-alternatives: warning: skip creation of /usr/share/man/man1/unlzma.1.gz because associated file /usr/share/man/man1/unxz.1.gz (of link group lzma) doesn't exist
#12 9.598 update-alternatives: warning: skip creation of /usr/share/man/man1/lzcat.1.gz because associated file /usr/share/man/man1/xzcat.1.gz (of link group lzma) doesn't exist
#12 9.598 update-alternatives: warning: skip creation of /usr/share/man/man1/lzmore.1.gz because associated file /usr/share/man/man1/xzmore.1.gz (of link group lzma) doesn't exist
#12 9.598 update-alternatives: warning: skip creation of /usr/share/man/man1/lzless.1.gz because associated file /usr/share/man/man1/xzless.1.gz (of link group lzma) doesn't exist
#12 9.598 update-alternatives: warning: skip creation of /usr/share/man/man1/lzdiff.1.gz because associated file /usr/share/man/man1/xzdiff.1.gz (of link group lzma) doesn't exist
#12 9.598 update-alternatives: warning: skip creation of /usr/share/man/man1/lzcmp.1.gz because associated file /usr/share/man/man1/xzcmp.1.gz (of link group lzma) doesn't exist
#12 9.598 update-alternatives: warning: skip creation of /usr/share/man/man1/lzgrep.1.gz because associated file /usr/share/man/man1/xzgrep.1.gz (of link group lzma) doesn't exist
#12 9.598 update-alternatives: warning: skip creation of /usr/share/man/man1/lzegrep.1.gz because associated file /usr/share/man/man1/xzegrep.1.gz (of link group lzma) doesn't exist
#12 9.598 update-alternatives: warning: skip creation of /usr/share/man/man1/lzfgrep.1.gz because associated file /usr/share/man/man1/xzfgrep.1.gz (of link group lzma) doesn't exist
#12 9.638 Setting up libquadmath0:amd64 (14.2.0-19) ...
#12 9.756 Setting up libmpc3:amd64 (1.3.1-1+b3) ...
#12 9.856 Setting up libatomic1:amd64 (14.2.0-19) ...
#12 9.916 Setting up patch (2.8-2) ...
#12 9.924 Setting up libubsan1:amd64 (14.2.0-19) ...
#12 9.965 Setting up perl-modules-5.40 (5.40.1-6+deb13u1) ...
#12 9.976 Setting up libhwasan0:amd64 (14.2.0-19) ...
#12 9.985 Setting up libcrypt-dev:amd64 (1:4.4.38-1) ...
#12 10.02 Setting up libasan8:amd64 (14.2.0-19) ...
#12 10.04 Setting up libtsan2:amd64 (14.2.0-19) ...
#12 10.05 Setting up libbinutils:amd64 (2.44-3) ...
#12 10.05 Setting up libisl23:amd64 (0.27-1) ...
#12 10.08 Setting up libc-dev-bin (2.41-12+deb13u4) ...
#12 10.09 Setting up libcc1-0:amd64 (14.2.0-19) ...
#12 10.10 Setting up liblsan0:amd64 (14.2.0-19) ...
#12 10.12 Setting up libitm1:amd64 (14.2.0-19) ...
#12 10.14 Setting up libctf0:amd64 (2.44-3) ...
#12 10.17 Setting up libperl5.40:amd64 (5.40.1-6+deb13u1) ...
#12 10.18 Setting up perl (5.40.1-6+deb13u1) ...
#12 10.19 Setting up libgprofng0:amd64 (2.44-3) ...
#12 10.25 Setting up cpp-14-x86-64-linux-gnu (14.2.0-19) ...
#12 ...

#16 [airlock console 4/8] RUN npm ci
#16 4.728 
#16 4.728 added 24 packages, and audited 25 packages in 5s
#16 4.728 
#16 4.728 6 packages are looking for funding
#16 4.728   run `npm fund` for details
#16 4.729 
#16 4.729 found 0 vulnerabilities
#16 4.730 npm notice
#16 4.730 npm notice New major version of npm available! 10.9.9 -> 12.2.0
#16 4.730 npm notice Changelog: https://github.com/npm/cli/releases/tag/v12.2.0
#16 4.730 npm notice To update run: npm install -g npm@12.2.0
#16 4.730 npm notice
#16 DONE 8.7s

#17 [agent console 5/8] COPY frontend frontend
#17 DONE 0.0s

#18 [agent console 6/8] COPY airlock/static airlock/static
#18 DONE 0.0s

#19 [agent console 7/8] COPY scripts/package_console.mjs scripts/package_console.mjs
#19 DONE 0.0s

#12 [agent sqlite-runtime 3/6] RUN apt-get update && apt-get install -y --no-install-recommends build-essential ca-certificates && rm -rf /var/lib/apt/lists/*
#12 10.43 Setting up libdpkg-perl (1.22.22) ...
#12 10.44 Setting up cpp-14 (14.2.0-19) ...
#12 10.45 Setting up libc6-dev:amd64 (2.41-12+deb13u4) ...
#12 10.45 Setting up libgcc-14-dev:amd64 (14.2.0-19) ...
#12 10.46 Setting up libstdc++-14-dev:amd64 (14.2.0-19) ...
#12 10.46 Setting up binutils-x86-64-linux-gnu (2.44-3) ...
#12 10.46 Setting up cpp-x86-64-linux-gnu (4:14.2.0-1) ...
#12 10.47 Setting up binutils (2.44-3) ...
#12 10.48 Setting up dpkg-dev (1.22.22) ...
#12 10.49 Setting up cpp (4:14.2.0-1) ...
#12 10.50 Setting up gcc-14-x86-64-linux-gnu (14.2.0-19) ...
#12 10.51 Setting up gcc-x86-64-linux-gnu (4:14.2.0-1) ...
#12 10.51 Setting up gcc-14 (14.2.0-19) ...
#12 10.51 Setting up g++-14-x86-64-linux-gnu (14.2.0-19) ...
#12 10.51 Setting up g++-x86-64-linux-gnu (4:14.2.0-1) ...
#12 10.52 Setting up g++-14 (14.2.0-19) ...
#12 10.52 Setting up gcc (4:14.2.0-1) ...
#12 10.53 Setting up g++ (4:14.2.0-1) ...
#12 10.53 update-alternatives: using /usr/bin/g++ to provide /usr/bin/c++ (c++) in auto mode
#12 10.53 Setting up build-essential (12.12) ...
#12 10.53 Processing triggers for libc-bin (2.41-12+deb13u4) ...
#12 DONE 10.6s

#20 [airlock sqlite-runtime 4/6] COPY configs/sqlite-runtime.json configs/sqlite-runtime.json
#20 DONE 0.0s

#21 [airlock sqlite-runtime 5/6] COPY scripts/build_sqlite_runtime.py scripts/build_sqlite_runtime.py
#21 DONE 0.0s

#22 [airlock sqlite-runtime 6/6] RUN python scripts/build_sqlite_runtime.py --prefix /opt/airlock-sqlite --output /opt/airlock-sqlite/build-report.json
#22 ...

#23 [airlock console 8/8] RUN npm run build
#23 0.179 
#23 0.179 > airlock-review-console@0.1.0 build
#23 0.179 > next build frontend --webpack && node scripts/package_console.mjs
#23 0.179 
#23 0.402 ▲ Next.js 16.3.8 (webpack)
#23 0.410 ✓ Running next.config.mjs took 8ms
#23 0.429 
#23 0.450   Creating an optimized production build ...
#23 4.733 ✓ Compiled successfully in 3.2s
#23 4.734   Running TypeScript ...
#23 4.735   Finished TypeScript in 1ms ...
#23 4.737   Collecting page data using 3 workers ...
#23 5.295   Generating static pages using 3 workers (0/3) ...
#23 5.639 ✓ Generating static pages using 3 workers (3/3) in 345ms
#23 5.857   Finalizing page optimization ...
#23 5.857   Collecting build traces ...
#23 11.21 
#23 11.21 Route (app)
#23 11.21 ┌ ○ /
#23 11.21 └ ○ /_not-found
#23 11.21 
#23 11.21 
#23 11.21 ○  (Static)  prerendered as static content
#23 11.21 
#23 11.28 {"framework":"Next.js static export","inline_script_hashes":2,"destination":"/build/airlock/console"}
#23 DONE 11.7s

#22 [airlock sqlite-runtime 6/6] RUN python scripts/build_sqlite_runtime.py --prefix /opt/airlock-sqlite --output /opt/airlock-sqlite/build-report.json
#22 22.40 {
#22 22.40   "mode": "official_source_shared_runtime",
#22 22.40   "platform": "Linux-6.17.0-1022-azure-x86_64-with-glibc2.41",
#22 22.40   "pin": {
#22 22.40     "version": "3.53.1",
#22 22.40     "source_id": "2026-05-05 10:34:17 c88b22011a54b4f6fbd149e9f8e4de77658ce58143a1af0e3785e4e6475127e9",
#22 22.40     "archive_url": "https://sqlite.org/2026/sqlite-autoconf-3530100.tar.gz",
#22 22.40     "archive_sha256": "83e6b2020a034e9a7ad4a72feea59e1ad52f162e09cbd26735a3ffb98359fc4f",
#22 22.40     "amalgamation_path": "sqlite-autoconf-3530100/sqlite3.c",
#22 22.40     "amalgamation_sha3_256": "414432ae5719f6cdc485f3927e12c7ad107e2b8c6b434e5df2eadb5312bfabb5",
#22 22.40     "release_reference": "https://sqlite.org/releaselog/3_53_1.html",
#22 22.40     "fix_reference": "https://sqlite.org/wal.html#walresetbug"
#22 22.40   },
#22 22.40   "compiler": "cc (Debian 14.2.0-19) 14.2.0",
#22 22.40   "compiler_flags": [
#22 22.40     "-O2",
#22 22.40     "-fPIC",
#22 22.40     "-shared",
#22 22.40     "-Wl,-soname,libsqlite3.so.0",
#22 22.40     "-DSQLITE_THREADSAFE=1",
#22 22.40     "-DSQLITE_ENABLE_COLUMN_METADATA",
#22 22.40     "-DSQLITE_ENABLE_FTS3",
#22 22.40     "-DSQLITE_ENABLE_FTS5",
#22 22.40     "-DSQLITE_ENABLE_RTREE",
#22 22.40     "-DSQLITE_ENABLE_DBSTAT_VTAB",
#22 22.40     "-DSQLITE_ENABLE_MATH_FUNCTIONS",
#22 22.40     "-DSQLITE_USE_URI=1"
#22 22.40   ],
#22 22.40   "library": "/opt/airlock-sqlite/lib/libsqlite3.so.0",
#22 22.40   "library_sha256": "8fac480a6336553316e0417dad6fc91f32b054396724b34b65f25546637dcd26",
#22 22.40   "verified_python_runtime": {
#22 22.40     "version": "3.53.1",
#22 22.40     "source_id": "2026-05-05 10:34:17 c88b22011a54b4f6fbd149e9f8e4de77658ce58143a1af0e3785e4e6475127e9",
#22 22.40     "compile_options": [
#22 22.40       "ATOMIC_INTRINSICS=1",
#22 22.40       "COMPILER=gcc-14.2.0",
#22 22.40       "DEFAULT_AUTOVACUUM",
#22 22.40       "DEFAULT_CACHE_SIZE=-2000",
#22 22.40       "DEFAULT_FILE_FORMAT=4",
#22 22.40       "DEFAULT_JOURNAL_SIZE_LIMIT=-1",
#22 22.40       "DEFAULT_MMAP_SIZE=0",
#22 22.40       "DEFAULT_PAGE_SIZE=4096",
#22 22.40       "DEFAULT_PCACHE_INITSZ=20",
#22 22.40       "DEFAULT_RECURSIVE_TRIGGERS",
#22 22.40       "DEFAULT_SECTOR_SIZE=4096",
#22 22.40       "DEFAULT_SYNCHRONOUS=2",
#22 22.40       "DEFAULT_WAL_AUTOCHECKPOINT=1000",
#22 22.40       "DEFAULT_WAL_SYNCHRONOUS=2",
#22 22.40       "DEFAULT_WORKER_THREADS=0",
#22 22.40       "DIRECT_OVERFLOW_READ",
#22 22.40       "ENABLE_COLUMN_METADATA",
#22 22.40       "ENABLE_DBSTAT_VTAB",
#22 22.40       "ENABLE_FTS3",
#22 22.40       "ENABLE_FTS5",
#22 22.40       "ENABLE_MATH_FUNCTIONS",
#22 22.40       "ENABLE_RTREE",
#22 22.40       "MALLOC_SOFT_LIMIT=1024",
#22 22.40       "MAX_ATTACHED=10",
#22 22.40       "MAX_COLUMN=2000",
#22 22.40       "MAX_COMPOUND_SELECT=500",
#22 22.40       "MAX_DEFAULT_PAGE_SIZE=8192",
#22 22.40       "MAX_EXPR_DEPTH=1000",
#22 22.40       "MAX_FUNCTION_ARG=1000",
#22 22.40       "MAX_LENGTH=1000000000",
#22 22.40       "MAX_LIKE_PATTERN_LENGTH=50000",
#22 22.40       "MAX_MMAP_SIZE=0x7fff0000",
#22 22.40       "MAX_PAGE_COUNT=0xfffffffe",
#22 22.40       "MAX_PAGE_SIZE=65536",
#22 22.40       "MAX_SQL_LENGTH=1000000000",
#22 22.40       "MAX_TRIGGER_DEPTH=1000",
#22 22.40       "MAX_VARIABLE_NUMBER=32766",
#22 22.40       "MAX_VDBE_OP=250000000",
#22 22.40       "MAX_WORKER_THREADS=8",
#22 22.40       "MUTEX_PTHREADS",
#22 22.40       "SYSTEM_MALLOC",
#22 22.40       "TEMP_STORE=1",
#22 22.40       "THREADSAFE=1",
#22 22.40       "USE_URI"
#22 22.40     ]
#22 22.40   },
#22 22.40   "child_exit_code": 0,
#22 22.40   "system_library_replaced": false
#22 22.40 }
#22 DONE 22.4s

#24 [airlock stage-2  3/11] COPY --from=sqlite-runtime /opt/airlock-sqlite /opt/airlock-sqlite
#24 DONE 0.0s

#25 [agent stage-2  4/11] COPY configs/sqlite-runtime.json configs/sqlite-runtime.json
#25 DONE 0.0s

#26 [airlock stage-2  5/11] RUN printf '%s\n' /opt/airlock-sqlite/lib > /etc/ld.so.conf.d/00-airlock-sqlite.conf && ldconfig
#26 DONE 0.1s

#27 [airlock stage-2  6/11] COPY requirements.txt requirements.txt
#27 DONE 0.0s

#28 [airlock stage-2  7/11] RUN pip install --no-cache-dir -r requirements.txt && useradd --uid 10001 --create-home airlock && mkdir /data && chown 10001:10001 /data
#28 0.894 Collecting fastapi==0.142.2 (from -r requirements.txt (line 1))
#28 0.948   Downloading fastapi-0.142.2-py3-none-any.whl.metadata (27 kB)
#28 0.970 Collecting starlette==1.7.0 (from -r requirements.txt (line 2))
#28 0.979   Downloading starlette-1.7.0-py3-none-any.whl.metadata (6.6 kB)
#28 1.044 Collecting pydantic==2.13.5 (from -r requirements.txt (line 3))
#28 1.054   Downloading pydantic-2.13.5-py3-none-any.whl.metadata (110 kB)
#28 1.082 Collecting uvicorn==0.48.0 (from -r requirements.txt (line 4))
#28 1.091   Downloading uvicorn-0.48.0-py3-none-any.whl.metadata (6.7 kB)
#28 1.105 Collecting httpx==0.28.1 (from -r requirements.txt (line 5))
#28 1.114   Downloading httpx-0.28.1-py3-none-any.whl.metadata (7.1 kB)
#28 1.128 Collecting cel-python==0.4.0 (from -r requirements.txt (line 6))
#28 1.139   Downloading cel_python-0.4.0-py3-none-any.whl.metadata (8.5 kB)
#28 1.160 Collecting PyYAML==6.0.3 (from -r requirements.txt (line 7))
#28 1.170   Downloading pyyaml-6.0.3-cp313-cp313-manylinux2014_x86_64.manylinux_2_17_x86_64.manylinux_2_28_x86_64.whl.metadata (2.4 kB)
#28 1.183 Collecting PyJWT==2.15.1 (from -r requirements.txt (line 8))
#28 1.192   Downloading pyjwt-2.15.1-py3-none-any.whl.metadata (3.5 kB)
#28 1.284 Collecting cryptography==50.0.2 (from -r requirements.txt (line 9))
#28 1.294   Downloading cryptography-50.0.2-cp311-abi3-manylinux_2_34_x86_64.whl.metadata (4.4 kB)
#28 1.309 Collecting typing-extensions>=4.8.0 (from fastapi==0.142.2->-r requirements.txt (line 1))
#28 1.318   Downloading typing_extensions-4.16.0-py3-none-any.whl.metadata (3.3 kB)
#28 1.329 Collecting typing-inspection>=0.4.2 (from fastapi==0.142.2->-r requirements.txt (line 1))
#28 1.339   Downloading typing_inspection-0.4.4-py3-none-any.whl.metadata (2.6 kB)
#28 1.350 Collecting annotated-doc>=0.0.2 (from fastapi==0.142.2->-r requirements.txt (line 1))
#28 1.359   Downloading annotated_doc-0.0.5-py3-none-any.whl.metadata (6.5 kB)
#28 1.373 Collecting opentelemetry-api>=1.44.0 (from fastapi==0.142.2->-r requirements.txt (line 1))
#28 1.383   Downloading opentelemetry_api-1.45.0-py3-none-any.whl.metadata (1.4 kB)
#28 1.397 Collecting anyio<5,>=4.0.0 (from starlette==1.7.0->-r requirements.txt (line 2))
#28 1.406   Downloading anyio-4.15.1-py3-none-any.whl.metadata (4.7 kB)
#28 1.418 Collecting annotated-types>=0.6.0 (from pydantic==2.13.5->-r requirements.txt (line 3))
#28 1.427   Downloading annotated_types-0.8.0-py3-none-any.whl.metadata (15 kB)
#28 1.730 Collecting pydantic-core==2.46.5 (from pydantic==2.13.5->-r requirements.txt (line 3))
#28 1.740   Downloading pydantic_core-2.46.5-cp313-cp313-manylinux_2_17_x86_64.manylinux2014_x86_64.whl.metadata (6.6 kB)
#28 1.755 Collecting click>=7.0 (from uvicorn==0.48.0->-r requirements.txt (line 4))
#28 1.765   Downloading click-8.5.0-py3-none-any.whl.metadata (2.6 kB)
#28 1.776 Collecting h11>=0.8 (from uvicorn==0.48.0->-r requirements.txt (line 4))
#28 1.786   Downloading h11-0.16.0-py3-none-any.whl.metadata (8.3 kB)
#28 1.800 Collecting certifi (from httpx==0.28.1->-r requirements.txt (line 5))
#28 1.810   Downloading certifi-2026.7.22-py3-none-any.whl.metadata (2.5 kB)
#28 1.823 Collecting httpcore==1.* (from httpx==0.28.1->-r requirements.txt (line 5))
#28 1.832   Downloading httpcore-1.0.9-py3-none-any.whl.metadata (21 kB)
#28 1.845 Collecting idna (from httpx==0.28.1->-r requirements.txt (line 5))
#28 1.855   Downloading idna-3.20-py3-none-any.whl.metadata (7.2 kB)
#28 1.886 Collecting google-re2>=1.1.20240702 (from cel-python==0.4.0->-r requirements.txt (line 6))
#28 1.898   Downloading google_re2-1.1.20251105-1-cp313-cp313-manylinux_2_27_x86_64.manylinux_2_28_x86_64.whl.metadata (2.4 kB)
#28 1.909 Collecting jmespath>=1.0.1 (from cel-python==0.4.0->-r requirements.txt (line 6))
#28 1.919   Downloading jmespath-1.1.0-py3-none-any.whl.metadata (7.6 kB)
#28 1.930 Collecting lark>=1.2.2 (from cel-python==0.4.0->-r requirements.txt (line 6))
#28 1.940   Downloading lark-1.3.1-py3-none-any.whl.metadata (1.8 kB)
#28 1.964 Collecting pendulum>=3.1.0 (from cel-python==0.4.0->-r requirements.txt (line 6))
#28 1.977   Downloading pendulum-3.2.0-cp313-cp313-manylinux_2_17_x86_64.manylinux2014_x86_64.whl.metadata (6.8 kB)
#28 2.026 Collecting cffi>=2.0.0 (from cryptography==50.0.2->-r requirements.txt (line 9))
#28 2.036   Downloading cffi-2.1.1-cp313-cp313-manylinux2014_x86_64.manylinux_2_17_x86_64.whl.metadata (2.5 kB)
#28 2.050 Collecting pycparser (from cffi>=2.0.0->cryptography==50.0.2->-r requirements.txt (line 9))
#28 2.059   Downloading pycparser-3.0-py3-none-any.whl.metadata (8.2 kB)
#28 2.073 Collecting python-dateutil>=2.6 (from pendulum>=3.1.0->cel-python==0.4.0->-r requirements.txt (line 6))
#28 2.082   Downloading python_dateutil-2.9.0.post0-py2.py3-none-any.whl.metadata (8.4 kB)
#28 2.096 Collecting tzdata>=2020.1 (from pendulum>=3.1.0->cel-python==0.4.0->-r requirements.txt (line 6))
#28 2.105   Downloading tzdata-2026.4-py2.py3-none-any.whl.metadata (1.4 kB)
#28 2.117 Collecting six>=1.5 (from python-dateutil>=2.6->pendulum>=3.1.0->cel-python==0.4.0->-r requirements.txt (line 6))
#28 2.127   Downloading six-1.17.0-py2.py3-none-any.whl.metadata (1.7 kB)
#28 2.138 Downloading fastapi-0.142.2-py3-none-any.whl (144 kB)
#28 2.156 Downloading starlette-1.7.0-py3-none-any.whl (78 kB)
#28 2.166 Downloading pydantic-2.13.5-py3-none-any.whl (472 kB)
#28 2.187 Downloading uvicorn-0.48.0-py3-none-any.whl (71 kB)
#28 2.197 Downloading httpx-0.28.1-py3-none-any.whl (73 kB)
#28 2.207 Downloading cel_python-0.4.0-py3-none-any.whl (85 kB)
#28 2.217 Downloading pyyaml-6.0.3-cp313-cp313-manylinux2014_x86_64.manylinux_2_17_x86_64.manylinux_2_28_x86_64.whl (801 kB)
#28 2.227    ━━━━━━━━━━━━━━━━━━━━━━━━━━━━━━━━━━━━━━━━ 801.6/801.6 kB 61.8 MB/s  0:00:00
#28 2.237 Downloading pyjwt-2.15.1-py3-none-any.whl (33 kB)
#28 2.246 Downloading cryptography-50.0.2-cp311-abi3-manylinux_2_34_x86_64.whl (4.8 MB)
#28 2.273    ━━━━━━━━━━━━━━━━━━━━━━━━━━━━━━━━━━━━━━━━ 4.8/4.8 MB 178.8 MB/s  0:00:00
#28 2.282 Downloading pydantic_core-2.46.5-cp313-cp313-manylinux_2_17_x86_64.manylinux2014_x86_64.whl (2.1 MB)
#28 2.285    ━━━━━━━━━━━━━━━━━━━━━━━━━━━━━━━━━━━━━━━━ 2.1/2.1 MB 1.1 GB/s  0:00:00
#28 2.295 Downloading anyio-4.15.1-py3-none-any.whl (132 kB)
#28 2.304 Downloading httpcore-1.0.9-py3-none-any.whl (78 kB)
#28 2.314 Downloading annotated_doc-0.0.5-py3-none-any.whl (5.3 kB)
#28 2.323 Downloading annotated_types-0.8.0-py3-none-any.whl (13 kB)
#28 2.333 Downloading cffi-2.1.1-cp313-cp313-manylinux2014_x86_64.manylinux_2_17_x86_64.whl (221 kB)
#28 2.344 Downloading click-8.5.0-py3-none-any.whl (125 kB)
#28 2.353 Downloading google_re2-1.1.20251105-1-cp313-cp313-manylinux_2_27_x86_64.manylinux_2_28_x86_64.whl (591 kB)
#28 2.355    ━━━━━━━━━━━━━━━━━━━━━━━━━━━━━━━━━━━━━━━━ 591.4/591.4 kB 333.8 MB/s  0:00:00
#28 2.365 Downloading h11-0.16.0-py3-none-any.whl (37 kB)
#28 2.374 Downloading idna-3.20-py3-none-any.whl (69 kB)
#28 2.384 Downloading jmespath-1.1.0-py3-none-any.whl (20 kB)
#28 2.393 Downloading lark-1.3.1-py3-none-any.whl (113 kB)
#28 2.403 Downloading opentelemetry_api-1.45.0-py3-none-any.whl (60 kB)
#28 2.412 Downloading pendulum-3.2.0-cp313-cp313-manylinux_2_17_x86_64.manylinux2014_x86_64.whl (348 kB)
#28 2.422 Downloading python_dateutil-2.9.0.post0-py2.py3-none-any.whl (229 kB)
#28 2.431 Downloading six-1.17.0-py2.py3-none-any.whl (11 kB)
#28 2.441 Downloading typing_extensions-4.16.0-py3-none-any.whl (45 kB)
#28 2.450 Downloading typing_inspection-0.4.4-py3-none-any.whl (14 kB)
#28 2.460 Downloading tzdata-2026.4-py2.py3-none-any.whl (347 kB)
#28 2.469 Downloading certifi-2026.7.22-py3-none-any.whl (136 kB)
#28 2.479 Downloading pycparser-3.0-py3-none-any.whl (48 kB)
#28 2.578 Installing collected packages: tzdata, typing-extensions, six, PyYAML, PyJWT, pycparser, lark, jmespath, idna, h11, google-re2, click, certifi, annotated-types, annotated-doc, uvicorn, typing-inspection, python-dateutil, pydantic-core, opentelemetry-api, httpcore, cffi, anyio, starlette, pydantic, pendulum, httpx, cryptography, fastapi, cel-python
#28 3.640 
#28 3.641 Successfully installed PyJWT-2.15.1 PyYAML-6.0.3 annotated-doc-0.0.5 annotated-types-0.8.0 anyio-4.15.1 cel-python-0.4.0 certifi-2026.7.22 cffi-2.1.1 click-8.5.0 cryptography-50.0.2 fastapi-0.142.2 google-re2-1.1.20251105 h11-0.16.0 httpcore-1.0.9 httpx-0.28.1 idna-3.20 jmespath-1.1.0 lark-1.3.1 opentelemetry-api-1.45.0 pendulum-3.2.0 pycparser-3.0 pydantic-2.13.5 pydantic-core-2.46.5 python-dateutil-2.9.0.post0 six-1.17.0 starlette-1.7.0 typing-extensions-4.16.0 typing-inspection-0.4.4 tzdata-2026.4 uvicorn-0.48.0
#28 3.642 WARNING: Running pip as the 'root' user can result in broken permissions and conflicting behaviour with the system package manager, possibly rendering your system unusable. It is recommended to use a virtual environment instead: https://pip.pypa.io/warnings/venv. Use the --root-user-action option if you know what you are doing and want to suppress this warning.
#28 DONE 4.0s

#29 [airlock stage-2  8/11] COPY --chown=10001:10001 airlock airlock
#29 DONE 0.0s

#30 [airlock stage-2  9/11] COPY --from=console --chown=10001:10001 /build/airlock/console airlock/console
#30 DONE 0.0s

#31 [airlock stage-2 10/11] COPY --chown=10001:10001 scripts scripts
#31 DONE 0.0s

#32 [airlock stage-2 11/11] RUN python -m airlock.sqlite_runtime --pin-file configs/sqlite-runtime.json --build-report /opt/airlock-sqlite/build-report.json --output /opt/airlock-sqlite/linked-report.json
#32 0.171 {
#32 0.171   "version": "3.53.1",
#32 0.171   "source_id": "2026-05-05 10:34:17 c88b22011a54b4f6fbd149e9f8e4de77658ce58143a1af0e3785e4e6475127e9",
#32 0.171   "wal_reset_fix": "upstream_fixed_version",
#32 0.171   "compile_options": [
#32 0.171     "ATOMIC_INTRINSICS=1",
#32 0.171     "COMPILER=gcc-14.2.0",
#32 0.171     "DEFAULT_AUTOVACUUM",
#32 0.171     "DEFAULT_CACHE_SIZE=-2000",
#32 0.171     "DEFAULT_FILE_FORMAT=4",
#32 0.171     "DEFAULT_JOURNAL_SIZE_LIMIT=-1",
#32 0.171     "DEFAULT_MMAP_SIZE=0",
#32 0.171     "DEFAULT_PAGE_SIZE=4096",
#32 0.171     "DEFAULT_PCACHE_INITSZ=20",
#32 0.171     "DEFAULT_RECURSIVE_TRIGGERS",
#32 0.171     "DEFAULT_SECTOR_SIZE=4096",
#32 0.171     "DEFAULT_SYNCHRONOUS=2",
#32 0.171     "DEFAULT_WAL_AUTOCHECKPOINT=1000",
#32 0.171     "DEFAULT_WAL_SYNCHRONOUS=2",
#32 0.171     "DEFAULT_WORKER_THREADS=0",
#32 0.171     "DIRECT_OVERFLOW_READ",
#32 0.171     "ENABLE_COLUMN_METADATA",
#32 0.171     "ENABLE_DBSTAT_VTAB",
#32 0.171     "ENABLE_FTS3",
#32 0.171     "ENABLE_FTS5",
#32 0.171     "ENABLE_MATH_FUNCTIONS",
#32 0.171     "ENABLE_RTREE",
#32 0.171     "MALLOC_SOFT_LIMIT=1024",
#32 0.171     "MAX_ATTACHED=10",
#32 0.171     "MAX_COLUMN=2000",
#32 0.171     "MAX_COMPOUND_SELECT=500",
#32 0.171     "MAX_DEFAULT_PAGE_SIZE=8192",
#32 0.171     "MAX_EXPR_DEPTH=1000",
#32 0.171     "MAX_FUNCTION_ARG=1000",
#32 0.171     "MAX_LENGTH=1000000000",
#32 0.171     "MAX_LIKE_PATTERN_LENGTH=50000",
#32 0.171     "MAX_MMAP_SIZE=0x7fff0000",
#32 0.171     "MAX_PAGE_COUNT=0xfffffffe",
#32 0.171     "MAX_PAGE_SIZE=65536",
#32 0.171     "MAX_SQL_LENGTH=1000000000",
#32 0.171     "MAX_TRIGGER_DEPTH=1000",
#32 0.171     "MAX_VARIABLE_NUMBER=32766",
#32 0.171     "MAX_VDBE_OP=250000000",
#32 0.171     "MAX_WORKER_THREADS=8",
#32 0.171     "MUTEX_PTHREADS",
#32 0.171     "SYSTEM_MALLOC",
#32 0.171     "TEMP_STORE=1",
#32 0.171     "THREADSAFE=1",
#32 0.171     "USE_URI"
#32 0.171   ],
#32 0.171   "python": "3.13.16",
#32 0.171   "sqlite_threadsafety": 3,
#32 0.171   "pin_verified": true,
#32 0.171   "archive_sha256": "83e6b2020a034e9a7ad4a72feea59e1ad52f162e09cbd26735a3ffb98359fc4f",
#32 0.171   "amalgamation_sha3_256": "414432ae5719f6cdc485f3927e12c7ad107e2b8c6b434e5df2eadb5312bfabb5",
#32 0.171   "loaded_shared_library_files": [
#32 0.171     {
#32 0.171       "path": "/opt/airlock-sqlite/lib/libsqlite3.so.0",
#32 0.171       "bytes": 1605768,
#32 0.171       "sha256": "8fac480a6336553316e0417dad6fc91f32b054396724b34b65f25546637dcd26"
#32 0.171     }
#32 0.171   ],
#32 0.171   "loaded_shared_libraries": [
#32 0.171     "/opt/airlock-sqlite/lib/libsqlite3.so.0"
#32 0.171   ],
#32 0.171   "build_report_verified": true,
#32 0.171   "build_report_sha256": "7b06c542bba71858f7499dc24352ea1f0c39e7aa2f6e36dfdf1b17b64a6cdb2f"
#32 0.171 }
#32 DONE 0.2s

#33 [airlock] exporting to image
#33 exporting layers
#33 exporting layers 0.8s done
#33 writing image sha256:b14787236045a231a2b346db2265d848c64bcc537c4dda79a9240e17b879fff6 done
#33 naming to docker.io/library/airlock-check-e74f9b76f1d7-airlock done
#33 DONE 0.8s

#34 [agent] exporting to image
#34 exporting layers 0.8s done
#34 writing image sha256:b14787236045a231a2b346db2265d848c64bcc537c4dda79a9240e17b879fff6 done
#34 naming to docker.io/library/airlock-check-e74f9b76f1d7-agent done
#34 DONE 0.8s

#35 [airlock] resolving provenance for metadata file
#35 DONE 0.0s

#36 [agent] resolving provenance for metadata file
#36 DONE 0.0s
 agent  Built
 airlock  Built

 Network airlock-check-e74f9b76f1d7_protected  Creating
 Network airlock-check-e74f9b76f1d7_protected  Created
 Network airlock-check-e74f9b76f1d7_ingress  Creating
 Network airlock-check-e74f9b76f1d7_ingress  Created
 Volume "airlock-check-e74f9b76f1d7_state"  Creating
 Volume "airlock-check-e74f9b76f1d7_state"  Created
 Container airlock-check-e74f9b76f1d7-airlock-1  Creating
 Container airlock-check-e74f9b76f1d7-airlock-1  Created
 Container airlock-check-e74f9b76f1d7-airlock-1  Starting
 Container airlock-check-e74f9b76f1d7-airlock-1  Started

ad84cb48cc0f917e97b4adaab2b426583a4a827a36f27f7c464c9657e8b3ffe0

{"pending_id": "74f9b51c091d4b90a168f178d34803d0", "uid": 10001, "effective_capabilities": 0, "sqlite_runtime": {"version": "3.53.1", "source_id": "2026-05-05 10:34:17 c88b22011a54b4f6fbd149e9f8e4de77658ce58143a1af0e3785e4e6475127e9", "wal_reset_fix": "upstream_fixed_version", "compile_options": ["ATOMIC_INTRINSICS=1", "COMPILER=gcc-14.2.0", "DEFAULT_AUTOVACUUM", "DEFAULT_CACHE_SIZE=-2000", "DEFAULT_FILE_FORMAT=4", "DEFAULT_JOURNAL_SIZE_LIMIT=-1", "DEFAULT_MMAP_SIZE=0", "DEFAULT_PAGE_SIZE=4096", "DEFAULT_PCACHE_INITSZ=20", "DEFAULT_RECURSIVE_TRIGGERS", "DEFAULT_SECTOR_SIZE=4096", "DEFAULT_SYNCHRONOUS=2", "DEFAULT_WAL_AUTOCHECKPOINT=1000", "DEFAULT_WAL_SYNCHRONOUS=2", "DEFAULT_WORKER_THREADS=0", "DIRECT_OVERFLOW_READ", "ENABLE_COLUMN_METADATA", "ENABLE_DBSTAT_VTAB", "ENABLE_FTS3", "ENABLE_FTS5", "ENABLE_MATH_FUNCTIONS", "ENABLE_RTREE", "MALLOC_SOFT_LIMIT=1024", "MAX_ATTACHED=10", "MAX_COLUMN=2000", "MAX_COMPOUND_SELECT=500", "MAX_DEFAULT_PAGE_SIZE=8192", "MAX_EXPR_DEPTH=1000", "MAX_FUNCTION_ARG=1000", "MAX_LENGTH=1000000000", "MAX_LIKE_PATTERN_LENGTH=50000", "MAX_MMAP_SIZE=0x7fff0000", "MAX_PAGE_COUNT=0xfffffffe", "MAX_PAGE_SIZE=65536", "MAX_SQL_LENGTH=1000000000", "MAX_TRIGGER_DEPTH=1000", "MAX_VARIABLE_NUMBER=32766", "MAX_VDBE_OP=250000000", "MAX_WORKER_THREADS=8", "MUTEX_PTHREADS", "SYSTEM_MALLOC", "TEMP_STORE=1", "THREADSAFE=1", "USE_URI"], "python": "3.13.16", "sqlite_threadsafety": 3, "loaded_shared_library_files": [{"path": "/opt/airlock-sqlite/lib/libsqlite3.so.0", "bytes": 1605768, "sha256": "8fac480a6336553316e0417dad6fc91f32b054396724b34b65f25546637dcd26"}], "build_report_verified": true, "build_report_sha256": "7b06c542bba71858f7499dc24352ea1f0c39e7aa2f6e36dfdf1b17b64a6cdb2f"}, "checks": ["agent_has_no_reviewer_or_audit_secret", "target_database_not_mounted_in_agent", "no_server_config_or_docker_socket", "non_root_read_only_no_capabilities", "agent_cannot_approve_or_read_audit", "SQL_cannot_read_control_tables", "write_waits_for_separate_reviewer", "container_loads_pinned_sqlite_runtime"]}

 Container airlock-check-e74f9b76f1d7-airlock-1  Restarting
 Container airlock-check-e74f9b76f1d7-airlock-1  Started

 Container airlock-check-e74f9b76f1d7-airlock-1  Restarting
 Container airlock-check-e74f9b76f1d7-airlock-1  Started

 Container airlock-check-e74f9b76f1d7-airlock-1  Stopping
 Container airlock-check-e74f9b76f1d7-airlock-1  Stopped
 Container airlock-check-e74f9b76f1d7-airlock-1  Removing
 Container airlock-check-e74f9b76f1d7-airlock-1  Removed
 Volume airlock-check-e74f9b76f1d7_state  Removing
 Network airlock-check-e74f9b76f1d7_protected  Removing
 Network airlock-check-e74f9b76f1d7_ingress  Removing
 Volume airlock-check-e74f9b76f1d7_state  Removed
 Network airlock-check-e74f9b76f1d7_protected  Removed
 Network airlock-check-e74f9b76f1d7_ingress  Removed
