Traceback (most recent call last):
  File "C:\Users\27363\AppData\Roaming\uv\python\cpython-3.13-windows-x86_64-none\Lib\shutil.py", line 625, in _rmtree_unsafe
    os.unlink(fullname)
    ~~~~~~~~~^^^^^^^^^^
PermissionError: [WinError 32] 另一个程序正在使用此文件，进程无法访问。: 'C:\\Users\\27363\\AppData\\Local\\Temp\\tmpv7z11fg4\\business.sqlite3'

During handling of the above exception, another exception occurred:

Traceback (most recent call last):
  File "C:\Users\27363\Desktop\airlock\var\bidirectional-20261003\operations\baseline_probe.py", line 10, in <module>
    with tempfile.TemporaryDirectory() as temp:
         ~~~~~~~~~~~~~~~~~~~~~~~~~~~^^
  File "C:\Users\27363\AppData\Roaming\uv\python\cpython-3.13-windows-x86_64-none\Lib\tempfile.py", line 952, in __exit__
    self.cleanup()
    ~~~~~~~~~~~~^^
  File "C:\Users\27363\AppData\Roaming\uv\python\cpython-3.13-windows-x86_64-none\Lib\tempfile.py", line 956, in cleanup
    self._rmtree(self.name, ignore_errors=self._ignore_cleanup_errors)
    ~~~~~~~~~~~~^^^^^^^^^^^^^^^^^^^^^^^^^^^^^^^^^^^^^^^^^^^^^^^^^^^^^^
  File "C:\Users\27363\AppData\Roaming\uv\python\cpython-3.13-windows-x86_64-none\Lib\tempfile.py", line 936, in _rmtree
    _shutil.rmtree(name, onexc=onexc)
    ~~~~~~~~~~~~~~^^^^^^^^^^^^^^^^^^^
  File "C:\Users\27363\AppData\Roaming\uv\python\cpython-3.13-windows-x86_64-none\Lib\shutil.py", line 790, in rmtree
    return _rmtree_unsafe(path, onexc)
  File "C:\Users\27363\AppData\Roaming\uv\python\cpython-3.13-windows-x86_64-none\Lib\shutil.py", line 629, in _rmtree_unsafe
    onexc(os.unlink, fullname, err)
    ~~~~~^^^^^^^^^^^^^^^^^^^^^^^^^^
  File "C:\Users\27363\AppData\Roaming\uv\python\cpython-3.13-windows-x86_64-none\Lib\tempfile.py", line 911, in onexc
    _os.unlink(path)
    ~~~~~~~~~~^^^^^^
PermissionError: [WinError 32] 另一个程序正在使用此文件，进程无法访问。: 'C:\\Users\\27363\\AppData\\Local\\Temp\\tmpv7z11fg4\\business.sqlite3'
