Traceback (most recent call last):
  File "C:\Users\27363\Desktop\airlock\scripts\archive_integration.py", line 62, in main
    try:operation()
        ~~~~~~~~~^^
  File "C:\Users\27363\Desktop\airlock\scripts\archive_integration.py", line 59, in <lambda>
    ('delete_exact_version',lambda:s3.delete_object(Bucket=config.bucket,Key=receipt['key'],VersionId=receipt['version_id'])),
                                   ~~~~~~~~~~~~~~~~^^^^^^^^^^^^^^^^^^^^^^^^^^^^^^^^^^^^^^^^^^^^^^^^^^^^^^^^^^^^^^^^^^^^^^^^^
  File "C:\Users\27363\Desktop\airlock\.venv\Lib\site-packages\botocore\client.py", line 606, in _api_call
    return self._make_api_call(operation_name, kwargs)
           ~~~~~~~~~~~~~~~~~~~^^^^^^^^^^^^^^^^^^^^^^^^
  File "C:\Users\27363\Desktop\airlock\.venv\Lib\site-packages\botocore\context.py", line 123, in wrapper
    return func(*args, **kwargs)
  File "C:\Users\27363\Desktop\airlock\.venv\Lib\site-packages\botocore\client.py", line 1094, in _make_api_call
    raise error_class(parsed_response, operation_name)
botocore.errorfactory.InvalidRequest: An error occurred (InvalidRequest) when calling the DeleteObject operation: Object is WORM protected and cannot be overwritten

During handling of the above exception, another exception occurred:

Traceback (most recent call last):
  File "C:\Users\27363\Desktop\airlock\scripts\archive_integration.py", line 90, in <module>
    if __name__=='__main__':main()
                            ~~~~^^
  File "C:\Users\27363\Desktop\airlock\scripts\archive_integration.py", line 64, in main
    assert exc.response['ResponseMetadata']['HTTPStatusCode']==403
           ^^^^^^^^^^^^^^^^^^^^^^^^^^^^^^^^^^^^^^^^^^^^^^^^^^^^^^^
AssertionError
