C:\Users\27363\Desktop\airlock\.venv\Lib\site-packages\fastapi\testclient.py:1: StarletteDeprecationWarning: Using `httpx` with `starlette.testclient` is deprecated; install `httpx2` instead.
  from starlette.testclient import TestClient as TestClient  # noqa
{
  "status": "REGRESSION_REPRODUCED_AND_FIXED",
  "rows": [
    {
      "implementation": "old_module",
      "old_source_sha": "cc9d687c71effc77e317b12560bd23659c4bd0c0",
      "identity_checks": [
        "reviewer:owner",
        "agent:demo",
        "agent:demo",
        "agent:demo",
        "agent:demo",
        "agent:demo",
        "agent:demo",
        "agent:demo",
        "agent:demo",
        "agent:demo",
        "agent:demo",
        "agent:demo",
        "agent:demo",
        "agent:demo",
        "agent:demo",
        "agent:demo",
        "agent:demo",
        "agent:demo",
        "agent:demo",
        "agent:demo",
        "agent:demo",
        "agent:demo",
        "agent:demo",
        "agent:demo",
        "agent:demo",
        "agent:demo",
        "agent:demo",
        "agent:demo",
        "agent:demo",
        "agent:demo",
        "agent:demo"
      ],
      "action_id_notified_after_identity_change": true,
      "response_bytes": 467,
      "rows_unchanged": true,
      "decision_occurred": false
    },
    {
      "implementation": "fixed_module",
      "old_source_sha": null,
      "identity_checks": [
        "reviewer:owner",
        "agent:demo"
      ],
      "action_id_notified_after_identity_change": false,
      "response_bytes": 0,
      "rows_unchanged": true,
      "decision_occurred": false
    }
  ],
  "scope": "real ASGI event stream with a simulated trusted identity-map reload; no business effect"
}
