{
  "split": "test",
  "corpus_sha256": "243854b51e7039324de4c31fa7a67af1a98ddc48b9c9edfbbac581a2c2f73af7",
  "live_model_requested": false,
  "limitations": [
    "Original synthetic corpus is unchanged and has no independent human danger gold.",
    "The pure model arm measures advice only; it cannot execute or bypass the production gate.",
    "Live model arms require AIRLOCK-only configuration, key and explicit budget authorization."
  ],
  "arms": {
    "keyword": {
      "status": "MEASURED",
      "n": 80
    },
    "pure_llm": {
      "status": "BLOCKED_EXTERNAL",
      "n": 0
    },
    "hybrid_no_preview": {
      "status": "BLOCKED_EXTERNAL",
      "n": 0
    },
    "hybrid_with_preview": {
      "status": "BLOCKED_EXTERNAL",
      "n": 0
    }
  }
}
