Docker Compose version v5.5.1

{
  "name": "airlock-check-7515434e1bb7",
  "networks": {
    "ingress": {
      "name": "airlock-check-7515434e1bb7_ingress",
      "driver": "bridge",
      "ipam": {}
    },
    "protected": {
      "name": "airlock-check-7515434e1bb7_protected",
      "ipam": {},
      "internal": true
    }
  },
  "services": {
    "agent": {
      "profiles": [
        "demo"
      ],
      "build": {
        "context": "C:\\Users\\27363\\Desktop\\airlock",
        "dockerfile": "Dockerfile"
      },
      "cap_drop": [
        "ALL"
      ],
      "command": [
        "--scenario",
        "delete",
        "--allow-internal-http"
      ],
      "depends_on": {
        "airlock": {
          "condition": "service_healthy",
          "required": true
        }
      },
      "entrypoint": [
        "python",
        "scripts/demo_agent.py"
      ],
      "environment": {
        "AIRLOCK_AGENT_TOKEN": "[REDACTED]",
        "AIRLOCK_URL": "http://airlock:8000"
      },
      "networks": {
        "protected": null
      },
      "read_only": true,
      "security_opt": [
        "no-new-privileges:true"
      ],
      "tmpfs": [
        "/tmp:rw,noexec,nosuid,size=16m,mode=1777"
      ]
    },
    "airlock": {
      "build": {
        "context": "C:\\Users\\27363\\Desktop\\airlock",
        "dockerfile": "Dockerfile"
      },
      "cap_drop": [
        "ALL"
      ],
      "command": null,
      "entrypoint": null,
      "environment": {
        "AIRLOCK_AGENT_TOKEN": "[REDACTED]",
        "AIRLOCK_AUDIT_KEY": "[REDACTED]",
        "AIRLOCK_DB": "/data/airlock.db",
        "AIRLOCK_INTERNAL_HOST": "airlock",
        "AIRLOCK_ORIGIN": "http://127.0.0.1:56507",
        "AIRLOCK_REVIEWER_TOKEN": "[REDACTED]"
      },
      "healthcheck": {
        "test": [
          "CMD",
          "python",
          "-c",
          "import urllib.request; urllib.request.urlopen('http://127.0.0.1:8000/healthz', timeout=2)"
        ],
        "timeout": "3s",
        "interval": "5s",
        "retries": 10
      },
      "networks": {
        "ingress": null,
        "protected": null
      },
      "ports": [
        {
          "mode": "ingress",
          "host_ip": "127.0.0.1",
          "target": 8000,
          "published": "56507",
          "protocol": "tcp"
        }
      ],
      "read_only": true,
      "security_opt": [
        "no-new-privileges:true"
      ],
      "tmpfs": [
        "/tmp:rw,noexec,nosuid,size=32m,mode=1777"
      ],
      "volumes": [
        {
          "type": "volume",
          "source": "state",
          "target": "/data",
          "volume": {}
        }
      ]
    }
  },
  "volumes": {
    "state": {
      "name": "airlock-check-7515434e1bb7_state"
    }
  }
}
#1 [internal] load local bake definitions
#1 reading from stdin 1.03kB 0.0s done
#1 DONE 0.0s

#2 [airlock internal] load build definition from Dockerfile
#2 transferring dockerfile: 860B 0.0s done
#2 DONE 0.0s

#3 [airlock internal] load metadata for docker.io/library/python:3.13-slim
#3 ...

#4 [auth] library/python:pull token for registry-1.docker.io
#4 DONE 0.0s

#5 [auth] library/node:pull token for registry-1.docker.io
#5 DONE 0.0s

#6 [airlock internal] load metadata for docker.io/library/node:22-slim
#6 ...

#3 [agent internal] load metadata for docker.io/library/python:3.13-slim
#3 ERROR: failed to authorize: failed to fetch oauth token: Post "https://auth.docker.io/token": dial tcp [2a03:2880:f12c:183:face:b00c:0:25de]:443: connectex: A connection attempt failed because the connected party did not properly respond after a period of time, or established connection failed because connected host has failed to respond.

#6 [agent internal] load metadata for docker.io/library/node:22-slim
#6 CANCELED
------
 > [airlock internal] load metadata for docker.io/library/python:3.13-slim:
------
 Image airlock-check-7515434e1bb7-agent Building 
 Image airlock-check-7515434e1bb7-airlock Building 
Dockerfile:11

--------------------

   9 |     RUN npm run build

  10 |     

  11 | >>> FROM python:3.13-slim

  12 |     ENV PYTHONDONTWRITEBYTECODE=1 PYTHONUNBUFFERED=1

  13 |     WORKDIR /app

--------------------

target agent: failed to solve: failed to fetch oauth token: Post "https://auth.docker.io/token": dial tcp [2a03:2880:f12c:183:face:b00c:0:25de]:443: connectex: A connection attempt failed because the connected party did not properly respond after a period of time, or established connection failed because connected host has failed to respond.



View build details: docker-desktop://dashboard/build/default/default/i8sy4hiemmm8d8upcfhgoj3ab


NAME      IMAGE     COMMAND   SERVICE   CREATED   STATUS    PORTS


service "airlock" is not running

Diagnostic unavailable: Compose command port failed with exit code 1; inspect docker-build.log
