2026-10-02T10:36:43.988Z	info	otelconftelemetry/tracer.go:47	Internal trace telemetry disabled	{"resource": {"service.instance.id": "ac36459a-f4aa-4aaf-894e-787cf227991f", "service.name": "otelcol", "service.version": "0.162.0"}}
2026-10-02T10:36:43.993Z	info	service@v0.162.0/service.go:233	Starting otelcol...	{"resource": {"service.instance.id": "ac36459a-f4aa-4aaf-894e-787cf227991f", "service.name": "otelcol", "service.version": "0.162.0"}, "Version": "0.162.0", "NumCPU": 32}
2026-10-02T10:36:43.994Z	info	extensions/extensions.go:43	Starting extensions...	{"resource": {"service.instance.id": "ac36459a-f4aa-4aaf-894e-787cf227991f", "service.name": "otelcol", "service.version": "0.162.0"}}
2026-10-02T10:36:43.994Z	info	otlpreceiver@v0.162.0/otlp.go:175	Starting HTTP server	{"resource": {"service.instance.id": "ac36459a-f4aa-4aaf-894e-787cf227991f", "service.name": "otelcol", "service.version": "0.162.0"}, "otelcol.component.id": "otlp", "otelcol.component.kind": "receiver", "endpoint": "[::]:4318"}
2026-10-02T10:36:43.994Z	info	service@v0.162.0/service.go:256	Everything is ready. Begin running and processing data.	{"resource": {"service.instance.id": "ac36459a-f4aa-4aaf-894e-787cf227991f", "service.name": "otelcol", "service.version": "0.162.0"}}
2026-10-02T10:36:44.145Z	info	Traces	{"resource": {"service.instance.id": "ac36459a-f4aa-4aaf-894e-787cf227991f", "service.name": "otelcol", "service.version": "0.162.0"}, "otelcol.component.id": "debug", "otelcol.component.kind": "exporter", "otelcol.signal": "traces", "resource spans": 1, "spans": 1}
2026-10-02T10:36:44.145Z	info	ResourceSpans #0
Resource SchemaURL: 
Resource attributes:
     -> service.name: Str(airlock)
ScopeSpans #0
ScopeSpans SchemaURL: 
InstrumentationScope airlock.audit 1
Span #0
    Trace ID       : 8ff19b31f02c4f2aa45c80d9caf2e7ed
    Parent ID      : 
    ID             : 731e457f259f3447
    Name           : action.evaluated
    Kind           : Internal
    Start time     : 2026-10-02 10:36:44.0856728 +0000 UTC
    End time       : 2026-10-02 10:36:44.1043328 +0000 UTC
    Status code    : Unset
    Status message : 
    DroppedAttributesCount: 0
    DroppedEventsCount: 0
    DroppedLinksCount: 0
Attributes:
     -> airlock.action_id: Str(a63d8af347d9471a9a8b13484a2b0660)
     -> airlock.state: Str(pending)
     -> airlock.request_id: Str(08bb3387d60d4eaca43aa4bc576e2519)
	{"resource": {"service.instance.id": "ac36459a-f4aa-4aaf-894e-787cf227991f", "service.name": "otelcol", "service.version": "0.162.0"}, "otelcol.component.id": "debug", "otelcol.component.kind": "exporter", "otelcol.signal": "traces"}
