C:\Users\27363\Desktop\airlock\.venv\Lib\site-packages\fastapi\testclient.py:1: StarletteDeprecationWarning: Using `httpx` with `starlette.testclient` is deprecated; install `httpx2` instead.
  from starlette.testclient import TestClient as TestClient  # noqa
Traceback (most recent call last):
  File "C:\Users\27363\AppData\Roaming\uv\python\cpython-3.13-windows-x86_64-none\Lib\shutil.py", line 625, in _rmtree_unsafe
    os.unlink(fullname)
    ~~~~~~~~~^^^^^^^^^^
PermissionError: [WinError 32] 另一个程序正在使用此文件，进程无法访问。: 'C:\\Users\\27363\\Desktop\\airlock\\var\\bidirectional-20261003\\execution\\crash-keccj3q9\\target.db'

During handling of the above exception, another exception occurred:

Traceback (most recent call last):
  File "C:\Users\27363\Desktop\airlock\var\bidirectional-20261003\execution\independent_boundaries.py", line 121, in <module>
    run()
    ~~~^^
  File "C:\Users\27363\Desktop\airlock\var\bidirectional-20261003\execution\independent_boundaries.py", line 54, in run
    with tempfile.TemporaryDirectory(prefix='crash-', dir=Path(__file__).parent) as directory:
         ~~~~~~~~~~~~~~~~~~~~~~~~~~~^^^^^^^^^^^^^^^^^^^^^^^^^^^^^^^^^^^^^^^^^^^^
  File "C:\Users\27363\AppData\Roaming\uv\python\cpython-3.13-windows-x86_64-none\Lib\tempfile.py", line 952, in __exit__
    self.cleanup()
    ~~~~~~~~~~~~^^
  File "C:\Users\27363\AppData\Roaming\uv\python\cpython-3.13-windows-x86_64-none\Lib\tempfile.py", line 956, in cleanup
    self._rmtree(self.name, ignore_errors=self._ignore_cleanup_errors)
    ~~~~~~~~~~~~^^^^^^^^^^^^^^^^^^^^^^^^^^^^^^^^^^^^^^^^^^^^^^^^^^^^^^
  File "C:\Users\27363\AppData\Roaming\uv\python\cpython-3.13-windows-x86_64-none\Lib\tempfile.py", line 936, in _rmtree
    _shutil.rmtree(name, onexc=onexc)
    ~~~~~~~~~~~~~~^^^^^^^^^^^^^^^^^^^
  File "C:\Users\27363\AppData\Roaming\uv\python\cpython-3.13-windows-x86_64-none\Lib\shutil.py", line 790, in rmtree
    return _rmtree_unsafe(path, onexc)
  File "C:\Users\27363\AppData\Roaming\uv\python\cpython-3.13-windows-x86_64-none\Lib\shutil.py", line 629, in _rmtree_unsafe
    onexc(os.unlink, fullname, err)
    ~~~~~^^^^^^^^^^^^^^^^^^^^^^^^^^
  File "C:\Users\27363\AppData\Roaming\uv\python\cpython-3.13-windows-x86_64-none\Lib\tempfile.py", line 911, in onexc
    _os.unlink(path)
    ~~~~~~~~~~^^^^^^
PermissionError: [WinError 32] 另一个程序正在使用此文件，进程无法访问。: 'C:\\Users\\27363\\Desktop\\airlock\\var\\bidirectional-20261003\\execution\\crash-keccj3q9\\target.db'
