....FF                                                                   [100%]
================================== FAILURES ===================================
_ test_scoped_audit_pagination_crosses_invisible_governance_prefix[/v1/audit] _

identity_scope = (Settings(database=WindowsPath('C:/Users/27363/AppData/Local/Temp/pytest-of-27363/pytest-422/test_scoped_audit_paginat...C:/Users/27363/AppData/Local/Temp/pytest-of-27363/pytest-422/test_scoped_audit_pagination_c0/boundary-reviewers.json'))
endpoint = '/v1/audit'

    @pytest.mark.parametrize('endpoint', ['/v1/audit', '/v1/audit/export'])
    def test_scoped_audit_pagination_crosses_invisible_governance_prefix(identity_scope, endpoint):
        settings, token, _ = identity_scope
        with TestClient(create_app(settings), base_url=settings.origin) as client:
            gate = client.app.state.gate
            operator = {'Authorization': 'Bearer ' + settings.reviewer_token}
            # No action count is consumed by valid operator cache invalidations.
            # Exceed the former max_actions*4 raw scan window with invisible events.
            for _ in range(settings.max_actions * 4 + 1):
                assert client.post('/v1/semantic/cache/invalidate', headers=operator).status_code == 200
            action = gate.submit(call(key='visible-after-hidden-events'))
            auth = {'Authorization': 'Bearer ' + token()}
            first = client.get(endpoint, headers=auth)
            assert first.status_code == 200
            report = first.json()
>           assert len(report['items']) == 1
E           assert 0 == 1
E            +  where 0 = len([])

tests\test_identity_boundaries.py:85: AssertionError
_ test_scoped_audit_pagination_crosses_invisible_governance_prefix[/v1/audit/export] _

identity_scope = (Settings(database=WindowsPath('C:/Users/27363/AppData/Local/Temp/pytest-of-27363/pytest-422/test_scoped_audit_paginat...C:/Users/27363/AppData/Local/Temp/pytest-of-27363/pytest-422/test_scoped_audit_pagination_c1/boundary-reviewers.json'))
endpoint = '/v1/audit/export'

    @pytest.mark.parametrize('endpoint', ['/v1/audit', '/v1/audit/export'])
    def test_scoped_audit_pagination_crosses_invisible_governance_prefix(identity_scope, endpoint):
        settings, token, _ = identity_scope
        with TestClient(create_app(settings), base_url=settings.origin) as client:
            gate = client.app.state.gate
            operator = {'Authorization': 'Bearer ' + settings.reviewer_token}
            # No action count is consumed by valid operator cache invalidations.
            # Exceed the former max_actions*4 raw scan window with invisible events.
            for _ in range(settings.max_actions * 4 + 1):
                assert client.post('/v1/semantic/cache/invalidate', headers=operator).status_code == 200
            action = gate.submit(call(key='visible-after-hidden-events'))
            auth = {'Authorization': 'Bearer ' + token()}
            first = client.get(endpoint, headers=auth)
            assert first.status_code == 200
            report = first.json()
>           assert len(report['items']) == 1
E           assert 0 == 1
E            +  where 0 = len([])

tests\test_identity_boundaries.py:85: AssertionError
============================== warnings summary ===============================
.venv\Lib\site-packages\fastapi\testclient.py:1
  C:\Users\27363\Desktop\airlock\.venv\Lib\site-packages\fastapi\testclient.py:1: StarletteDeprecationWarning: Using `httpx` with `starlette.testclient` is deprecated; install `httpx2` instead.
    from starlette.testclient import TestClient as TestClient  # noqa

-- Docs: https://docs.pytest.org/en/stable/how-to/capture-warnings.html
=========================== short test summary info ===========================
FAILED tests/test_identity_boundaries.py::test_scoped_audit_pagination_crosses_invisible_governance_prefix[/v1/audit]
FAILED tests/test_identity_boundaries.py::test_scoped_audit_pagination_crosses_invisible_governance_prefix[/v1/audit/export]
2 failed, 4 passed, 1 warning in 1.15s
