Docker Compose version v2.38.2

{
  "name": "airlock-check-d86eb7335bb5",
  "networks": {
    "ingress": {
      "name": "airlock-check-d86eb7335bb5_ingress",
      "driver": "bridge",
      "ipam": {}
    },
    "protected": {
      "name": "airlock-check-d86eb7335bb5_protected",
      "ipam": {},
      "internal": true
    }
  },
  "services": {
    "agent": {
      "profiles": [
        "demo"
      ],
      "build": {
        "context": "/home/runner/work/AIRLOCK/AIRLOCK",
        "dockerfile": "Dockerfile"
      },
      "cap_drop": [
        "ALL"
      ],
      "command": [
        "--scenario",
        "delete",
        "--allow-internal-http"
      ],
      "depends_on": {
        "airlock": {
          "condition": "service_healthy",
          "required": true
        }
      },
      "entrypoint": [
        "python",
        "scripts/demo_agent.py"
      ],
      "environment": {
        "AIRLOCK_AGENT_TOKEN": "[REDACTED]",
        "AIRLOCK_URL": "http://airlock:8000"
      },
      "networks": {
        "protected": null
      },
      "read_only": true,
      "security_opt": [
        "no-new-privileges:true"
      ],
      "tmpfs": [
        "/tmp:rw,noexec,nosuid,size=16m,mode=1777"
      ]
    },
    "airlock": {
      "build": {
        "context": "/home/runner/work/AIRLOCK/AIRLOCK",
        "dockerfile": "Dockerfile"
      },
      "cap_drop": [
        "ALL"
      ],
      "command": null,
      "entrypoint": null,
      "environment": {
        "AIRLOCK_AGENT_TOKEN": "[REDACTED]",
        "AIRLOCK_AUDIT_KEY": "[REDACTED]",
        "AIRLOCK_DB": "/data/airlock.db",
        "AIRLOCK_INTERNAL_HOST": "airlock",
        "AIRLOCK_ORIGIN": "http://127.0.0.1:51199",
        "AIRLOCK_REVIEWER_TOKEN": "[REDACTED]"
      },
      "healthcheck": {
        "test": [
          "CMD",
          "python",
          "-c",
          "import urllib.request; urllib.request.urlopen('http://127.0.0.1:8000/healthz', timeout=2)"
        ],
        "timeout": "3s",
        "interval": "5s",
        "retries": 10
      },
      "networks": {
        "ingress": null,
        "protected": null
      },
      "ports": [
        {
          "mode": "ingress",
          "host_ip": "127.0.0.1",
          "target": 8000,
          "published": "51199",
          "protocol": "tcp"
        }
      ],
      "read_only": true,
      "security_opt": [
        "no-new-privileges:true"
      ],
      "tmpfs": [
        "/tmp:rw,noexec,nosuid,size=32m,mode=1777"
      ],
      "volumes": [
        {
          "type": "volume",
          "source": "state",
          "target": "/data",
          "volume": {}
        }
      ]
    }
  },
  "volumes": {
    "state": {
      "name": "airlock-check-d86eb7335bb5_state"
    }
  }
}
#1 [internal] load local bake definitions
#1 reading from stdin 689B done
#1 DONE 0.0s

#2 [airlock internal] load build definition from Dockerfile
#2 transferring dockerfile: 30B
#2 transferring dockerfile: 1.70kB 0.0s done
#2 DONE 0.0s

#3 [auth] library/node:pull token for registry-1.docker.io
#3 DONE 0.0s

#4 [auth] library/python:pull token for registry-1.docker.io
#4 DONE 0.0s

#5 [agent internal] load metadata for docker.io/library/node:22-slim
#5 DONE 0.3s

#6 [airlock internal] load metadata for docker.io/library/python:3.13-slim
#6 DONE 0.3s

#7 [agent internal] load .dockerignore
#7 transferring context: 188B done
#7 DONE 0.0s

#8 [agent internal] load build context
#8 transferring context: 1.08MB 0.0s done
#8 DONE 0.0s

#9 [agent console 1/8] FROM docker.io/library/node:22-slim@sha256:43ac6c60b8f89723f746e8a92ce91abd5017e627ce1ddfe4238355d3a30b772c
#9 resolve docker.io/library/node:22-slim@sha256:43ac6c60b8f89723f746e8a92ce91abd5017e627ce1ddfe4238355d3a30b772c done
#9 sha256:43ac6c60b8f89723f746e8a92ce91abd5017e627ce1ddfe4238355d3a30b772c 5.22kB / 5.22kB done
#9 sha256:25330af3531fb5e23318554a0aa911125b6e91b1b777edf7655501d207c067a2 1.93kB / 1.93kB done
#9 sha256:43ac6c60b8f89723f746e8a92ce91abd5017e627ce1ddfe4238355d3a30b772c 5.22kB / 5.22kB done
#9 sha256:25330af3531fb5e23318554a0aa911125b6e91b1b777edf7655501d207c067a2 1.93kB / 1.93kB done
#9 sha256:88f8ba583a884279252779bbe221bf1ff2c61cf236cc973f8ca97676ae6d07f0 6.77kB / 6.77kB done
#9 sha256:61592f5b60306b96e5208206668cdf0fa62d3cda3a3baeed26efdcd1a21aaba5 27.26MB / 49.84MB 0.4s
#9 sha256:774043ccc8ccd0d0833a9ee0792142ab7ad93df971e59dd248fbf82db16d0150 28.24MB / 28.24MB 0.4s
#9 sha256:8ab8fd6c944526e5da2ca93b1663b2ab6f4bb8d4ea7b50a90d53c9fdcc5b0b9e 3.31kB / 3.31kB 0.3s done
#9 sha256:8d9d84ee31888adba85837fbf8f0e6eca99263904b2ba04d79e7d4fc1da40056 1.71MB / 1.71MB 0.3s done
#9 sha256:dc40c63c08b5453854c13da6d72b3182737b2e223156b786c67779e0d6f4e8e0 446B / 446B 0.3s done
#9 sha256:61592f5b60306b96e5208206668cdf0fa62d3cda3a3baeed26efdcd1a21aaba5 49.84MB / 49.84MB 0.5s
#9 sha256:774043ccc8ccd0d0833a9ee0792142ab7ad93df971e59dd248fbf82db16d0150 28.24MB / 28.24MB 0.6s done
#9 extracting sha256:774043ccc8ccd0d0833a9ee0792142ab7ad93df971e59dd248fbf82db16d0150
#9 sha256:61592f5b60306b96e5208206668cdf0fa62d3cda3a3baeed26efdcd1a21aaba5 49.84MB / 49.84MB 0.7s done
#9 extracting sha256:774043ccc8ccd0d0833a9ee0792142ab7ad93df971e59dd248fbf82db16d0150 1.1s done
#9 extracting sha256:8ab8fd6c944526e5da2ca93b1663b2ab6f4bb8d4ea7b50a90d53c9fdcc5b0b9e
#9 extracting sha256:8ab8fd6c944526e5da2ca93b1663b2ab6f4bb8d4ea7b50a90d53c9fdcc5b0b9e done
#9 extracting sha256:61592f5b60306b96e5208206668cdf0fa62d3cda3a3baeed26efdcd1a21aaba5
#9 extracting sha256:61592f5b60306b96e5208206668cdf0fa62d3cda3a3baeed26efdcd1a21aaba5 1.8s done
#9 extracting sha256:8d9d84ee31888adba85837fbf8f0e6eca99263904b2ba04d79e7d4fc1da40056
#9 extracting sha256:8d9d84ee31888adba85837fbf8f0e6eca99263904b2ba04d79e7d4fc1da40056 0.0s done
#9 extracting sha256:dc40c63c08b5453854c13da6d72b3182737b2e223156b786c67779e0d6f4e8e0 done
#9 DONE 6.7s

#10 [agent console 2/8] WORKDIR /build
#10 DONE 0.0s

#11 [airlock console 3/8] COPY package.json package-lock.json ./
#11 DONE 0.0s

#12 [airlock console 4/8] RUN npm ci
#12 ...

#13 [airlock sqlite-runtime 1/6] FROM docker.io/library/python:3.13-slim@sha256:bb2988715db2cf7ace7b53f38f3cffbef7c7046a656bee66245eb0ed386e2e81
#13 resolve docker.io/library/python:3.13-slim@sha256:bb2988715db2cf7ace7b53f38f3cffbef7c7046a656bee66245eb0ed386e2e81 done
#13 sha256:7e7563f2ddb63441774cb88bb68bab20ca9a79267a9982ea921419c1a6910b8c 11.92MB / 11.92MB 0.3s done
#13 sha256:bb2988715db2cf7ace7b53f38f3cffbef7c7046a656bee66245eb0ed386e2e81 10.37kB / 10.37kB done
#13 sha256:b92e6b9bb1ea9d826e9956fd8d30bf18bc384c130231d74fdf0ba3460c290b0b 1.75kB / 1.75kB done
#13 sha256:5bf8cf1bb031eb18d0ad53aa07efe45199a2c5818f152883ad80e1c45c64362d 5.52kB / 5.52kB done
#13 sha256:6b37362b3da78869050b894b799ad4df04f1f3b52774087db0d81151570244c8 29.83MB / 29.83MB 0.3s done
#13 sha256:49ae429f6151335a53305bc42db15361f1bd47811fb1660ea5b665ff08d17666 4.27MB / 4.27MB 0.1s done
#13 sha256:b14f2539d39c701eb33cb2f8c26199e904da2850a54e1bf40eb73f915bd57896 249B / 249B 0.3s done
#13 extracting sha256:6b37362b3da78869050b894b799ad4df04f1f3b52774087db0d81151570244c8 0.9s done
#13 extracting sha256:49ae429f6151335a53305bc42db15361f1bd47811fb1660ea5b665ff08d17666 0.3s done
#13 extracting sha256:7e7563f2ddb63441774cb88bb68bab20ca9a79267a9982ea921419c1a6910b8c 0.5s done
#13 extracting sha256:b14f2539d39c701eb33cb2f8c26199e904da2850a54e1bf40eb73f915bd57896 done
#13 DONE 7.3s

#14 [airlock stage-2  2/11] WORKDIR /app
#14 DONE 0.0s

#15 [airlock sqlite-runtime 2/6] WORKDIR /build
#15 DONE 0.0s

#16 [agent sqlite-runtime 3/6] RUN apt-get update && apt-get install -y --no-install-recommends build-essential ca-certificates && rm -rf /var/lib/apt/lists/*
#16 0.150 Hit:1 http://deb.debian.org/debian trixie InRelease
#16 0.150 Get:2 http://deb.debian.org/debian trixie-updates InRelease [47.3 kB]
#16 0.152 Get:3 http://deb.debian.org/debian-security trixie-security InRelease [43.4 kB]
#16 0.171 Get:4 http://deb.debian.org/debian trixie/main amd64 Packages [9678 kB]
#16 0.219 Get:5 http://deb.debian.org/debian trixie-updates/main amd64 Packages [4412 B]
#16 0.219 Get:6 http://deb.debian.org/debian-security trixie-security/main amd64 Packages [264 kB]
#16 0.846 Fetched 10.0 MB in 1s (13.9 MB/s)
#16 0.846 Reading package lists...
#16 1.407 Reading package lists...
#16 1.958 Building dependency tree...
#16 2.126 Reading state information...
#16 2.292 ca-certificates is already the newest version (20250419).
#16 2.292 The following additional packages will be installed:
#16 2.292   binutils binutils-common binutils-x86-64-linux-gnu bzip2 cpp cpp-14
#16 2.292   cpp-14-x86-64-linux-gnu cpp-x86-64-linux-gnu dpkg-dev g++ g++-14
#16 2.293   g++-14-x86-64-linux-gnu g++-x86-64-linux-gnu gcc gcc-14
#16 2.293   gcc-14-x86-64-linux-gnu gcc-x86-64-linux-gnu libasan8 libatomic1 libbinutils
#16 2.293   libc-dev-bin libc6-dev libcc1-0 libcrypt-dev libctf-nobfd0 libctf0
#16 2.293   libdpkg-perl libgcc-14-dev libgdbm-compat4t64 libgomp1 libgprofng0
#16 2.293   libhwasan0 libisl23 libitm1 libjansson4 liblsan0 libmpc3 libmpfr6
#16 2.293   libperl5.40 libquadmath0 libsframe1 libstdc++-14-dev libtsan2 libubsan1
#16 2.293   linux-libc-dev make patch perl perl-modules-5.40 rpcsvc-proto xz-utils
#16 2.293 Suggested packages:
#16 2.293   binutils-doc gprofng-gui binutils-gold bzip2-doc cpp-doc gcc-14-locales
#16 2.293   cpp-14-doc debian-keyring debian-tag2upload-keyring g++-multilib
#16 2.293   g++-14-multilib gcc-14-doc gcc-multilib manpages-dev autoconf automake
#16 2.293   libtool flex bison gdb gcc-doc gcc-14-multilib gdb-x86-64-linux-gnu
#16 2.293   libc-devtools glibc-doc sq | sqop | rsop | gosop | pgpainless-cli | gpg-sq
#16 2.293   | gnupg sensible-utils git bzr libstdc++-14-doc make-doc ed diffutils-doc
#16 2.293   perl-doc libterm-readline-gnu-perl | libterm-readline-perl-perl
#16 2.293   libtap-harness-archive-perl
#16 2.293 Recommended packages:
#16 2.293   fakeroot sq | sqop | rsop | gosop | pgpainless-cli | gpg-sq | gnupg
#16 2.293   libalgorithm-merge-perl manpages manpages-dev libfile-fcntllock-perl
#16 2.293   liblocale-gettext-perl
#16 2.479 The following NEW packages will be installed:
#16 2.480   binutils binutils-common binutils-x86-64-linux-gnu build-essential bzip2 cpp
#16 2.480   cpp-14 cpp-14-x86-64-linux-gnu cpp-x86-64-linux-gnu dpkg-dev g++ g++-14
#16 2.480   g++-14-x86-64-linux-gnu g++-x86-64-linux-gnu gcc gcc-14
#16 2.480   gcc-14-x86-64-linux-gnu gcc-x86-64-linux-gnu libasan8 libatomic1 libbinutils
#16 2.480   libc-dev-bin libc6-dev libcc1-0 libcrypt-dev libctf-nobfd0 libctf0
#16 2.481   libdpkg-perl libgcc-14-dev libgdbm-compat4t64 libgomp1 libgprofng0
#16 2.481   libhwasan0 libisl23 libitm1 libjansson4 liblsan0 libmpc3 libmpfr6
#16 2.481   libperl5.40 libquadmath0 libsframe1 libstdc++-14-dev libtsan2 libubsan1
#16 2.481   linux-libc-dev make patch perl perl-modules-5.40 rpcsvc-proto xz-utils
#16 2.545 0 upgraded, 52 newly installed, 0 to remove and 1 not upgraded.
#16 2.545 Need to get 82.6 MB of archives.
#16 2.545 After this operation, 336 MB of additional disk space will be used.
#16 2.545 Get:1 http://deb.debian.org/debian trixie/main amd64 bzip2 amd64 1.0.8-6 [40.5 kB]
#16 2.547 Get:2 http://deb.debian.org/debian trixie/main amd64 perl-modules-5.40 all 5.40.1-6+deb13u1 [3014 kB]
#16 2.565 Get:3 http://deb.debian.org/debian trixie/main amd64 libgdbm-compat4t64 amd64 1.24-2 [50.3 kB]
#16 2.566 Get:4 http://deb.debian.org/debian trixie/main amd64 libperl5.40 amd64 5.40.1-6+deb13u1 [4326 kB]
#16 2.578 Get:5 http://deb.debian.org/debian trixie/main amd64 perl amd64 5.40.1-6+deb13u1 [268 kB]
#16 2.579 Get:6 http://deb.debian.org/debian trixie/main amd64 xz-utils amd64 5.8.1-1+deb13u1 [659 kB]
#16 2.581 Get:7 http://deb.debian.org/debian trixie/main amd64 libsframe1 amd64 2.44-3 [78.4 kB]
#16 2.582 Get:8 http://deb.debian.org/debian trixie/main amd64 binutils-common amd64 2.44-3 [2509 kB]
#16 2.589 Get:9 http://deb.debian.org/debian trixie/main amd64 libbinutils amd64 2.44-3 [534 kB]
#16 2.591 Get:10 http://deb.debian.org/debian trixie/main amd64 libgprofng0 amd64 2.44-3 [808 kB]
#16 2.594 Get:11 http://deb.debian.org/debian trixie/main amd64 libctf-nobfd0 amd64 2.44-3 [156 kB]
#16 2.595 Get:12 http://deb.debian.org/debian trixie/main amd64 libctf0 amd64 2.44-3 [88.6 kB]
#16 2.597 Get:13 http://deb.debian.org/debian trixie/main amd64 libjansson4 amd64 2.14-2+b3 [39.8 kB]
#16 2.597 Get:14 http://deb.debian.org/debian trixie/main amd64 binutils-x86-64-linux-gnu amd64 2.44-3 [1014 kB]
#16 2.599 Get:15 http://deb.debian.org/debian trixie/main amd64 binutils amd64 2.44-3 [265 kB]
#16 2.600 Get:16 http://deb.debian.org/debian trixie/main amd64 libc-dev-bin amd64 2.41-12+deb13u4 [60.0 kB]
#16 2.602 Get:17 http://deb.debian.org/debian-security trixie-security/main amd64 linux-libc-dev all 6.12.111-1 [2988 kB]
#16 2.608 Get:18 http://deb.debian.org/debian trixie/main amd64 libcrypt-dev amd64 1:4.4.38-1 [119 kB]
#16 2.609 Get:19 http://deb.debian.org/debian trixie/main amd64 rpcsvc-proto amd64 1.4.3-1 [63.3 kB]
#16 2.609 Get:20 http://deb.debian.org/debian trixie/main amd64 libc6-dev amd64 2.41-12+deb13u4 [1995 kB]
#16 2.615 Get:21 http://deb.debian.org/debian trixie/main amd64 libisl23 amd64 0.27-1 [659 kB]
#16 2.617 Get:22 http://deb.debian.org/debian trixie/main amd64 libmpfr6 amd64 4.2.2-1 [729 kB]
#16 2.619 Get:23 http://deb.debian.org/debian trixie/main amd64 libmpc3 amd64 1.3.1-1+b3 [52.2 kB]
#16 2.619 Get:24 http://deb.debian.org/debian trixie/main amd64 cpp-14-x86-64-linux-gnu amd64 14.2.0-19 [11.0 MB]
#16 2.652 Get:25 http://deb.debian.org/debian trixie/main amd64 cpp-14 amd64 14.2.0-19 [1280 B]
#16 2.652 Get:26 http://deb.debian.org/debian trixie/main amd64 cpp-x86-64-linux-gnu amd64 4:14.2.0-1 [4840 B]
#16 2.652 Get:27 http://deb.debian.org/debian trixie/main amd64 cpp amd64 4:14.2.0-1 [1568 B]
#16 2.653 Get:28 http://deb.debian.org/debian trixie/main amd64 libcc1-0 amd64 14.2.0-19 [42.8 kB]
#16 2.653 Get:29 http://deb.debian.org/debian trixie/main amd64 libgomp1 amd64 14.2.0-19 [137 kB]
#16 2.654 Get:30 http://deb.debian.org/debian trixie/main amd64 libitm1 amd64 14.2.0-19 [26.0 kB]
#16 2.655 Get:31 http://deb.debian.org/debian trixie/main amd64 libatomic1 amd64 14.2.0-19 [9308 B]
#16 2.655 Get:32 http://deb.debian.org/debian trixie/main amd64 libasan8 amd64 14.2.0-19 [2725 kB]
#16 2.662 Get:33 http://deb.debian.org/debian trixie/main amd64 liblsan0 amd64 14.2.0-19 [1204 kB]
#16 2.666 Get:34 http://deb.debian.org/debian trixie/main amd64 libtsan2 amd64 14.2.0-19 [2460 kB]
#16 2.674 Get:35 http://deb.debian.org/debian trixie/main amd64 libubsan1 amd64 14.2.0-19 [1074 kB]
#16 2.677 Get:36 http://deb.debian.org/debian trixie/main amd64 libhwasan0 amd64 14.2.0-19 [1488 kB]
#16 2.684 Get:37 http://deb.debian.org/debian trixie/main amd64 libquadmath0 amd64 14.2.0-19 [145 kB]
#16 2.685 Get:38 http://deb.debian.org/debian trixie/main amd64 libgcc-14-dev amd64 14.2.0-19 [2672 kB]
#16 2.694 Get:39 http://deb.debian.org/debian trixie/main amd64 gcc-14-x86-64-linux-gnu amd64 14.2.0-19 [21.4 MB]
#16 2.775 Get:40 http://deb.debian.org/debian trixie/main amd64 gcc-14 amd64 14.2.0-19 [540 kB]
#16 2.779 Get:41 http://deb.debian.org/debian trixie/main amd64 gcc-x86-64-linux-gnu amd64 4:14.2.0-1 [1436 B]
#16 2.779 Get:42 http://deb.debian.org/debian trixie/main amd64 gcc amd64 4:14.2.0-1 [5136 B]
#16 2.781 Get:43 http://deb.debian.org/debian trixie/main amd64 libstdc++-14-dev amd64 14.2.0-19 [2376 kB]
#16 2.790 Get:44 http://deb.debian.org/debian trixie/main amd64 g++-14-x86-64-linux-gnu amd64 14.2.0-19 [12.1 MB]
#16 2.894 Get:45 http://deb.debian.org/debian trixie/main amd64 g++-14 amd64 14.2.0-19 [22.5 kB]
#16 2.894 Get:46 http://deb.debian.org/debian trixie/main amd64 g++-x86-64-linux-gnu amd64 4:14.2.0-1 [1200 B]
#16 2.895 Get:47 http://deb.debian.org/debian trixie/main amd64 g++ amd64 4:14.2.0-1 [1344 B]
#16 2.895 Get:48 http://deb.debian.org/debian trixie/main amd64 make amd64 4.4.1-2 [463 kB]
#16 2.896 Get:49 http://deb.debian.org/debian trixie/main amd64 libdpkg-perl all 1.22.22 [651 kB]
#16 2.898 Get:50 http://deb.debian.org/debian trixie/main amd64 patch amd64 2.8-2 [134 kB]
#16 2.899 Get:51 http://deb.debian.org/debian trixie/main amd64 dpkg-dev all 1.22.22 [1337 kB]
#16 2.903 Get:52 http://deb.debian.org/debian trixie/main amd64 build-essential amd64 12.12 [4624 B]
#16 3.084 debconf: unable to initialize frontend: Dialog
#16 3.084 debconf: (TERM is not set, so the dialog frontend is not usable.)
#16 3.084 debconf: falling back to frontend: Readline
#16 3.084 debconf: unable to initialize frontend: Readline
#16 3.084 debconf: (Can't locate Term/ReadLine.pm in @INC (you may need to install the Term::ReadLine module) (@INC entries checked: /etc/perl /usr/local/lib/x86_64-linux-gnu/perl/5.40.1 /usr/local/share/perl/5.40.1 /usr/lib/x86_64-linux-gnu/perl5/5.40 /usr/share/perl5 /usr/lib/x86_64-linux-gnu/perl-base /usr/lib/x86_64-linux-gnu/perl/5.40 /usr/share/perl/5.40 /usr/local/lib/site_perl) at /usr/share/perl5/Debconf/FrontEnd/Readline.pm line 8, <STDIN> line 52.)
#16 3.084 debconf: falling back to frontend: Teletype
#16 3.088 debconf: unable to initialize frontend: Teletype
#16 3.088 debconf: (This frontend requires a controlling tty.)
#16 3.088 debconf: falling back to frontend: Noninteractive
#16 4.202 Fetched 82.6 MB in 0s (200 MB/s)
#16 4.213 Selecting previously unselected package bzip2.
#16 4.213 (Reading database ... 
(Reading database ... 5%
(Reading database ... 10%
(Reading database ... 15%
(Reading database ... 20%
(Reading database ... 25%
(Reading database ... 30%
(Reading database ... 35%
(Reading database ... 40%
(Reading database ... 45%
(Reading database ... 50%
(Reading database ... 55%
(Reading database ... 60%
(Reading database ... 65%
(Reading database ... 70%
(Reading database ... 75%
(Reading database ... 80%
(Reading database ... 85%
(Reading database ... 90%
(Reading database ... 95%
(Reading database ... 100%
(Reading database ... 5660 files and directories currently installed.)
#16 4.220 Preparing to unpack .../00-bzip2_1.0.8-6_amd64.deb ...
#16 4.221 Unpacking bzip2 (1.0.8-6) ...
#16 4.236 Selecting previously unselected package perl-modules-5.40.
#16 4.237 Preparing to unpack .../01-perl-modules-5.40_5.40.1-6+deb13u1_all.deb ...
#16 4.238 Unpacking perl-modules-5.40 (5.40.1-6+deb13u1) ...
#16 4.488 Selecting previously unselected package libgdbm-compat4t64:amd64.
#16 4.490 Preparing to unpack .../02-libgdbm-compat4t64_1.24-2_amd64.deb ...
#16 4.491 Unpacking libgdbm-compat4t64:amd64 (1.24-2) ...
#16 4.505 Selecting previously unselected package libperl5.40:amd64.
#16 4.506 Preparing to unpack .../03-libperl5.40_5.40.1-6+deb13u1_amd64.deb ...
#16 4.507 Unpacking libperl5.40:amd64 (5.40.1-6+deb13u1) ...
#16 4.710 Selecting previously unselected package perl.
#16 4.711 Preparing to unpack .../04-perl_5.40.1-6+deb13u1_amd64.deb ...
#16 4.716 Unpacking perl (5.40.1-6+deb13u1) ...
#16 4.738 Selecting previously unselected package xz-utils.
#16 4.740 Preparing to unpack .../05-xz-utils_5.8.1-1+deb13u1_amd64.deb ...
#16 4.741 Unpacking xz-utils (5.8.1-1+deb13u1) ...
#16 4.770 Selecting previously unselected package libsframe1:amd64.
#16 4.771 Preparing to unpack .../06-libsframe1_2.44-3_amd64.deb ...
#16 4.772 Unpacking libsframe1:amd64 (2.44-3) ...
#16 4.785 Selecting previously unselected package binutils-common:amd64.
#16 4.787 Preparing to unpack .../07-binutils-common_2.44-3_amd64.deb ...
#16 4.788 Unpacking binutils-common:amd64 (2.44-3) ...
#16 4.896 Selecting previously unselected package libbinutils:amd64.
#16 4.898 Preparing to unpack .../08-libbinutils_2.44-3_amd64.deb ...
#16 4.899 Unpacking libbinutils:amd64 (2.44-3) ...
#16 4.938 Selecting previously unselected package libgprofng0:amd64.
#16 4.940 Preparing to unpack .../09-libgprofng0_2.44-3_amd64.deb ...
#16 4.940 Unpacking libgprofng0:amd64 (2.44-3) ...
#16 4.991 Selecting previously unselected package libctf-nobfd0:amd64.
#16 4.992 Preparing to unpack .../10-libctf-nobfd0_2.44-3_amd64.deb ...
#16 4.993 Unpacking libctf-nobfd0:amd64 (2.44-3) ...
#16 5.011 Selecting previously unselected package libctf0:amd64.
#16 5.012 Preparing to unpack .../11-libctf0_2.44-3_amd64.deb ...
#16 5.013 Unpacking libctf0:amd64 (2.44-3) ...
#16 5.040 Selecting previously unselected package libjansson4:amd64.
#16 5.042 Preparing to unpack .../12-libjansson4_2.14-2+b3_amd64.deb ...
#16 5.043 Unpacking libjansson4:amd64 (2.14-2+b3) ...
#16 ...

#12 [airlock console 4/8] RUN npm ci
#12 5.991 
#12 5.991 added 24 packages, and audited 25 packages in 6s
#12 5.991 
#12 5.991 6 packages are looking for funding
#12 5.991   run `npm fund` for details
#12 5.992 
#12 5.992 found 0 vulnerabilities
#12 5.992 npm notice
#12 5.992 npm notice New major version of npm available! 10.9.9 -> 12.2.0
#12 5.992 npm notice Changelog: https://github.com/npm/cli/releases/tag/v12.2.0
#12 5.992 npm notice To update run: npm install -g npm@12.2.0
#12 5.992 npm notice
#12 DONE 8.8s

#17 [agent console 5/8] COPY frontend frontend
#17 DONE 0.1s

#18 [agent console 6/8] COPY airlock/static airlock/static
#18 DONE 0.0s

#19 [agent console 7/8] COPY scripts/package_console.mjs scripts/package_console.mjs
#19 DONE 0.0s

#20 [airlock console 8/8] RUN npm run build
#20 0.200 
#20 0.200 > airlock-review-console@0.1.0 build
#20 0.200 > next build frontend --webpack && node scripts/package_console.mjs
#20 0.200 
#20 0.513 ▲ Next.js 16.3.8 (webpack)
#20 0.527 ✓ Running next.config.mjs took 14ms
#20 0.544 
#20 0.562   Creating an optimized production build ...
#20 ...

#16 [airlock sqlite-runtime 3/6] RUN apt-get update && apt-get install -y --no-install-recommends build-essential ca-certificates && rm -rf /var/lib/apt/lists/*
#16 5.481 Selecting previously unselected package binutils-x86-64-linux-gnu.
#16 5.483 Preparing to unpack .../13-binutils-x86-64-linux-gnu_2.44-3_amd64.deb ...
#16 5.483 Unpacking binutils-x86-64-linux-gnu (2.44-3) ...
#16 6.422 Selecting previously unselected package binutils.
#16 6.422 Preparing to unpack .../14-binutils_2.44-3_amd64.deb ...
#16 6.471 Unpacking binutils (2.44-3) ...
#16 6.694 Selecting previously unselected package libc-dev-bin.
#16 6.694 Preparing to unpack .../15-libc-dev-bin_2.41-12+deb13u4_amd64.deb ...
#16 6.724 Unpacking libc-dev-bin (2.41-12+deb13u4) ...
#16 6.964 Selecting previously unselected package linux-libc-dev.
#16 6.965 Preparing to unpack .../16-linux-libc-dev_6.12.111-1_all.deb ...
#16 6.974 Unpacking linux-libc-dev (6.12.111-1) ...
#16 7.326 Selecting previously unselected package libcrypt-dev:amd64.
#16 7.328 Preparing to unpack .../17-libcrypt-dev_1%3a4.4.38-1_amd64.deb ...
#16 7.337 Unpacking libcrypt-dev:amd64 (1:4.4.38-1) ...
#16 7.722 Selecting previously unselected package rpcsvc-proto.
#16 7.724 Preparing to unpack .../18-rpcsvc-proto_1.4.3-1_amd64.deb ...
#16 7.793 Unpacking rpcsvc-proto (1.4.3-1) ...
#16 7.943 Selecting previously unselected package libc6-dev:amd64.
#16 7.945 Preparing to unpack .../19-libc6-dev_2.41-12+deb13u4_amd64.deb ...
#16 7.952 Unpacking libc6-dev:amd64 (2.41-12+deb13u4) ...
#16 8.232 Selecting previously unselected package libisl23:amd64.
#16 8.234 Preparing to unpack .../20-libisl23_0.27-1_amd64.deb ...
#16 8.242 Unpacking libisl23:amd64 (0.27-1) ...
#16 8.323 Selecting previously unselected package libmpfr6:amd64.
#16 8.325 Preparing to unpack .../21-libmpfr6_4.2.2-1_amd64.deb ...
#16 8.326 Unpacking libmpfr6:amd64 (4.2.2-1) ...
#16 8.431 Selecting previously unselected package libmpc3:amd64.
#16 8.432 Preparing to unpack .../22-libmpc3_1.3.1-1+b3_amd64.deb ...
#16 8.433 Unpacking libmpc3:amd64 (1.3.1-1+b3) ...
#16 8.461 Selecting previously unselected package cpp-14-x86-64-linux-gnu.
#16 8.461 Preparing to unpack .../23-cpp-14-x86-64-linux-gnu_14.2.0-19_amd64.deb ...
#16 8.462 Unpacking cpp-14-x86-64-linux-gnu (14.2.0-19) ...
#16 8.805 Selecting previously unselected package cpp-14.
#16 8.807 Preparing to unpack .../24-cpp-14_14.2.0-19_amd64.deb ...
#16 8.816 Unpacking cpp-14 (14.2.0-19) ...
#16 8.827 Selecting previously unselected package cpp-x86-64-linux-gnu.
#16 8.828 Preparing to unpack .../25-cpp-x86-64-linux-gnu_4%3a14.2.0-1_amd64.deb ...
#16 8.829 Unpacking cpp-x86-64-linux-gnu (4:14.2.0-1) ...
#16 8.841 Selecting previously unselected package cpp.
#16 8.842 Preparing to unpack .../26-cpp_4%3a14.2.0-1_amd64.deb ...
#16 8.846 Unpacking cpp (4:14.2.0-1) ...
#16 8.857 Selecting previously unselected package libcc1-0:amd64.
#16 8.858 Preparing to unpack .../27-libcc1-0_14.2.0-19_amd64.deb ...
#16 8.859 Unpacking libcc1-0:amd64 (14.2.0-19) ...
#16 8.871 Selecting previously unselected package libgomp1:amd64.
#16 8.872 Preparing to unpack .../28-libgomp1_14.2.0-19_amd64.deb ...
#16 8.873 Unpacking libgomp1:amd64 (14.2.0-19) ...
#16 8.889 Selecting previously unselected package libitm1:amd64.
#16 8.891 Preparing to unpack .../29-libitm1_14.2.0-19_amd64.deb ...
#16 8.891 Unpacking libitm1:amd64 (14.2.0-19) ...
#16 8.930 Selecting previously unselected package libatomic1:amd64.
#16 8.931 Preparing to unpack .../30-libatomic1_14.2.0-19_amd64.deb ...
#16 8.951 Unpacking libatomic1:amd64 (14.2.0-19) ...
#16 8.964 Selecting previously unselected package libasan8:amd64.
#16 8.966 Preparing to unpack .../31-libasan8_14.2.0-19_amd64.deb ...
#16 8.967 Unpacking libasan8:amd64 (14.2.0-19) ...
#16 9.226 Selecting previously unselected package liblsan0:amd64.
#16 9.228 Preparing to unpack .../32-liblsan0_14.2.0-19_amd64.deb ...
#16 9.229 Unpacking liblsan0:amd64 (14.2.0-19) ...
#16 9.285 Selecting previously unselected package libtsan2:amd64.
#16 9.286 Preparing to unpack .../33-libtsan2_14.2.0-19_amd64.deb ...
#16 9.287 Unpacking libtsan2:amd64 (14.2.0-19) ...
#16 9.390 Selecting previously unselected package libubsan1:amd64.
#16 9.392 Preparing to unpack .../34-libubsan1_14.2.0-19_amd64.deb ...
#16 9.392 Unpacking libubsan1:amd64 (14.2.0-19) ...
#16 9.447 Selecting previously unselected package libhwasan0:amd64.
#16 9.449 Preparing to unpack .../35-libhwasan0_14.2.0-19_amd64.deb ...
#16 9.450 Unpacking libhwasan0:amd64 (14.2.0-19) ...
#16 9.547 Selecting previously unselected package libquadmath0:amd64.
#16 9.549 Preparing to unpack .../36-libquadmath0_14.2.0-19_amd64.deb ...
#16 9.550 Unpacking libquadmath0:amd64 (14.2.0-19) ...
#16 9.565 Selecting previously unselected package libgcc-14-dev:amd64.
#16 9.566 Preparing to unpack .../37-libgcc-14-dev_14.2.0-19_amd64.deb ...
#16 9.567 Unpacking libgcc-14-dev:amd64 (14.2.0-19) ...
#16 9.684 Selecting previously unselected package gcc-14-x86-64-linux-gnu.
#16 9.686 Preparing to unpack .../38-gcc-14-x86-64-linux-gnu_14.2.0-19_amd64.deb ...
#16 9.686 Unpacking gcc-14-x86-64-linux-gnu (14.2.0-19) ...
#16 10.20 Selecting previously unselected package gcc-14.
#16 10.20 Preparing to unpack .../39-gcc-14_14.2.0-19_amd64.deb ...
#16 10.20 Unpacking gcc-14 (14.2.0-19) ...
#16 10.22 Selecting previously unselected package gcc-x86-64-linux-gnu.
#16 10.22 Preparing to unpack .../40-gcc-x86-64-linux-gnu_4%3a14.2.0-1_amd64.deb ...
#16 10.22 Unpacking gcc-x86-64-linux-gnu (4:14.2.0-1) ...
#16 10.26 Selecting previously unselected package gcc.
#16 10.26 Preparing to unpack .../41-gcc_4%3a14.2.0-1_amd64.deb ...
#16 10.26 Unpacking gcc (4:14.2.0-1) ...
#16 10.28 Selecting previously unselected package libstdc++-14-dev:amd64.
#16 10.28 Preparing to unpack .../42-libstdc++-14-dev_14.2.0-19_amd64.deb ...
#16 10.28 Unpacking libstdc++-14-dev:amd64 (14.2.0-19) ...
#16 10.53 Selecting previously unselected package g++-14-x86-64-linux-gnu.
#16 10.53 Preparing to unpack .../43-g++-14-x86-64-linux-gnu_14.2.0-19_amd64.deb ...
#16 10.53 Unpacking g++-14-x86-64-linux-gnu (14.2.0-19) ...
#16 10.94 Selecting previously unselected package g++-14.
#16 10.94 Preparing to unpack .../44-g++-14_14.2.0-19_amd64.deb ...
#16 10.94 Unpacking g++-14 (14.2.0-19) ...
#16 10.96 Selecting previously unselected package g++-x86-64-linux-gnu.
#16 10.96 Preparing to unpack .../45-g++-x86-64-linux-gnu_4%3a14.2.0-1_amd64.deb ...
#16 10.96 Unpacking g++-x86-64-linux-gnu (4:14.2.0-1) ...
#16 10.97 Selecting previously unselected package g++.
#16 10.98 Preparing to unpack .../46-g++_4%3a14.2.0-1_amd64.deb ...
#16 10.98 Unpacking g++ (4:14.2.0-1) ...
#16 11.00 Selecting previously unselected package make.
#16 11.00 Preparing to unpack .../47-make_4.4.1-2_amd64.deb ...
#16 11.00 Unpacking make (4.4.1-2) ...
#16 11.03 Selecting previously unselected package libdpkg-perl.
#16 11.03 Preparing to unpack .../48-libdpkg-perl_1.22.22_all.deb ...
#16 11.04 Unpacking libdpkg-perl (1.22.22) ...
#16 11.07 Selecting previously unselected package patch.
#16 11.07 Preparing to unpack .../49-patch_2.8-2_amd64.deb ...
#16 11.07 Unpacking patch (2.8-2) ...
#16 11.10 Selecting previously unselected package dpkg-dev.
#16 11.10 Preparing to unpack .../50-dpkg-dev_1.22.22_all.deb ...
#16 11.10 Unpacking dpkg-dev (1.22.22) ...
#16 11.15 Selecting previously unselected package build-essential.
#16 11.15 Preparing to unpack .../51-build-essential_12.12_amd64.deb ...
#16 11.15 Unpacking build-essential (12.12) ...
#16 11.19 Setting up libgdbm-compat4t64:amd64 (1.24-2) ...
#16 11.20 Setting up binutils-common:amd64 (2.44-3) ...
#16 11.20 Setting up linux-libc-dev (6.12.111-1) ...
#16 11.20 Setting up libctf-nobfd0:amd64 (2.44-3) ...
#16 11.20 Setting up libgomp1:amd64 (14.2.0-19) ...
#16 11.20 Setting up bzip2 (1.0.8-6) ...
#16 11.21 Setting up libsframe1:amd64 (2.44-3) ...
#16 11.21 Setting up libjansson4:amd64 (2.14-2+b3) ...
#16 11.21 Setting up rpcsvc-proto (1.4.3-1) ...
#16 11.22 Setting up make (4.4.1-2) ...
#16 11.22 Setting up libmpfr6:amd64 (4.2.2-1) ...
#16 11.22 Setting up xz-utils (5.8.1-1+deb13u1) ...
#16 11.23 update-alternatives: using /usr/bin/xz to provide /usr/bin/lzma (lzma) in auto mode
#16 11.23 update-alternatives: warning: skip creation of /usr/share/man/man1/lzma.1.gz because associated file /usr/share/man/man1/xz.1.gz (of link group lzma) doesn't exist
#16 11.23 update-alternatives: warning: skip creation of /usr/share/man/man1/unlzma.1.gz because associated file /usr/share/man/man1/unxz.1.gz (of link group lzma) doesn't exist
#16 11.23 update-alternatives: warning: skip creation of /usr/share/man/man1/lzcat.1.gz because associated file /usr/share/man/man1/xzcat.1.gz (of link group lzma) doesn't exist
#16 11.23 update-alternatives: warning: skip creation of /usr/share/man/man1/lzmore.1.gz because associated file /usr/share/man/man1/xzmore.1.gz (of link group lzma) doesn't exist
#16 11.24 update-alternatives: warning: skip creation of /usr/share/man/man1/lzless.1.gz because associated file /usr/share/man/man1/xzless.1.gz (of link group lzma) doesn't exist
#16 11.24 update-alternatives: warning: skip creation of /usr/share/man/man1/lzdiff.1.gz because associated file /usr/share/man/man1/xzdiff.1.gz (of link group lzma) doesn't exist
#16 11.24 update-alternatives: warning: skip creation of /usr/share/man/man1/lzcmp.1.gz because associated file /usr/share/man/man1/xzcmp.1.gz (of link group lzma) doesn't exist
#16 11.24 update-alternatives: warning: skip creation of /usr/share/man/man1/lzgrep.1.gz because associated file /usr/share/man/man1/xzgrep.1.gz (of link group lzma) doesn't exist
#16 11.24 update-alternatives: warning: skip creation of /usr/share/man/man1/lzegrep.1.gz because associated file /usr/share/man/man1/xzegrep.1.gz (of link group lzma) doesn't exist
#16 11.24 update-alternatives: warning: skip creation of /usr/share/man/man1/lzfgrep.1.gz because associated file /usr/share/man/man1/xzfgrep.1.gz (of link group lzma) doesn't exist
#16 11.24 Setting up libquadmath0:amd64 (14.2.0-19) ...
#16 11.24 Setting up libmpc3:amd64 (1.3.1-1+b3) ...
#16 11.25 Setting up libatomic1:amd64 (14.2.0-19) ...
#16 11.25 Setting up patch (2.8-2) ...
#16 11.25 Setting up libubsan1:amd64 (14.2.0-19) ...
#16 11.25 Setting up perl-modules-5.40 (5.40.1-6+deb13u1) ...
#16 11.25 Setting up libhwasan0:amd64 (14.2.0-19) ...
#16 11.25 Setting up libcrypt-dev:amd64 (1:4.4.38-1) ...
#16 11.26 Setting up libasan8:amd64 (14.2.0-19) ...
#16 11.26 Setting up libtsan2:amd64 (14.2.0-19) ...
#16 11.26 Setting up libbinutils:amd64 (2.44-3) ...
#16 11.27 Setting up libisl23:amd64 (0.27-1) ...
#16 11.27 Setting up libc-dev-bin (2.41-12+deb13u4) ...
#16 11.27 Setting up libcc1-0:amd64 (14.2.0-19) ...
#16 11.27 Setting up liblsan0:amd64 (14.2.0-19) ...
#16 11.27 Setting up libitm1:amd64 (14.2.0-19) ...
#16 11.27 Setting up libctf0:amd64 (2.44-3) ...
#16 11.28 Setting up libperl5.40:amd64 (5.40.1-6+deb13u1) ...
#16 11.28 Setting up perl (5.40.1-6+deb13u1) ...
#16 11.28 Setting up libgprofng0:amd64 (2.44-3) ...
#16 11.28 Setting up cpp-14-x86-64-linux-gnu (14.2.0-19) ...
#16 11.28 Setting up libdpkg-perl (1.22.22) ...
#16 11.29 Setting up cpp-14 (14.2.0-19) ...
#16 11.29 Setting up libc6-dev:amd64 (2.41-12+deb13u4) ...
#16 11.29 Setting up libgcc-14-dev:amd64 (14.2.0-19) ...
#16 11.29 Setting up libstdc++-14-dev:amd64 (14.2.0-19) ...
#16 11.29 Setting up binutils-x86-64-linux-gnu (2.44-3) ...
#16 11.29 Setting up cpp-x86-64-linux-gnu (4:14.2.0-1) ...
#16 11.30 Setting up binutils (2.44-3) ...
#16 11.30 Setting up dpkg-dev (1.22.22) ...
#16 11.30 Setting up cpp (4:14.2.0-1) ...
#16 11.31 Setting up gcc-14-x86-64-linux-gnu (14.2.0-19) ...
#16 11.31 Setting up gcc-x86-64-linux-gnu (4:14.2.0-1) ...
#16 11.31 Setting up gcc-14 (14.2.0-19) ...
#16 11.31 Setting up g++-14-x86-64-linux-gnu (14.2.0-19) ...
#16 11.32 Setting up g++-x86-64-linux-gnu (4:14.2.0-1) ...
#16 11.32 Setting up g++-14 (14.2.0-19) ...
#16 11.32 Setting up gcc (4:14.2.0-1) ...
#16 11.33 Setting up g++ (4:14.2.0-1) ...
#16 11.33 update-alternatives: using /usr/bin/g++ to provide /usr/bin/c++ (c++) in auto mode
#16 11.33 Setting up build-essential (12.12) ...
#16 11.33 Processing triggers for libc-bin (2.41-12+deb13u4) ...
#16 DONE 12.6s

#21 [airlock sqlite-runtime 4/6] COPY configs/sqlite-runtime.json configs/sqlite-runtime.json
#21 DONE 0.0s

#22 [airlock sqlite-runtime 5/6] COPY scripts/build_sqlite_runtime.py scripts/build_sqlite_runtime.py
#22 DONE 0.0s

#23 [agent sqlite-runtime 6/6] RUN python scripts/build_sqlite_runtime.py --prefix /opt/airlock-sqlite --output /opt/airlock-sqlite/build-report.json
#23 ...

#20 [airlock console 8/8] RUN npm run build
#20 6.694 ✓ Compiled successfully in 4.6s
#20 6.696   Running TypeScript ...
#20 6.697   Finished TypeScript in 1ms ...
#20 6.699   Collecting page data using 3 workers ...
#20 7.487   Generating static pages using 3 workers (0/3) ...
#20 8.057 ✓ Generating static pages using 3 workers (3/3) in 570ms
#20 8.425   Finalizing page optimization ...
#20 8.425   Collecting build traces ...
#20 14.75 
#20 14.76 Route (app)
#20 14.76 ┌ ○ /
#20 14.76 └ ○ /_not-found
#20 14.76 
#20 14.76 
#20 14.76 ○  (Static)  prerendered as static content
#20 14.76 
#20 14.84 {"framework":"Next.js static export","inline_script_hashes":2,"destination":"/build/airlock/console"}
#20 DONE 15.4s

#23 [agent sqlite-runtime 6/6] RUN python scripts/build_sqlite_runtime.py --prefix /opt/airlock-sqlite --output /opt/airlock-sqlite/build-report.json
#23 27.82 {
#23 27.82   "mode": "official_source_shared_runtime",
#23 27.82   "platform": "Linux-6.17.0-1022-azure-x86_64-with-glibc2.41",
#23 27.82   "pin": {
#23 27.82     "version": "3.53.1",
#23 27.82     "source_id": "2026-05-05 10:34:17 c88b22011a54b4f6fbd149e9f8e4de77658ce58143a1af0e3785e4e6475127e9",
#23 27.82     "archive_url": "https://sqlite.org/2026/sqlite-autoconf-3530100.tar.gz",
#23 27.82     "archive_sha256": "83e6b2020a034e9a7ad4a72feea59e1ad52f162e09cbd26735a3ffb98359fc4f",
#23 27.82     "amalgamation_path": "sqlite-autoconf-3530100/sqlite3.c",
#23 27.82     "amalgamation_sha3_256": "414432ae5719f6cdc485f3927e12c7ad107e2b8c6b434e5df2eadb5312bfabb5",
#23 27.82     "release_reference": "https://sqlite.org/releaselog/3_53_1.html",
#23 27.82     "fix_reference": "https://sqlite.org/wal.html#walresetbug"
#23 27.82   },
#23 27.82   "compiler": "cc (Debian 14.2.0-19) 14.2.0",
#23 27.82   "compiler_flags": [
#23 27.82     "-O2",
#23 27.82     "-fPIC",
#23 27.82     "-shared",
#23 27.82     "-Wl,-soname,libsqlite3.so.0",
#23 27.82     "-DSQLITE_THREADSAFE=1",
#23 27.82     "-DSQLITE_ENABLE_COLUMN_METADATA",
#23 27.82     "-DSQLITE_ENABLE_FTS3",
#23 27.82     "-DSQLITE_ENABLE_FTS5",
#23 27.82     "-DSQLITE_ENABLE_RTREE",
#23 27.82     "-DSQLITE_ENABLE_DBSTAT_VTAB",
#23 27.82     "-DSQLITE_ENABLE_MATH_FUNCTIONS",
#23 27.82     "-DSQLITE_USE_URI=1"
#23 27.82   ],
#23 27.82   "library": "/opt/airlock-sqlite/lib/libsqlite3.so.0",
#23 27.82   "library_sha256": "8fac480a6336553316e0417dad6fc91f32b054396724b34b65f25546637dcd26",
#23 27.82   "verified_python_runtime": {
#23 27.82     "version": "3.53.1",
#23 27.82     "source_id": "2026-05-05 10:34:17 c88b22011a54b4f6fbd149e9f8e4de77658ce58143a1af0e3785e4e6475127e9",
#23 27.82     "compile_options": [
#23 27.82       "ATOMIC_INTRINSICS=1",
#23 27.82       "COMPILER=gcc-14.2.0",
#23 27.82       "DEFAULT_AUTOVACUUM",
#23 27.82       "DEFAULT_CACHE_SIZE=-2000",
#23 27.82       "DEFAULT_FILE_FORMAT=4",
#23 27.82       "DEFAULT_JOURNAL_SIZE_LIMIT=-1",
#23 27.82       "DEFAULT_MMAP_SIZE=0",
#23 27.82       "DEFAULT_PAGE_SIZE=4096",
#23 27.82       "DEFAULT_PCACHE_INITSZ=20",
#23 27.82       "DEFAULT_RECURSIVE_TRIGGERS",
#23 27.82       "DEFAULT_SECTOR_SIZE=4096",
#23 27.82       "DEFAULT_SYNCHRONOUS=2",
#23 27.82       "DEFAULT_WAL_AUTOCHECKPOINT=1000",
#23 27.82       "DEFAULT_WAL_SYNCHRONOUS=2",
#23 27.82       "DEFAULT_WORKER_THREADS=0",
#23 27.82       "DIRECT_OVERFLOW_READ",
#23 27.82       "ENABLE_COLUMN_METADATA",
#23 27.82       "ENABLE_DBSTAT_VTAB",
#23 27.82       "ENABLE_FTS3",
#23 27.82       "ENABLE_FTS5",
#23 27.82       "ENABLE_MATH_FUNCTIONS",
#23 27.82       "ENABLE_RTREE",
#23 27.82       "MALLOC_SOFT_LIMIT=1024",
#23 27.82       "MAX_ATTACHED=10",
#23 27.82       "MAX_COLUMN=2000",
#23 27.82       "MAX_COMPOUND_SELECT=500",
#23 27.82       "MAX_DEFAULT_PAGE_SIZE=8192",
#23 27.82       "MAX_EXPR_DEPTH=1000",
#23 27.82       "MAX_FUNCTION_ARG=1000",
#23 27.82       "MAX_LENGTH=1000000000",
#23 27.82       "MAX_LIKE_PATTERN_LENGTH=50000",
#23 27.82       "MAX_MMAP_SIZE=0x7fff0000",
#23 27.82       "MAX_PAGE_COUNT=0xfffffffe",
#23 27.82       "MAX_PAGE_SIZE=65536",
#23 27.82       "MAX_SQL_LENGTH=1000000000",
#23 27.82       "MAX_TRIGGER_DEPTH=1000",
#23 27.82       "MAX_VARIABLE_NUMBER=32766",
#23 27.82       "MAX_VDBE_OP=250000000",
#23 27.82       "MAX_WORKER_THREADS=8",
#23 27.82       "MUTEX_PTHREADS",
#23 27.82       "SYSTEM_MALLOC",
#23 27.82       "TEMP_STORE=1",
#23 27.82       "THREADSAFE=1",
#23 27.82       "USE_URI"
#23 27.82     ]
#23 27.82   },
#23 27.82   "child_exit_code": 0,
#23 27.82   "system_library_replaced": false
#23 27.82 }
#23 DONE 27.9s

#24 [airlock stage-2  3/11] COPY --from=sqlite-runtime /opt/airlock-sqlite /opt/airlock-sqlite
#24 DONE 0.0s

#25 [agent stage-2  4/11] COPY configs/sqlite-runtime.json configs/sqlite-runtime.json
#25 DONE 0.0s

#26 [agent stage-2  5/11] RUN printf '%s\n' /opt/airlock-sqlite/lib > /etc/ld.so.conf.d/00-airlock-sqlite.conf && ldconfig
#26 DONE 0.1s

#27 [airlock stage-2  6/11] COPY requirements.txt requirements.txt
#27 DONE 0.0s

#28 [airlock stage-2  7/11] RUN pip install --no-cache-dir -r requirements.txt && useradd --uid 10001 --create-home airlock && mkdir /data && chown 10001:10001 /data
#28 1.111 Collecting fastapi==0.142.2 (from -r requirements.txt (line 1))
#28 1.143   Downloading fastapi-0.142.2-py3-none-any.whl.metadata (27 kB)
#28 1.161 Collecting starlette==1.7.0 (from -r requirements.txt (line 2))
#28 1.163   Downloading starlette-1.7.0-py3-none-any.whl.metadata (6.6 kB)
#28 1.229 Collecting pydantic==2.13.5 (from -r requirements.txt (line 3))
#28 1.232   Downloading pydantic-2.13.5-py3-none-any.whl.metadata (110 kB)
#28 1.252 Collecting uvicorn==0.48.0 (from -r requirements.txt (line 4))
#28 1.256   Downloading uvicorn-0.48.0-py3-none-any.whl.metadata (6.7 kB)
#28 1.267 Collecting httpx==0.28.1 (from -r requirements.txt (line 5))
#28 1.269   Downloading httpx-0.28.1-py3-none-any.whl.metadata (7.1 kB)
#28 1.279 Collecting httpcore==1.0.9 (from -r requirements.txt (line 6))
#28 1.282   Downloading httpcore-1.0.9-py3-none-any.whl.metadata (21 kB)
#28 1.292 Collecting cel-python==0.4.0 (from -r requirements.txt (line 7))
#28 1.297   Downloading cel_python-0.4.0-py3-none-any.whl.metadata (8.5 kB)
#28 1.318 Collecting PyYAML==6.0.3 (from -r requirements.txt (line 8))
#28 1.321   Downloading pyyaml-6.0.3-cp313-cp313-manylinux2014_x86_64.manylinux_2_17_x86_64.manylinux_2_28_x86_64.whl.metadata (2.4 kB)
#28 1.329 Collecting PyJWT==2.15.1 (from -r requirements.txt (line 9))
#28 1.332   Downloading pyjwt-2.15.1-py3-none-any.whl.metadata (3.5 kB)
#28 1.443 Collecting cryptography==50.0.2 (from -r requirements.txt (line 10))
#28 1.446   Downloading cryptography-50.0.2-cp311-abi3-manylinux_2_34_x86_64.whl.metadata (4.4 kB)
#28 1.457 Collecting typing-extensions>=4.8.0 (from fastapi==0.142.2->-r requirements.txt (line 1))
#28 1.459   Downloading typing_extensions-4.16.0-py3-none-any.whl.metadata (3.3 kB)
#28 1.466 Collecting typing-inspection>=0.4.2 (from fastapi==0.142.2->-r requirements.txt (line 1))
#28 1.470   Downloading typing_inspection-0.4.4-py3-none-any.whl.metadata (2.6 kB)
#28 1.476 Collecting annotated-doc>=0.0.2 (from fastapi==0.142.2->-r requirements.txt (line 1))
#28 1.481   Downloading annotated_doc-0.0.5-py3-none-any.whl.metadata (6.5 kB)
#28 1.492 Collecting opentelemetry-api>=1.44.0 (from fastapi==0.142.2->-r requirements.txt (line 1))
#28 1.495   Downloading opentelemetry_api-1.45.0-py3-none-any.whl.metadata (1.4 kB)
#28 1.505 Collecting anyio<5,>=4.0.0 (from starlette==1.7.0->-r requirements.txt (line 2))
#28 1.507   Downloading anyio-4.15.1-py3-none-any.whl.metadata (4.7 kB)
#28 1.513 Collecting annotated-types>=0.6.0 (from pydantic==2.13.5->-r requirements.txt (line 3))
#28 1.517   Downloading annotated_types-0.8.0-py3-none-any.whl.metadata (15 kB)
#28 1.934 Collecting pydantic-core==2.46.5 (from pydantic==2.13.5->-r requirements.txt (line 3))
#28 1.937   Downloading pydantic_core-2.46.5-cp313-cp313-manylinux_2_17_x86_64.manylinux2014_x86_64.whl.metadata (6.6 kB)
#28 1.947 Collecting click>=7.0 (from uvicorn==0.48.0->-r requirements.txt (line 4))
#28 1.950   Downloading click-8.5.0-py3-none-any.whl.metadata (2.6 kB)
#28 1.957 Collecting h11>=0.8 (from uvicorn==0.48.0->-r requirements.txt (line 4))
#28 1.959   Downloading h11-0.16.0-py3-none-any.whl.metadata (8.3 kB)
#28 1.970 Collecting certifi (from httpx==0.28.1->-r requirements.txt (line 5))
#28 1.974   Downloading certifi-2026.7.22-py3-none-any.whl.metadata (2.5 kB)
#28 1.982 Collecting idna (from httpx==0.28.1->-r requirements.txt (line 5))
#28 1.985   Downloading idna-3.20-py3-none-any.whl.metadata (7.2 kB)
#28 2.019 Collecting google-re2>=1.1.20240702 (from cel-python==0.4.0->-r requirements.txt (line 7))
#28 2.022   Downloading google_re2-1.1.20251105-1-cp313-cp313-manylinux_2_27_x86_64.manylinux_2_28_x86_64.whl.metadata (2.4 kB)
#28 2.030 Collecting jmespath>=1.0.1 (from cel-python==0.4.0->-r requirements.txt (line 7))
#28 2.033   Downloading jmespath-1.1.0-py3-none-any.whl.metadata (7.6 kB)
#28 2.041 Collecting lark>=1.2.2 (from cel-python==0.4.0->-r requirements.txt (line 7))
#28 2.044   Downloading lark-1.3.1-py3-none-any.whl.metadata (1.8 kB)
#28 2.071 Collecting pendulum>=3.1.0 (from cel-python==0.4.0->-r requirements.txt (line 7))
#28 2.075   Downloading pendulum-3.2.0-cp313-cp313-manylinux_2_17_x86_64.manylinux2014_x86_64.whl.metadata (6.8 kB)
#28 2.142 Collecting cffi>=2.0.0 (from cryptography==50.0.2->-r requirements.txt (line 10))
#28 2.145   Downloading cffi-2.1.1-cp313-cp313-manylinux2014_x86_64.manylinux_2_17_x86_64.whl.metadata (2.5 kB)
#28 2.155 Collecting pycparser (from cffi>=2.0.0->cryptography==50.0.2->-r requirements.txt (line 10))
#28 2.158   Downloading pycparser-3.0-py3-none-any.whl.metadata (8.2 kB)
#28 2.167 Collecting python-dateutil>=2.6 (from pendulum>=3.1.0->cel-python==0.4.0->-r requirements.txt (line 7))
#28 2.175   Downloading python_dateutil-2.9.0.post0-py2.py3-none-any.whl.metadata (8.4 kB)
#28 2.184 Collecting tzdata>=2020.1 (from pendulum>=3.1.0->cel-python==0.4.0->-r requirements.txt (line 7))
#28 2.187   Downloading tzdata-2026.5-py2.py3-none-any.whl.metadata (1.4 kB)
#28 2.196 Collecting six>=1.5 (from python-dateutil>=2.6->pendulum>=3.1.0->cel-python==0.4.0->-r requirements.txt (line 7))
#28 2.199   Downloading six-1.17.0-py2.py3-none-any.whl.metadata (1.7 kB)
#28 2.209 Downloading fastapi-0.142.2-py3-none-any.whl (144 kB)
#28 2.212 Downloading starlette-1.7.0-py3-none-any.whl (78 kB)
#28 2.215 Downloading pydantic-2.13.5-py3-none-any.whl (472 kB)
#28 2.219 Downloading uvicorn-0.48.0-py3-none-any.whl (71 kB)
#28 2.225 Downloading httpx-0.28.1-py3-none-any.whl (73 kB)
#28 2.228 Downloading httpcore-1.0.9-py3-none-any.whl (78 kB)
#28 2.236 Downloading cel_python-0.4.0-py3-none-any.whl (85 kB)
#28 2.243 Downloading pyyaml-6.0.3-cp313-cp313-manylinux2014_x86_64.manylinux_2_17_x86_64.manylinux_2_28_x86_64.whl (801 kB)
#28 2.257    ━━━━━━━━━━━━━━━━━━━━━━━━━━━━━━━━━━━━━━━━ 801.6/801.6 kB 109.6 MB/s  0:00:00
#28 2.260 Downloading pyjwt-2.15.1-py3-none-any.whl (33 kB)
#28 2.263 Downloading cryptography-50.0.2-cp311-abi3-manylinux_2_34_x86_64.whl (4.8 MB)
#28 2.284    ━━━━━━━━━━━━━━━━━━━━━━━━━━━━━━━━━━━━━━━━ 4.8/4.8 MB 237.2 MB/s  0:00:00
#28 2.286 Downloading pydantic_core-2.46.5-cp313-cp313-manylinux_2_17_x86_64.manylinux2014_x86_64.whl (2.1 MB)
#28 2.291    ━━━━━━━━━━━━━━━━━━━━━━━━━━━━━━━━━━━━━━━━ 2.1/2.1 MB 565.1 MB/s  0:00:00
#28 2.294 Downloading anyio-4.15.1-py3-none-any.whl (132 kB)
#28 2.297 Downloading annotated_doc-0.0.5-py3-none-any.whl (5.3 kB)
#28 2.299 Downloading annotated_types-0.8.0-py3-none-any.whl (13 kB)
#28 2.301 Downloading cffi-2.1.1-cp313-cp313-manylinux2014_x86_64.manylinux_2_17_x86_64.whl (221 kB)
#28 2.304 Downloading click-8.5.0-py3-none-any.whl (125 kB)
#28 2.306 Downloading google_re2-1.1.20251105-1-cp313-cp313-manylinux_2_27_x86_64.manylinux_2_28_x86_64.whl (591 kB)
#28 2.310    ━━━━━━━━━━━━━━━━━━━━━━━━━━━━━━━━━━━━━━━━ 591.4/591.4 kB 285.8 MB/s  0:00:00
#28 2.313 Downloading h11-0.16.0-py3-none-any.whl (37 kB)
#28 2.315 Downloading idna-3.20-py3-none-any.whl (69 kB)
#28 2.317 Downloading jmespath-1.1.0-py3-none-any.whl (20 kB)
#28 2.322 Downloading lark-1.3.1-py3-none-any.whl (113 kB)
#28 2.325 Downloading opentelemetry_api-1.45.0-py3-none-any.whl (60 kB)
#28 2.327 Downloading pendulum-3.2.0-cp313-cp313-manylinux_2_17_x86_64.manylinux2014_x86_64.whl (348 kB)
#28 2.331 Downloading python_dateutil-2.9.0.post0-py2.py3-none-any.whl (229 kB)
#28 2.335 Downloading six-1.17.0-py2.py3-none-any.whl (11 kB)
#28 2.337 Downloading typing_extensions-4.16.0-py3-none-any.whl (45 kB)
#28 2.339 Downloading typing_inspection-0.4.4-py3-none-any.whl (14 kB)
#28 2.342 Downloading tzdata-2026.5-py2.py3-none-any.whl (347 kB)
#28 2.345 Downloading certifi-2026.7.22-py3-none-any.whl (136 kB)
#28 2.348 Downloading pycparser-3.0-py3-none-any.whl (48 kB)
#28 2.486 Installing collected packages: tzdata, typing-extensions, six, PyYAML, PyJWT, pycparser, lark, jmespath, idna, h11, google-re2, click, certifi, annotated-types, annotated-doc, uvicorn, typing-inspection, python-dateutil, pydantic-core, opentelemetry-api, httpcore, cffi, anyio, starlette, pydantic, pendulum, httpx, cryptography, fastapi, cel-python
#28 4.142 
#28 4.145 Successfully installed PyJWT-2.15.1 PyYAML-6.0.3 annotated-doc-0.0.5 annotated-types-0.8.0 anyio-4.15.1 cel-python-0.4.0 certifi-2026.7.22 cffi-2.1.1 click-8.5.0 cryptography-50.0.2 fastapi-0.142.2 google-re2-1.1.20251105 h11-0.16.0 httpcore-1.0.9 httpx-0.28.1 idna-3.20 jmespath-1.1.0 lark-1.3.1 opentelemetry-api-1.45.0 pendulum-3.2.0 pycparser-3.0 pydantic-2.13.5 pydantic-core-2.46.5 python-dateutil-2.9.0.post0 six-1.17.0 starlette-1.7.0 typing-extensions-4.16.0 typing-inspection-0.4.4 tzdata-2026.5 uvicorn-0.48.0
#28 4.145 WARNING: Running pip as the 'root' user can result in broken permissions and conflicting behaviour with the system package manager, possibly rendering your system unusable. It is recommended to use a virtual environment instead: https://pip.pypa.io/warnings/venv. Use the --root-user-action option if you know what you are doing and want to suppress this warning.
#28 DONE 4.5s

#29 [agent stage-2  8/11] COPY --chown=10001:10001 airlock airlock
#29 DONE 0.0s

#30 [agent stage-2  9/11] COPY --from=console --chown=10001:10001 /build/airlock/console airlock/console
#30 DONE 0.0s

#31 [airlock stage-2 10/11] COPY --chown=10001:10001 scripts scripts
#31 DONE 0.0s

#32 [agent stage-2 11/11] RUN python -m airlock.sqlite_runtime --pin-file configs/sqlite-runtime.json --build-report /opt/airlock-sqlite/build-report.json --output /opt/airlock-sqlite/linked-report.json
#32 0.226 {
#32 0.226   "version": "3.53.1",
#32 0.226   "source_id": "2026-05-05 10:34:17 c88b22011a54b4f6fbd149e9f8e4de77658ce58143a1af0e3785e4e6475127e9",
#32 0.226   "wal_reset_fix": "upstream_fixed_version",
#32 0.226   "compile_options": [
#32 0.226     "ATOMIC_INTRINSICS=1",
#32 0.226     "COMPILER=gcc-14.2.0",
#32 0.226     "DEFAULT_AUTOVACUUM",
#32 0.226     "DEFAULT_CACHE_SIZE=-2000",
#32 0.226     "DEFAULT_FILE_FORMAT=4",
#32 0.226     "DEFAULT_JOURNAL_SIZE_LIMIT=-1",
#32 0.226     "DEFAULT_MMAP_SIZE=0",
#32 0.226     "DEFAULT_PAGE_SIZE=4096",
#32 0.226     "DEFAULT_PCACHE_INITSZ=20",
#32 0.226     "DEFAULT_RECURSIVE_TRIGGERS",
#32 0.226     "DEFAULT_SECTOR_SIZE=4096",
#32 0.226     "DEFAULT_SYNCHRONOUS=2",
#32 0.226     "DEFAULT_WAL_AUTOCHECKPOINT=1000",
#32 0.226     "DEFAULT_WAL_SYNCHRONOUS=2",
#32 0.226     "DEFAULT_WORKER_THREADS=0",
#32 0.226     "DIRECT_OVERFLOW_READ",
#32 0.226     "ENABLE_COLUMN_METADATA",
#32 0.226     "ENABLE_DBSTAT_VTAB",
#32 0.226     "ENABLE_FTS3",
#32 0.226     "ENABLE_FTS5",
#32 0.226     "ENABLE_MATH_FUNCTIONS",
#32 0.226     "ENABLE_RTREE",
#32 0.226     "MALLOC_SOFT_LIMIT=1024",
#32 0.226     "MAX_ATTACHED=10",
#32 0.226     "MAX_COLUMN=2000",
#32 0.226     "MAX_COMPOUND_SELECT=500",
#32 0.226     "MAX_DEFAULT_PAGE_SIZE=8192",
#32 0.226     "MAX_EXPR_DEPTH=1000",
#32 0.226     "MAX_FUNCTION_ARG=1000",
#32 0.226     "MAX_LENGTH=1000000000",
#32 0.226     "MAX_LIKE_PATTERN_LENGTH=50000",
#32 0.226     "MAX_MMAP_SIZE=0x7fff0000",
#32 0.226     "MAX_PAGE_COUNT=0xfffffffe",
#32 0.226     "MAX_PAGE_SIZE=65536",
#32 0.226     "MAX_SQL_LENGTH=1000000000",
#32 0.226     "MAX_TRIGGER_DEPTH=1000",
#32 0.226     "MAX_VARIABLE_NUMBER=32766",
#32 0.226     "MAX_VDBE_OP=250000000",
#32 0.226     "MAX_WORKER_THREADS=8",
#32 0.226     "MUTEX_PTHREADS",
#32 0.226     "SYSTEM_MALLOC",
#32 0.226     "TEMP_STORE=1",
#32 0.226     "THREADSAFE=1",
#32 0.226     "USE_URI"
#32 0.226   ],
#32 0.226   "python": "3.13.16",
#32 0.226   "sqlite_threadsafety": 3,
#32 0.226   "pin_verified": true,
#32 0.226   "archive_sha256": "83e6b2020a034e9a7ad4a72feea59e1ad52f162e09cbd26735a3ffb98359fc4f",
#32 0.226   "amalgamation_sha3_256": "414432ae5719f6cdc485f3927e12c7ad107e2b8c6b434e5df2eadb5312bfabb5",
#32 0.226   "loaded_shared_library_files": [
#32 0.226     {
#32 0.226       "path": "/opt/airlock-sqlite/lib/libsqlite3.so.0",
#32 0.226       "bytes": 1605768,
#32 0.226       "sha256": "8fac480a6336553316e0417dad6fc91f32b054396724b34b65f25546637dcd26"
#32 0.226     }
#32 0.226   ],
#32 0.226   "loaded_shared_libraries": [
#32 0.226     "/opt/airlock-sqlite/lib/libsqlite3.so.0"
#32 0.226   ],
#32 0.226   "build_report_verified": true,
#32 0.226   "build_report_sha256": "7b06c542bba71858f7499dc24352ea1f0c39e7aa2f6e36dfdf1b17b64a6cdb2f"
#32 0.226 }
#32 DONE 0.2s

#33 [airlock] exporting to image
#33 exporting layers
#33 exporting layers 1.0s done
#33 writing image sha256:b07edf3c8e19ffd39848be05d5043e55a25016834ca37db3f78323c3219ff143 done
#33 naming to docker.io/library/airlock-check-d86eb7335bb5-airlock done
#33 DONE 1.0s

#34 [agent] exporting to image
#34 exporting layers 1.0s done
#34 writing image sha256:b07edf3c8e19ffd39848be05d5043e55a25016834ca37db3f78323c3219ff143 done
#34 naming to docker.io/library/airlock-check-d86eb7335bb5-agent done
#34 DONE 1.0s

#35 [agent] resolving provenance for metadata file
#35 DONE 0.0s

#36 [airlock] resolving provenance for metadata file
#36 DONE 0.0s
 airlock  Built
 agent  Built

 Network airlock-check-d86eb7335bb5_protected  Creating
 Network airlock-check-d86eb7335bb5_protected  Created
 Network airlock-check-d86eb7335bb5_ingress  Creating
 Network airlock-check-d86eb7335bb5_ingress  Created
 Volume "airlock-check-d86eb7335bb5_state"  Creating
 Volume "airlock-check-d86eb7335bb5_state"  Created
 Container airlock-check-d86eb7335bb5-airlock-1  Creating
 Container airlock-check-d86eb7335bb5-airlock-1  Created
 Container airlock-check-d86eb7335bb5-airlock-1  Starting
 Container airlock-check-d86eb7335bb5-airlock-1  Started

df4e0a479b75d96d4c4c1cc2369ef83c9995fece187a5a9c22137e9e69458a26

{"pending_id": "909bdc1ea59a43d986d77be575eda2a5", "uid": 10001, "effective_capabilities": 0, "sqlite_runtime": {"version": "3.53.1", "source_id": "2026-05-05 10:34:17 c88b22011a54b4f6fbd149e9f8e4de77658ce58143a1af0e3785e4e6475127e9", "wal_reset_fix": "upstream_fixed_version", "compile_options": ["ATOMIC_INTRINSICS=1", "COMPILER=gcc-14.2.0", "DEFAULT_AUTOVACUUM", "DEFAULT_CACHE_SIZE=-2000", "DEFAULT_FILE_FORMAT=4", "DEFAULT_JOURNAL_SIZE_LIMIT=-1", "DEFAULT_MMAP_SIZE=0", "DEFAULT_PAGE_SIZE=4096", "DEFAULT_PCACHE_INITSZ=20", "DEFAULT_RECURSIVE_TRIGGERS", "DEFAULT_SECTOR_SIZE=4096", "DEFAULT_SYNCHRONOUS=2", "DEFAULT_WAL_AUTOCHECKPOINT=1000", "DEFAULT_WAL_SYNCHRONOUS=2", "DEFAULT_WORKER_THREADS=0", "DIRECT_OVERFLOW_READ", "ENABLE_COLUMN_METADATA", "ENABLE_DBSTAT_VTAB", "ENABLE_FTS3", "ENABLE_FTS5", "ENABLE_MATH_FUNCTIONS", "ENABLE_RTREE", "MALLOC_SOFT_LIMIT=1024", "MAX_ATTACHED=10", "MAX_COLUMN=2000", "MAX_COMPOUND_SELECT=500", "MAX_DEFAULT_PAGE_SIZE=8192", "MAX_EXPR_DEPTH=1000", "MAX_FUNCTION_ARG=1000", "MAX_LENGTH=1000000000", "MAX_LIKE_PATTERN_LENGTH=50000", "MAX_MMAP_SIZE=0x7fff0000", "MAX_PAGE_COUNT=0xfffffffe", "MAX_PAGE_SIZE=65536", "MAX_SQL_LENGTH=1000000000", "MAX_TRIGGER_DEPTH=1000", "MAX_VARIABLE_NUMBER=32766", "MAX_VDBE_OP=250000000", "MAX_WORKER_THREADS=8", "MUTEX_PTHREADS", "SYSTEM_MALLOC", "TEMP_STORE=1", "THREADSAFE=1", "USE_URI"], "python": "3.13.16", "sqlite_threadsafety": 3, "loaded_shared_library_files": [{"path": "/opt/airlock-sqlite/lib/libsqlite3.so.0", "bytes": 1605768, "sha256": "8fac480a6336553316e0417dad6fc91f32b054396724b34b65f25546637dcd26"}], "build_report_verified": true, "build_report_sha256": "7b06c542bba71858f7499dc24352ea1f0c39e7aa2f6e36dfdf1b17b64a6cdb2f"}, "checks": ["agent_has_no_reviewer_or_audit_secret", "target_database_not_mounted_in_agent", "no_server_config_or_docker_socket", "non_root_read_only_no_capabilities", "agent_cannot_approve_or_read_audit", "SQL_cannot_read_control_tables", "write_waits_for_separate_reviewer", "container_loads_pinned_sqlite_runtime"]}

 Container airlock-check-d86eb7335bb5-airlock-1  Restarting
 Container airlock-check-d86eb7335bb5-airlock-1  Started

 Container airlock-check-d86eb7335bb5-airlock-1  Restarting
 Container airlock-check-d86eb7335bb5-airlock-1  Started

 Container airlock-check-d86eb7335bb5-airlock-1  Stopping
 Container airlock-check-d86eb7335bb5-airlock-1  Stopped
 Container airlock-check-d86eb7335bb5-airlock-1  Removing
 Container airlock-check-d86eb7335bb5-airlock-1  Removed
 Volume airlock-check-d86eb7335bb5_state  Removing
 Network airlock-check-d86eb7335bb5_protected  Removing
 Network airlock-check-d86eb7335bb5_ingress  Removing
 Volume airlock-check-d86eb7335bb5_state  Removed
 Network airlock-check-d86eb7335bb5_protected  Removed
 Network airlock-check-d86eb7335bb5_ingress  Removed
