{
  "status": "BLOCKED_EXTERNAL",
  "human_participants": 0,
  "excluded": [
    {
      "participant_id": "automation-browser",
      "reason": "nonhuman, no consent, duplicate or invalid metadata"
    }
  ],
  "participants": [],
  "acceptance_metrics": null,
  "paired_time_delta": {
    "n": 0,
    "mean": null,
    "ci95": null
  },
  "paired_accuracy_delta": {
    "n": 0,
    "mean": null,
    "ci95": null
  },
  "all_decisions_visible_ms": {
    "n": 0,
    "mean": null,
    "median": null,
    "p95": null
  },
  "correct_decisions": {
    "numerator": 0,
    "denominator": 0,
    "value": null
  },
  "gold_verification": "unverified_browser_supplied_correctness",
  "comprehension_verification": "unverified_browser_supplied_correctness",
  "comprehension_correct": {
    "numerator": 0,
    "denominator": 0,
    "value": null
  },
  "limitations": [
    "No causal efficiency claim without recruitment, business gold, counterbalancing and adequate sample size.",
    "A single participant is a descriptive pilot: repeated decisions do not create independent participants or a population confidence interval.",
    "Exported browser timing and human identity are untrusted telemetry, never authorization.",
    "Visibility duration excludes hidden tabs; correctness is supplied task gold, not a policy guess."
  ]
}
