2026-10-04T01:34:01.763Z	info	otelconftelemetry/tracer.go:47	Internal trace telemetry disabled	{"resource": {"service.instance.id": "07c172a6-6419-4cf6-b3ab-7342765553cb", "service.name": "otelcol", "service.version": "0.162.0"}}
2026-10-04T01:34:01.765Z	info	service@v0.162.0/service.go:233	Starting otelcol...	{"resource": {"service.instance.id": "07c172a6-6419-4cf6-b3ab-7342765553cb", "service.name": "otelcol", "service.version": "0.162.0"}, "Version": "0.162.0", "NumCPU": 4}
2026-10-04T01:34:01.765Z	info	extensions/extensions.go:43	Starting extensions...	{"resource": {"service.instance.id": "07c172a6-6419-4cf6-b3ab-7342765553cb", "service.name": "otelcol", "service.version": "0.162.0"}}
2026-10-04T01:34:01.765Z	info	otlpreceiver@v0.162.0/otlp.go:175	Starting HTTP server	{"resource": {"service.instance.id": "07c172a6-6419-4cf6-b3ab-7342765553cb", "service.name": "otelcol", "service.version": "0.162.0"}, "otelcol.component.id": "otlp", "otelcol.component.kind": "receiver", "endpoint": "[::]:4318"}
2026-10-04T01:34:01.765Z	info	service@v0.162.0/service.go:256	Everything is ready. Begin running and processing data.	{"resource": {"service.instance.id": "07c172a6-6419-4cf6-b3ab-7342765553cb", "service.name": "otelcol", "service.version": "0.162.0"}}
2026-10-04T01:34:01.792Z	info	Traces	{"resource": {"service.instance.id": "07c172a6-6419-4cf6-b3ab-7342765553cb", "service.name": "otelcol", "service.version": "0.162.0"}, "otelcol.component.id": "debug", "otelcol.component.kind": "exporter", "otelcol.signal": "traces", "resource spans": 1, "spans": 1}
2026-10-04T01:34:01.792Z	info	ResourceSpans #0
Resource SchemaURL: 
Resource attributes:
     -> service.name: Str(airlock)
ScopeSpans #0
ScopeSpans SchemaURL: 
InstrumentationScope airlock.audit 1
Span #0
    Trace ID       : b82e2e0a63e44c7eaff6f2aeb6a1b7da
    Parent ID      : 
    ID             : 7b8e7b7ff1db5870
    Name           : action.evaluated
    Kind           : Internal
    Start time     : 2026-10-04 01:34:01.755204441 +0000 UTC
    End time       : 2026-10-04 01:34:01.77135744 +0000 UTC
    Status code    : Unset
    Status message : 
    DroppedAttributesCount: 0
    DroppedEventsCount: 0
    DroppedLinksCount: 0
Attributes:
     -> airlock.action_id: Str(54b0fd08c8814a9c953ae92859426e57)
     -> airlock.state: Str(pending)
     -> airlock.request_id: Str(c33e3b94460a43429fbf9fad3fdec44c)
	{"resource": {"service.instance.id": "07c172a6-6419-4cf6-b3ab-7342765553cb", "service.name": "otelcol", "service.version": "0.162.0"}, "otelcol.component.id": "debug", "otelcol.component.kind": "exporter", "otelcol.signal": "traces"}
