Traceback (most recent call last):
  File "C:\Users\27363\Desktop\airlock\scripts\browser_smoke.py", line 142, in <module>
    asyncio.run(run(args.bridge,args.output))
    ~~~~~~~~~~~^^^^^^^^^^^^^^^^^^^^^^^^^^^^^^
  File "C:\Users\27363\AppData\Roaming\uv\python\cpython-3.13-windows-x86_64-none\Lib\asyncio\runners.py", line 196, in run
    return runner.run(main)
           ~~~~~~~~~~^^^^^^
  File "C:\Users\27363\AppData\Roaming\uv\python\cpython-3.13-windows-x86_64-none\Lib\asyncio\runners.py", line 119, in run
    return self._loop.run_until_complete(task)
           ~~~~~~~~~~~~~~~~~~~~~~~~~~~~~^^^^^^
  File "C:\Users\27363\AppData\Roaming\uv\python\cpython-3.13-windows-x86_64-none\Lib\asyncio\base_events.py", line 726, in run_until_complete
    return future.result()
           ~~~~~~~~~~~~~^^
  File "C:\Users\27363\Desktop\airlock\scripts\browser_smoke.py", line 72, in run
    await page.locator('#credential').fill(keys['AIRLOCK_AGENT_TOKEN'])
  File "C:\Users\27363\Desktop\airlock\.venv\Lib\site-packages\playwright\async_api\_generated.py", line 15949, in fill
    await self._impl_obj.fill(
        value=value, timeout=timeout, noWaitAfter=no_wait_after, force=force
    )
  File "C:\Users\27363\Desktop\airlock\.venv\Lib\site-packages\playwright\_impl\_locator.py", line 215, in fill
    return await self._frame.fill(self._selector, strict=True, **params)
           ^^^^^^^^^^^^^^^^^^^^^^^^^^^^^^^^^^^^^^^^^^^^^^^^^^^^^^^^^^^^^
  File "C:\Users\27363\Desktop\airlock\.venv\Lib\site-packages\playwright\_impl\_frame.py", line 607, in fill
    await self._fill(**locals_to_params(locals()))
  File "C:\Users\27363\Desktop\airlock\.venv\Lib\site-packages\playwright\_impl\_frame.py", line 619, in _fill
    await self._channel.send("fill", self._timeout, locals_to_params(locals()))
  File "C:\Users\27363\Desktop\airlock\.venv\Lib\site-packages\playwright\_impl\_connection.py", line 69, in send
    return await self._connection.wrap_api_call(
           ^^^^^^^^^^^^^^^^^^^^^^^^^^^^^^^^^^^^^
    ...<3 lines>...
    )
    ^
  File "C:\Users\27363\Desktop\airlock\.venv\Lib\site-packages\playwright\_impl\_connection.py", line 559, in wrap_api_call
    raise rewrite_error(error, f"{parsed_st['apiName']}: {error}") from None
playwright._impl._errors.TimeoutError: Locator.fill: Timeout 30000ms exceeded.
Call log:
  - waiting for locator("#credential")

