2026-10-03T01:56:41.680Z	info	otelconftelemetry/tracer.go:47	Internal trace telemetry disabled	{"resource": {"service.instance.id": "4caaff27-7940-4fe6-9fca-407efb3db2d0", "service.name": "otelcol", "service.version": "0.162.0"}}
2026-10-03T01:56:41.682Z	info	service@v0.162.0/service.go:233	Starting otelcol...	{"resource": {"service.instance.id": "4caaff27-7940-4fe6-9fca-407efb3db2d0", "service.name": "otelcol", "service.version": "0.162.0"}, "Version": "0.162.0", "NumCPU": 4}
2026-10-03T01:56:41.682Z	info	extensions/extensions.go:43	Starting extensions...	{"resource": {"service.instance.id": "4caaff27-7940-4fe6-9fca-407efb3db2d0", "service.name": "otelcol", "service.version": "0.162.0"}}
2026-10-03T01:56:41.682Z	info	otlpreceiver@v0.162.0/otlp.go:175	Starting HTTP server	{"resource": {"service.instance.id": "4caaff27-7940-4fe6-9fca-407efb3db2d0", "service.name": "otelcol", "service.version": "0.162.0"}, "otelcol.component.id": "otlp", "otelcol.component.kind": "receiver", "endpoint": "[::]:4318"}
2026-10-03T01:56:41.682Z	info	service@v0.162.0/service.go:256	Everything is ready. Begin running and processing data.	{"resource": {"service.instance.id": "4caaff27-7940-4fe6-9fca-407efb3db2d0", "service.name": "otelcol", "service.version": "0.162.0"}}
2026-10-03T01:56:41.704Z	info	Traces	{"resource": {"service.instance.id": "4caaff27-7940-4fe6-9fca-407efb3db2d0", "service.name": "otelcol", "service.version": "0.162.0"}, "otelcol.component.id": "debug", "otelcol.component.kind": "exporter", "otelcol.signal": "traces", "resource spans": 1, "spans": 1}
2026-10-03T01:56:41.704Z	info	ResourceSpans #0
Resource SchemaURL: 
Resource attributes:
     -> service.name: Str(airlock)
ScopeSpans #0
ScopeSpans SchemaURL: 
InstrumentationScope airlock.audit 1
Span #0
    Trace ID       : 907c0fcdec2d47de8c1b4a3472baf88d
    Parent ID      : 
    ID             : 0944cbb4a32e735a
    Name           : action.evaluated
    Kind           : Internal
    Start time     : 2026-10-03 01:56:41.669929464 +0000 UTC
    End time       : 2026-10-03 01:56:41.684414464 +0000 UTC
    Status code    : Unset
    Status message : 
    DroppedAttributesCount: 0
    DroppedEventsCount: 0
    DroppedLinksCount: 0
Attributes:
     -> airlock.action_id: Str(aa88f20b12f14a7691cb6fc718de8ff6)
     -> airlock.state: Str(pending)
     -> airlock.request_id: Str(e98ed1487e544ea7b3b914f73d740b8d)
	{"resource": {"service.instance.id": "4caaff27-7940-4fe6-9fca-407efb3db2d0", "service.name": "otelcol", "service.version": "0.162.0"}, "otelcol.component.id": "debug", "otelcol.component.kind": "exporter", "otelcol.signal": "traces"}
